 PhysXCooking_64

 Timestamp is 61c0c828 (Mon Dec 20 21:15:04 2021)

 Preferred load address is 0000000180000000

 Start         Length     Name                   Class
 0001:00000000 00000ba0H .text$di                CODE
 0001:00000ba0 00050740H .text$mn                CODE
 0001:000512e0 00000040H .text$mn$00             CODE
 0001:00051320 00000100H .text$x                 CODE
 0002:00000000 00000270H .idata$5                DATA
 0002:00000270 00000028H .00cfg                  DATA
 0002:00000298 00000008H .CRT$XCA                DATA
 0002:000002a0 000001f0H .CRT$XCU                DATA
 0002:00000490 00000008H .CRT$XCZ                DATA
 0002:00000498 00000008H .CRT$XIA                DATA
 0002:000004a0 00000008H .CRT$XIZ                DATA
 0002:000004a8 00000008H .CRT$XPA                DATA
 0002:000004b0 00000008H .CRT$XPZ                DATA
 0002:000004b8 00000008H .CRT$XTA                DATA
 0002:000004c0 00000010H .CRT$XTZ                DATA
 0002:000004c8 00000000H .gehcont$y              DATA
 0002:000004c8 00000000H .gfids$y                DATA
 0002:000004d0 00004cb0H .rdata                  DATA
 0002:00005180 00000008H .rdata$CastGuardVftablesA DATA
 0002:00005188 00000008H .rdata$CastGuardVftablesC DATA
 0002:00005190 00000074H .rdata$r                DATA
 0002:00005204 00000024H .rdata$voltmd           DATA
 0002:00005228 00000438H .rdata$zzzdbg           DATA
 0002:00005660 00000008H .rtc$IAA                DATA
 0002:00005668 000000a0H .rtc$IMZ                DATA
 0002:00005708 00000008H .rtc$IZZ                DATA
 0002:00005710 00000008H .rtc$TAA                DATA
 0002:00005718 000000a0H .rtc$TMZ                DATA
 0002:000057b8 00000008H .rtc$TZZ                DATA
 0002:000057c0 0000261cH .xdata                  DATA
 0002:00007ddc 00000040H .didat$2                DATA
 0002:00007e1c 00000024H .didat$3                DATA
 0002:00007e40 00000220H .didat$4                DATA
 0002:00008060 00000d68H .didat$6                DATA
 0002:00008dc8 00000228H .didat$7                DATA
 0002:00008ff0 00001d10H .edata                  DATA
 0002:0000ad00 0000003cH .idata$2                DATA
 0002:0000ad3c 00000014H .idata$3                DATA
 0002:0000ad50 00000270H .idata$4                DATA
 0002:0000afc0 0000059aH .idata$6                DATA
 0003:00000000 00000068H .data                   DATA
 0003:00000068 00000308H .data$r                 DATA
 0003:00000370 00000020H .data$rs                DATA
 0003:00000390 00000220H .didat$5                DATA
 0003:000005b0 00000bd8H .bss                    DATA
 0004:00000000 00003588H .pdata                  DATA
 0005:00000000 000000a0H .rsrc$01                DATA
 0005:000000a0 000004b0H .rsrc$02                DATA

  Address         Publics by Value              Rva+Base               Lib:Object

 0000:00000000       ___safe_se_handler_count   0000000000000000     <absolute>
 0000:00000000       __guard_eh_cont_count      0000000000000000     <absolute>
 0000:00000000       __arm64x_extra_rfe_table_size 0000000000000000     <absolute>
 0000:00000000       __guard_iat_table          0000000000000000     <absolute>
 0000:00000000       __x64_code_ranges_to_entry_points_count 0000000000000000     <absolute>
 0000:00000000       __hybrid_code_map          0000000000000000     <absolute>
 0000:00000000       __dynamic_value_reloc_table 0000000000000000     <absolute>
 0000:00000000       __guard_check_icall_a64n_fptr 0000000000000000     <absolute>
 0000:00000000       __hybrid_code_map_count    0000000000000000     <absolute>
 0000:00000000       __AbsoluteZero             0000000000000000     <absolute>
 0000:00000000       __guard_fids_table         0000000000000000     <absolute>
 0000:00000000       __arm64x_native_entrypoint 0000000000000000     <absolute>
 0000:00000000       __arm64x_redirection_metadata 0000000000000000     <absolute>
 0000:00000000       __guard_longjmp_table      0000000000000000     <absolute>
 0000:00000000       __arm64x_extra_rfe_table   0000000000000000     <absolute>
 0000:00000000       __arm64x_redirection_metadata_count 0000000000000000     <absolute>
 0000:00000000       __x64_code_ranges_to_entry_points 0000000000000000     <absolute>
 0000:00000000       ___safe_se_handler_table   0000000000000000     <absolute>
 0000:00000000       __enclave_config           0000000000000000     <absolute>
 0000:00000000       __hybrid_auxiliary_iat_copy 0000000000000000     <absolute>
 0000:00000000       __hybrid_auxiliary_iat     0000000000000000     <absolute>
 0000:00000000       __guard_longjmp_count      0000000000000000     <absolute>
 0000:00000000       __guard_fids_count         0000000000000000     <absolute>
 0000:00000000       __guard_eh_cont_table      0000000000000000     <absolute>
 0000:00000000       __guard_iat_count          0000000000000000     <absolute>
 0000:00000100       __guard_flags              0000000000000100     <absolute>
 0000:00000000       __ImageBase                0000000180000000     <linker-defined>
 0001:00000ba0       ?ComputeNbBoundaryEdges@AdjTriangle@physx@@QEBAIXZ 0000000180001ba0 f   Adjacencies.obj
 0001:00000c30       ?ComputeNbNeighbors@AdjTriangle@physx@@QEBAIXZ 0000000180001c30 f   Adjacencies.obj
 0001:00000cc0       ?HasNeighbor@AdjTriangle@physx@@QEBA_NIPEAI@Z 0000000180001cc0 f   Adjacencies.obj
 0001:00000dd0       ?Flip@AdjTriangle@physx@@QEAAXXZ 0000000180001dd0 f   Adjacencies.obj
 0001:00000e20       ??0Adjacencies@physx@@QEAA@XZ 0000000180001e20 f   Adjacencies.obj
 0001:00000e50       ??1Adjacencies@physx@@QEAA@XZ 0000000180001e50 f   Adjacencies.obj
 0001:00000eb0       ?Load@Adjacencies@physx@@QEAA_NAEAVPxInputStream@2@@Z 0000000180001eb0 f   Adjacencies.obj
 0001:00001040       ?ComputeNbBoundaryEdges@Adjacencies@physx@@QEBAIXZ 0000000180002040 f   Adjacencies.obj
 0001:000010c0       ?GetBoundaryVertices@Adjacencies@physx@@QEBA_NIPEA_NPEBU?$TriangleT@I@Gu@2@@Z 00000001800020c0 f   Adjacencies.obj
 0001:000013d0       ?MakeLastRef@Adjacencies@physx@@QEAA_NAEAVAdjTriangle@2@IPEAU?$TriangleT@I@Gu@2@@Z 00000001800023d0 f   Adjacencies.obj
 0001:00001730       ?AssignNewEdgeCode@Adjacencies@physx@@AEAAXIE@Z 0000000180002730 f   Adjacencies.obj
 0001:000017d0       ??0AdjacenciesBuilder@physx@@QEAA@XZ 00000001800027d0 f   Adjacencies.obj
 0001:00001800       ??1AdjacenciesBuilder@physx@@QEAA@XZ 0000000180002800 f   Adjacencies.obj
 0001:00001820       ?Init@AdjacenciesBuilder@physx@@QEAA_NAEBUADJACENCIESCREATE@2@@Z 0000000180002820 f   Adjacencies.obj
 0001:00002b10       ??$?_UI@@YAPEAX_KV?$ReflectionAllocator@I@shdfnd@physx@@PEBDH@Z 0000000180003b10 f i Adjacencies.obj
 0001:00002b50       ??$?_UV?$ReflectionAllocator@VAdjEdge@@@shdfnd@physx@@@UserAllocated@shdfnd@physx@@SAPEAX_KV?$ReflectionAllocator@VAdjEdge@@@12@PEBDH@Z 0000000180003b50 f i Adjacencies.obj
 0001:00002b90       ??$?_UV?$ReflectionAllocator@VAdjTriangle@physx@@@shdfnd@physx@@@UserAllocated@shdfnd@physx@@SAPEAX_KV?$ReflectionAllocator@VAdjTriangle@physx@@@12@PEBDH@Z 0000000180003b90 f i Adjacencies.obj
 0001:00002bd0       ??$swap@I@shdfnd@physx@@YAXAEAI0@Z 0000000180003bd0 f i Adjacencies.obj
 0001:00002c10       ??0?$ReflectionAllocator@I@shdfnd@physx@@QEAA@PEBD@Z 0000000180003c10 f i Adjacencies.obj
 0001:00002c20       ??0?$ReflectionAllocator@VAdjEdge@@@shdfnd@physx@@QEAA@PEBD@Z 0000000180003c20 f i Adjacencies.obj
 0001:00002c30       ??0?$ReflectionAllocator@VAdjTriangle@physx@@@shdfnd@physx@@QEAA@PEBD@Z 0000000180003c30 f i Adjacencies.obj
 0001:00002c40       ??0?$TriangleT@I@Gu@physx@@QEAA@XZ 0000000180003c40 f i Adjacencies.obj
 0001:00002c50       ??0AdjEdge@@QEAA@XZ        0000000180003c50 f i Adjacencies.obj
 0001:00002c60       ??0AdjTriangle@physx@@QEAA@XZ 0000000180003c60 f i Adjacencies.obj
 0001:00002c70       ??0Allocator@shdfnd@physx@@QEAA@PEBD@Z 0000000180003c70 f i Adjacencies.obj
 0001:00002c80       ??0EDGELISTCREATE@Gu@physx@@QEAA@XZ 0000000180003c80 f i Adjacencies.obj
 0001:00002cf0       ??0NonTrackingAllocator@shdfnd@physx@@QEAA@PEBD@Z 0000000180003cf0 f i Adjacencies.obj
 0001:00002d00       ??0PxFoundation@physx@@QEAA@AEBV01@@Z 0000000180003d00 f i Adjacencies.obj
 0001:00002d20       ??0PxFoundation@physx@@QEAA@XZ 0000000180003d20 f i Adjacencies.obj
 0001:00002d40       ??1AdjEdge@@QEAA@XZ        0000000180003d40 f i Adjacencies.obj
 0001:00002d50       ??1AdjTriangle@physx@@QEAA@XZ 0000000180003d50 f i Adjacencies.obj
 0001:00002d60       ??1PxFoundation@physx@@MEAA@XZ 0000000180003d60 f i Adjacencies.obj
 0001:00002d80       ??3UserAllocated@shdfnd@physx@@SAXPEAX@Z 0000000180003d80 f i Adjacencies.obj
 0001:00002db0       ??4Allocator@shdfnd@physx@@QEAAAEAV012@$$QEAV012@@Z 0000000180003db0 f i Adjacencies.obj
 0001:00002dc0       ??4Allocator@shdfnd@physx@@QEAAAEAV012@AEBV012@@Z 0000000180003dc0 f i Adjacencies.obj
 0001:00002dd0       ??4MutexImpl@shdfnd@physx@@QEAAAEAV012@AEBV012@@Z 0000000180003dd0 f i Adjacencies.obj
 0001:00002de0       ??4PxFoundation@physx@@QEAAAEAV01@AEBV01@@Z 0000000180003de0 f i Adjacencies.obj
 0001:00002df0       ??_EAdjEdge@@QEAAPEAXI@Z   0000000180003df0 f i Adjacencies.obj
 0001:00002ed0       ??_EAdjTriangle@physx@@QEAAPEAXI@Z 0000000180003ed0 f i Adjacencies.obj
 0001:00002fb0       ??_EPxFoundation@physx@@MEAAPEAXI@Z 0000000180003fb0 f i Adjacencies.obj
 0001:00003050       ??_FAllocator@shdfnd@physx@@QEAAXXZ 0000000180004050 f i Adjacencies.obj
 0001:00003070       ??_FNamedAllocator@shdfnd@physx@@QEAAXXZ 0000000180004070 f i Adjacencies.obj
 0001:00003090       ??_GPxFoundation@physx@@MEAAPEAXI@Z 0000000180004090 f i Adjacencies.obj
 0001:000030d0       ??_H@YAXPEAX_K1P6APEAX0@Z@Z 00000001800040d0 f i Adjacencies.obj
 0001:00003150       ??_I@YAXPEAX_K1P6AX0@Z@Z   0000000180004150 f i Adjacencies.obj
 0001:000031e0       ??_VUserAllocated@shdfnd@physx@@SAXPEAX@Z 00000001800041e0 f i Adjacencies.obj
 0001:00003210       ?GetNbHits@RadixSort@Cm@physx@@QEBAIXZ 0000000180004210 f i Adjacencies.obj
 0001:00003220       ?GetNbTotalCalls@RadixSort@Cm@physx@@QEBAIXZ 0000000180004220 f i Adjacencies.obj
 0001:00003230       ?GetRanks@RadixSort@Cm@physx@@QEBAPEBIXZ 0000000180004230 f i Adjacencies.obj
 0001:00003240       ?GetRecyclable@RadixSort@Cm@physx@@QEBAPEAIXZ 0000000180004240 f i Adjacencies.obj
 0001:00003250       ?HasActiveEdge01@AdjTriangle@physx@@QEBAHXZ 0000000180004250 f i Adjacencies.obj
 0001:00003270       ?HasActiveEdge01@EdgeTriangleAC@Gu@physx@@SAHAEBUEdgeTriangleData@23@@Z 0000000180004270 f i Adjacencies.obj
 0001:00003290       ?HasActiveEdge12@AdjTriangle@physx@@QEBAHXZ 0000000180004290 f i Adjacencies.obj
 0001:000032b0       ?HasActiveEdge12@EdgeTriangleAC@Gu@physx@@SAHAEBUEdgeTriangleData@23@@Z 00000001800042b0 f i Adjacencies.obj
 0001:000032d0       ?HasActiveEdge20@AdjTriangle@physx@@QEBAHXZ 00000001800042d0 f i Adjacencies.obj
 0001:000032f0       ?HasActiveEdge20@EdgeTriangleAC@Gu@physx@@SAHAEBUEdgeTriangleData@23@@Z 00000001800042f0 f i Adjacencies.obj
 0001:00003310       ?PxMemZero@physx@@YAPEAXPEAXI@Z 0000000180004310 f i Adjacencies.obj
 0001:00003330       ?__empty_global_delete@@YAXPEAX@Z 0000000180004330 f i Adjacencies.obj
 0001:00003340       ?__empty_global_delete@@YAXPEAX_K@Z 0000000180004340 f i Adjacencies.obj
 0001:00003350       ?allocate@?$ReflectionAllocator@I@shdfnd@physx@@QEAAPEAX_KPEBDH@Z 0000000180004350 f i Adjacencies.obj
 0001:000033d0       ?allocate@?$ReflectionAllocator@VAdjEdge@@@shdfnd@physx@@QEAAPEAX_KPEBDH@Z 00000001800043d0 f i Adjacencies.obj
 0001:00003450       ?allocate@?$ReflectionAllocator@VAdjTriangle@physx@@@shdfnd@physx@@QEAAPEAX_KPEBDH@Z 0000000180004450 f i Adjacencies.obj
 0001:000034d0       ?deallocate@NonTrackingAllocator@shdfnd@physx@@QEAAXPEAX@Z 00000001800044d0 f i Adjacencies.obj
 0001:00003510       ?findEdge@?$TriangleT@I@Gu@physx@@QEBAEII@Z 0000000180004510 f i Adjacencies.obj
 0001:00003670       ?getAllocator@Foundation@shdfnd@physx@@QEAAAEAVPxAllocatorCallback@3@XZ 0000000180004670 f i Adjacencies.obj
 0001:00003680       ?getAllocatorCallback@Foundation@shdfnd@physx@@UEAAAEAVPxAllocatorCallback@3@XZ 0000000180004680 f i Adjacencies.obj
 0001:00003690       ?getEdgeTriangle@EdgeList@Gu@physx@@QEBAAEBUEdgeTriangleData@23@I@Z 0000000180004690 f i Adjacencies.obj
 0001:000036b0       ?getErrorCallback@Foundation@shdfnd@physx@@UEAAAEAVPxErrorCallback@3@XZ 00000001800046b0 f i Adjacencies.obj
 0001:000036c0       ?getErrorLevel@Foundation@shdfnd@physx@@UEBA?AW4Enum@PxErrorCode@3@XZ 00000001800046c0 f i Adjacencies.obj
 0001:000036e0       ?getFoundation@shdfnd@physx@@YAAEAVFoundation@12@XZ 00000001800046e0 f i Adjacencies.obj
 0001:000036f0       ?getInternalErrorCallback@Foundation@shdfnd@physx@@QEAAAEAVPxErrorCallback@3@XZ 00000001800046f0 f i Adjacencies.obj
 0001:00003710       ?getName@?$ReflectionAllocator@I@shdfnd@physx@@CAPEBDXZ 0000000180004710 f i Adjacencies.obj
 0001:00003750       ?getName@?$ReflectionAllocator@VAdjEdge@@@shdfnd@physx@@CAPEBDXZ 0000000180004750 f i Adjacencies.obj
 0001:00003790       ?getName@?$ReflectionAllocator@VAdjTriangle@physx@@@shdfnd@physx@@CAPEBDXZ 0000000180004790 f i Adjacencies.obj
 0001:000037d0       ?getNamedAllocMap@Foundation@shdfnd@physx@@QEAAAEAV?$HashMap@PEBVNamedAllocator@shdfnd@physx@@PEBDU?$Hash@PEBVNamedAllocator@shdfnd@physx@@@23@VNonTrackingAllocator@23@@23@XZ 00000001800047d0 f i Adjacencies.obj
 0001:000037f0       ?getNamedAllocMutex@Foundation@shdfnd@physx@@QEAAAEAV?$MutexT@VAllocator@shdfnd@physx@@@23@XZ 00000001800047f0 f i Adjacencies.obj
 0001:00003810       ?getReportAllocationNames@Foundation@shdfnd@physx@@UEBA_NXZ 0000000180004810 f i Adjacencies.obj
 0001:00003830       ?getTempAllocFreeTable@Foundation@shdfnd@physx@@QEAAAEAV?$Array@PEATTempAllocatorChunk@shdfnd@physx@@VAllocator@23@@23@XZ 0000000180004830 f i Adjacencies.obj
 0001:00003850       ?getTempAllocMutex@Foundation@shdfnd@physx@@QEAAAEAV?$MutexT@VAllocator@shdfnd@physx@@@23@XZ 0000000180004850 f i Adjacencies.obj
 0001:00003870       ?invalidateRanks@RadixSort@Cm@physx@@QEAAXXZ 0000000180004870 f i Adjacencies.obj
 0001:00003890       ?memZero@intrinsics@physx@@YAPEAXPEAXI@Z 0000000180004890 f i Adjacencies.obj
 0001:000038c0       ?name@type_info@@QEBAPEBDXZ 00000001800048c0 f i Adjacencies.obj
 0001:000038f0       ?setErrorLevel@Foundation@shdfnd@physx@@UEAAXW4Enum@PxErrorCode@3@@Z 00000001800048f0 f i Adjacencies.obj
 0001:00003910       ?setReportAllocationNames@Foundation@shdfnd@physx@@UEAAX_N@Z 0000000180004910 f i Adjacencies.obj
 0001:00003930       PxCreateCooking            0000000180004930 f   Cooking.obj
 0001:00003a20       ?release@Cooking@physx@@UEAAXXZ 0000000180004a20 f   Cooking.obj
 0001:00003a70       ?setParams@Cooking@physx@@UEAAXAEBUPxCookingParams@2@@Z 0000000180004a70 f   Cooking.obj
 0001:00003aa0       ?getParams@Cooking@physx@@UEBAAEBUPxCookingParams@2@XZ 0000000180004aa0 f   Cooking.obj
 0001:00003ac0       ?platformMismatch@Cooking@physx@@UEBA_NXZ 0000000180004ac0 f   Cooking.obj
 0001:00003b10       ?cookTriangleMesh@Cooking@physx@@UEBA_NAEBVPxTriangleMeshDesc@2@AEAVPxOutputStream@2@PEAW4Enum@PxTriangleMeshCookingResult@2@@Z 0000000180004b10 f   Cooking.obj
 0001:00003c20       ?createTriangleMesh@Cooking@physx@@UEBAPEAVPxTriangleMesh@2@AEBVPxTriangleMeshDesc@2@AEAVPxPhysicsInsertionCallback@2@PEAW4Enum@PxTriangleMeshCookingResult@2@@Z 0000000180004c20 f   Cooking.obj
 0001:00003d30       ?validateTriangleMesh@Cooking@physx@@UEBA_NAEBVPxTriangleMeshDesc@2@@Z 0000000180004d30 f   Cooking.obj
 0001:00003e00       ?cookConvexMesh@Cooking@physx@@UEBA_NAEBVPxConvexMeshDesc@2@AEAVPxOutputStream@2@PEAW4Enum@PxConvexMeshCookingResult@2@@Z 0000000180004e00 f   Cooking.obj
 0001:00004130       ?createConvexMesh@Cooking@physx@@UEBAPEAVPxConvexMesh@2@AEBVPxConvexMeshDesc@2@AEAVPxPhysicsInsertionCallback@2@PEAW4Enum@PxConvexMeshCookingResult@2@@Z 0000000180005130 f   Cooking.obj
 0001:00004540       ?validateConvexMesh@Cooking@physx@@UEBA_NAEBVPxConvexMeshDesc@2@@Z 0000000180005540 f   Cooking.obj
 0001:000045c0       ?computeHullPolygons@Cooking@physx@@UEBA_NAEBVPxSimpleTriangleMesh@2@AEAVPxAllocatorCallback@2@AEAIAEAPEAVPxVec3@2@2AEAPEAI2AEAPEAUPxHullPolygon@2@@Z 00000001800055c0 f   Cooking.obj
 0001:00004890       ?cookHeightField@Cooking@physx@@UEBA_NAEBVPxHeightFieldDesc@2@AEAVPxOutputStream@2@@Z 0000000180005890 f   Cooking.obj
 0001:000049f0       ?createHeightField@Cooking@physx@@UEBAPEAVPxHeightField@2@AEBVPxHeightFieldDesc@2@AEAVPxPhysicsInsertionCallback@2@@Z 00000001800059f0 f   Cooking.obj
 0001:00004ce0       ?cookBVHStructure@Cooking@physx@@UEBA_NAEBVPxBVHStructureDesc@2@AEAVPxOutputStream@2@@Z 0000000180005ce0 f   Cooking.obj
 0001:00004e00       ?createBVHStructure@Cooking@physx@@UEBAPEAVPxBVHStructure@2@AEBVPxBVHStructureDesc@2@AEAVPxPhysicsInsertionCallback@2@@Z 0000000180005e00 f   Cooking.obj
 0001:00004f30       ?cookConvexMeshInternal@Cooking@physx@@AEBA_NAEBVPxConvexMeshDesc@2@AEAVConvexMeshBuilder@2@PEAVConvexHullLib@2@PEAW4Enum@PxConvexMeshCookingResult@2@@Z 0000000180005f30 f   Cooking.obj
 0001:00005250       ?cookTriangleMesh@Cooking@physx@@AEBA_NAEAVTriangleMeshBuilder@2@AEBVPxTriangleMeshDesc@2@AEAVPxOutputStream@2@PEAW4Enum@PxTriangleMeshCookingResult@2@@Z 0000000180006250 f   Cooking.obj
 0001:00005330       ?createTriangleMesh@Cooking@physx@@AEBAPEAVPxTriangleMesh@2@AEAVTriangleMeshBuilder@2@AEBVPxTriangleMeshDesc@2@AEAVPxPhysicsInsertionCallback@2@PEAW4Enum@PxTriangleMeshCookingResult@2@@Z 0000000180006330 f   Cooking.obj
 0001:00005500       ??$?2V?$ReflectionAllocator@VCooking@physx@@@shdfnd@physx@@@UserAllocated@shdfnd@physx@@SAPEAX_KV?$ReflectionAllocator@VCooking@physx@@@12@PEBDH@Z 0000000180006500 f i Cooking.obj
 0001:00005540       ??$?2V?$ReflectionAllocator@VQuickHullConvexHullLib@physx@@@shdfnd@physx@@@UserAllocated@shdfnd@physx@@SAPEAX_KV?$ReflectionAllocator@VQuickHullConvexHullLib@physx@@@12@PEBDH@Z 0000000180006540 f i Cooking.obj
 0001:00005580       ??$PX_UNUSED@VPxFoundation@physx@@@@YAXAEBVPxFoundation@physx@@@Z 0000000180006580 f i Cooking.obj
 0001:00005590       ??$PX_UNUSED@W4PxIDENTITY@physx@@@@YAXAEBW4PxIDENTITY@physx@@@Z 0000000180006590 f i Cooking.obj
 0001:000055a0       ??$PxMax@I@physx@@YAIII@Z  00000001800065a0 f i Cooking.obj
 0001:000055d0       ??$PxMin@G@physx@@YAGGG@Z  00000001800065d0 f i Cooking.obj
 0001:00005610       ??0?$PxBitAndDataT@G$0IAAA@@physx@@QEAA@W4PxEMPTY@1@@Z 0000000180006610 f i Cooking.obj
 0001:00005620       ??0?$PxBitAndDataT@G$0IAAA@@physx@@QEAA@XZ 0000000180006620 f i Cooking.obj
 0001:00005640       ??0?$PxBitAndDataT@I$0IAAAAAAA@@physx@@QEAA@I_N@Z 0000000180006640 f i Cooking.obj
 0001:00005690       ??0?$PxBitAndDataT@I$0IAAAAAAA@@physx@@QEAA@W4PxEMPTY@1@@Z 0000000180006690 f i Cooking.obj
 0001:000056a0       ??0?$PxFlags@W4Enum@PxBaseFlag@physx@@G@physx@@QEAA@AEBV01@@Z 00000001800066a0 f i Cooking.obj
 0001:000056c0       ??0?$PxFlags@W4Enum@PxConvexFlag@physx@@G@physx@@QEAA@AEBV01@@Z 00000001800066c0 f i Cooking.obj
 0001:000056e0       ??0?$PxFlags@W4Enum@PxConvexFlag@physx@@G@physx@@QEAA@W4Enum@PxConvexFlag@1@@Z 00000001800066e0 f i Cooking.obj
 0001:00005700       ??0?$PxFlags@W4Enum@PxConvexFlag@physx@@G@physx@@QEAA@XZ 0000000180006700 f i Cooking.obj
 0001:00005720       ??0?$PxFlags@W4Enum@PxHeightFieldFlag@physx@@G@physx@@QEAA@AEBV01@@Z 0000000180006720 f i Cooking.obj
 0001:00005740       ??0?$PxFlags@W4Enum@PxHeightFieldFlag@physx@@G@physx@@QEAA@W4PxEMPTY@1@@Z 0000000180006740 f i Cooking.obj
 0001:00005750       ??0?$PxFlags@W4Enum@PxHeightFieldFlag@physx@@G@physx@@QEAA@XZ 0000000180006750 f i Cooking.obj
 0001:00005770       ??0?$PxFlags@W4Enum@PxMeshFlag@physx@@G@physx@@QEAA@AEBV01@@Z 0000000180006770 f i Cooking.obj
 0001:00005790       ??0?$PxFlags@W4Enum@PxMeshPreprocessingFlag@physx@@I@physx@@QEAA@AEBV01@@Z 0000000180006790 f i Cooking.obj
 0001:000057b0       ??0?$ReflectionAllocator@VCooking@physx@@@shdfnd@physx@@QEAA@PEBD@Z 00000001800067b0 f i Cooking.obj
 0001:000057c0       ??0?$ReflectionAllocator@VHeightField@Gu@physx@@@shdfnd@physx@@QEAA@PEBD@Z 00000001800067c0 f i Cooking.obj
 0001:000057d0       ??0?$ReflectionAllocator@VQuickHullConvexHullLib@physx@@@shdfnd@physx@@QEAA@PEBD@Z 00000001800067d0 f i Cooking.obj
 0001:000057e0       ??0CenterExtents@Gu@physx@@QEAA@AEBV012@@Z 00000001800067e0 f i Cooking.obj
 0001:00005830       ??0CenterExtents@Gu@physx@@QEAA@XZ 0000000180006830 f i Cooking.obj
 0001:00005870       ??0ConvexHullData@Gu@physx@@QEAA@W4PxEMPTY@2@@Z 0000000180006870 f i Cooking.obj
 0001:000058c0       ??0ConvexHullData@Gu@physx@@QEAA@XZ 00000001800068c0 f i Cooking.obj
 0001:00005910       ??0ConvexMesh@Gu@physx@@QEAA@V?$PxFlags@W4Enum@PxBaseFlag@physx@@G@2@@Z 0000000180006910 f i Cooking.obj
 0001:000059d0       ??0Cooking@physx@@QEAA@AEBUPxCookingParams@1@@Z 00000001800069d0 f i Cooking.obj
 0001:00005a20       ??0DebugText@Cm@physx@@QEAA@$$QEAU012@@Z 0000000180006a20 f i Cooking.obj
 0001:00005a90       ??0DebugText@Cm@physx@@QEAA@AEBU012@@Z 0000000180006a90 f i Cooking.obj
 0001:00005b00       ??0HeightFieldData@Gu@physx@@QEAA@$$QEAU012@@Z 0000000180006b00 f i Cooking.obj
 0001:00005be0       ??0HeightFieldData@Gu@physx@@QEAA@AEBU012@@Z 0000000180006be0 f i Cooking.obj
 0001:00005cc0       ??0HeightFieldData@Gu@physx@@QEAA@W4PxEMPTY@2@@Z 0000000180006cc0 f i Cooking.obj
 0001:00005d00       ??0HeightFieldData@Gu@physx@@QEAA@XZ 0000000180006d00 f i Cooking.obj
 0001:00005d40       ??0PxBase@physx@@IEAA@V?$PxFlags@W4Enum@PxBaseFlag@physx@@G@1@@Z 0000000180006d40 f i Cooking.obj
 0001:00005d80       ??0PxConvexMesh@physx@@IEAA@V?$PxFlags@W4Enum@PxBaseFlag@physx@@G@1@@Z 0000000180006d80 f i Cooking.obj
 0001:00005dd0       ??0PxConvexMeshDesc@physx@@QEAA@AEBV01@@Z 0000000180006dd0 f i Cooking.obj
 0001:00005e70       ??0PxCooking@physx@@QEAA@XZ 0000000180006e70 f i Cooking.obj
 0001:00005e90       ??0PxCookingParams@physx@@QEAA@AEBU01@@Z 0000000180006e90 f i Cooking.obj
 0001:00005f80       ??0PxDebugLine@physx@@QEAA@AEBU01@@Z 0000000180006f80 f i Cooking.obj
 0001:00005ff0       ??0PxMat33@physx@@QEAA@XZ  0000000180006ff0 f i Cooking.obj
 0001:00006040       ??0PxMat44@physx@@QEAA@AEBV01@@Z 0000000180007040 f i Cooking.obj
 0001:000060c0       ??0PxMat44@physx@@QEAA@W4PxIDENTITY@1@@Z 00000001800070c0 f i Cooking.obj
 0001:00006180       ??0PxVec3@physx@@QEAA@AEBV01@@Z 0000000180007180 f i Cooking.obj
 0001:000061d0       ??0PxVec3@physx@@QEAA@M@Z  00000001800071d0 f i Cooking.obj
 0001:00006210       ??0PxVec3@physx@@QEAA@MMM@Z 0000000180007210 f i Cooking.obj
 0001:00006260       ??0PxVec3@physx@@QEAA@XZ   0000000180007260 f i Cooking.obj
 0001:00006270       ??0PxVec4@physx@@QEAA@AEBV01@@Z 0000000180007270 f i Cooking.obj
 0001:000062d0       ??0PxVec4@physx@@QEAA@MMMM@Z 00000001800072d0 f i Cooking.obj
 0001:00006330       ??0RefCountable@Cm@physx@@QEAA@W4PxEMPTY@2@@Z 0000000180007330 f i Cooking.obj
 0001:00006360       ??0RenderOutput@Cm@physx@@QEAA@AEAVRenderBuffer@12@@Z 0000000180007360 f i Cooking.obj
 0001:000063f0       ??0RenderOutput@Cm@physx@@QEAA@AEBV012@@Z 00000001800073f0 f i Cooking.obj
 0001:000064a0       ??1CenterExtents@Gu@physx@@QEAA@XZ 00000001800074a0 f i Cooking.obj
 0001:000064b0       ??1ConvexHullData@Gu@physx@@QEAA@XZ 00000001800074b0 f i Cooking.obj
 0001:000064d0       ??1Cooking@physx@@UEAA@XZ  00000001800074d0 f i Cooking.obj
 0001:000064f0       ??1HeightFieldData@Gu@physx@@QEAA@XZ 00000001800074f0 f i Cooking.obj
 0001:00006510       ??1PxBase@physx@@MEAA@XZ   0000000180007510 f i Cooking.obj
 0001:00006530       ??1PxConvexMesh@physx@@MEAA@XZ 0000000180007530 f i Cooking.obj
 0001:00006560       ??1PxCooking@physx@@MEAA@XZ 0000000180007560 f i Cooking.obj
 0001:00006580       ??1PxHeightField@physx@@MEAA@XZ 0000000180007580 f i Cooking.obj
 0001:000065b0       ??1RefCountable@Cm@physx@@UEAA@XZ 00000001800075b0 f i Cooking.obj
 0001:000065d0       ??2@YAPEAX_KPEAX@Z         00000001800075d0 f i Cooking.obj
 0001:000065e0       ??2UserAllocated@shdfnd@physx@@SAPEAX_KPEAX@Z 00000001800075e0 f i Cooking.obj
 0001:000065f0       ??4?$PxFlags@W4Enum@PxHeightFieldFlag@physx@@G@physx@@QEAAAEAV01@AEBV01@@Z 00000001800075f0 f i Cooking.obj
 0001:00006610       ??4?$PxFlags@W4Enum@PxMeshPreprocessingFlag@physx@@I@physx@@QEAAAEAV01@AEBV01@@Z 0000000180007610 f i Cooking.obj
 0001:00006630       ??4CenterExtents@Gu@physx@@QEAAAEAV012@AEBV012@@Z 0000000180007630 f i Cooking.obj
 0001:00006680       ??4DebugText@Cm@physx@@QEAAAEAU012@$$QEAU012@@Z 0000000180007680 f i Cooking.obj
 0001:00006720       ??4DebugText@Cm@physx@@QEAAAEAU012@AEBU012@@Z 0000000180007720 f i Cooking.obj
 0001:000067c0       ??4FPUGuard@shdfnd@physx@@QEAAAEAV012@AEBV012@@Z 00000001800077c0 f i Cooking.obj
 0001:000067f0       ??4HeightFieldData@Gu@physx@@QEAAAEAU012@$$QEAU012@@Z 00000001800077f0 f i Cooking.obj
 0001:000068d0       ??4HeightFieldData@Gu@physx@@QEAAAEAU012@AEBU012@@Z 00000001800078d0 f i Cooking.obj
 0001:000069b0       ??4PxCookingParams@physx@@QEAAAEAU01@AEBU01@@Z 00000001800079b0 f i Cooking.obj
 0001:00006aa0       ??4PxMat33@physx@@QEAAAEAV01@AEBV01@@Z 0000000180007aa0 f i Cooking.obj
 0001:00006b00       ??4PxVec3@physx@@QEAAAEAV01@AEBV01@@Z 0000000180007b00 f i Cooking.obj
 0001:00006b50       ??9?$PxFlags@W4Enum@PxHeightFieldFlag@physx@@G@physx@@QEBA_NAEBV01@@Z 0000000180007b50 f i Cooking.obj
 0001:00006b90       ??B?$PxBitAndDataT@E$0IA@@physx@@QEBAEXZ 0000000180007b90 f i Cooking.obj
 0001:00006bb0       ??B?$PxBitAndDataT@G$0IAAA@@physx@@QEBAGXZ 0000000180007bb0 f i Cooking.obj
 0001:00006bd0       ??B?$PxFlags@W4Enum@PxBaseFlag@physx@@G@physx@@QEBA_NXZ 0000000180007bd0 f i Cooking.obj
 0001:00006c00       ??B?$PxFlags@W4Enum@PxConvexFlag@physx@@G@physx@@QEBA_NXZ 0000000180007c00 f i Cooking.obj
 0001:00006c30       ??B?$PxFlags@W4Enum@PxMeshFlag@physx@@G@physx@@QEBA_NXZ 0000000180007c30 f i Cooking.obj
 0001:00006c60       ??B?$PxFlags@W4Enum@PxMeshPreprocessingFlag@physx@@I@physx@@QEBA_NXZ 0000000180007c60 f i Cooking.obj
 0001:00006c90       ??I?$PxFlags@W4Enum@PxBaseFlag@physx@@G@physx@@QEBA?AV01@W4Enum@PxBaseFlag@1@@Z 0000000180007c90 f i Cooking.obj
 0001:00006ce0       ??I?$PxFlags@W4Enum@PxConvexFlag@physx@@G@physx@@QEBA?AV01@W4Enum@PxConvexFlag@1@@Z 0000000180007ce0 f i Cooking.obj
 0001:00006d30       ??I?$PxFlags@W4Enum@PxHeightFieldFlag@physx@@G@physx@@QEBA?AV01@W4Enum@PxHeightFieldFlag@1@@Z 0000000180007d30 f i Cooking.obj
 0001:00006d80       ??I?$PxFlags@W4Enum@PxMeshFlag@physx@@G@physx@@QEBA?AV01@W4Enum@PxMeshFlag@1@@Z 0000000180007d80 f i Cooking.obj
 0001:00006dd0       ??I?$PxFlags@W4Enum@PxMeshPreprocessingFlag@physx@@I@physx@@QEBA?AV01@W4Enum@PxMeshPreprocessingFlag@1@@Z 0000000180007dd0 f i Cooking.obj
 0001:00006e20       ??S?$PxFlags@W4Enum@PxConvexFlag@physx@@G@physx@@QEBA?AV01@XZ 0000000180007e20 f i Cooking.obj
 0001:00006e60       ??Sphysx@@YA?AV?$PxFlags@W4Enum@PxConvexFlag@physx@@G@0@W4Enum@PxConvexFlag@0@@Z 0000000180007e60 f i Cooking.obj
 0001:00006ea0       ??_4?$PxFlags@W4Enum@PxConvexFlag@physx@@G@physx@@QEAAAEAV01@AEBV01@@Z 0000000180007ea0 f i Cooking.obj
 0001:00006ed0       ??_EConvexMesh@Gu@physx@@UEAAPEAXI@Z 0000000180007ed0 f i Cooking.obj
 0001:00006fa8       ??_EConvexMesh@Gu@physx@@WBA@EAAPEAXI@Z 0000000180007fa8 f i Cooking.obj
 0001:00006fc0       ??_EPxConvexMesh@physx@@MEAAPEAXI@Z 0000000180007fc0 f i Cooking.obj
 0001:00007060       ??_EPxHeightField@physx@@MEAAPEAXI@Z 0000000180008060 f i Cooking.obj
 0001:00007100       ??_GCooking@physx@@UEAAPEAXI@Z 0000000180008100 f i Cooking.obj
 0001:00007100       ??_ECooking@physx@@UEAAPEAXI@Z 0000000180008100 f i Cooking.obj
 0001:00007160       ??_GPxBase@physx@@MEAAPEAXI@Z 0000000180008160 f i Cooking.obj
 0001:00007160       ??_EPxBase@physx@@MEAAPEAXI@Z 0000000180008160 f i Cooking.obj
 0001:000071a0       ??_GPxCooking@physx@@MEAAPEAXI@Z 00000001800081a0 f i Cooking.obj
 0001:000071a0       ??_EPxCooking@physx@@MEAAPEAXI@Z 00000001800081a0 f i Cooking.obj
 0001:000071e0       ??_ERefCountable@Cm@physx@@UEAAPEAXI@Z 00000001800081e0 f i Cooking.obj
 0001:000071e0       ??_GRefCountable@Cm@physx@@UEAAPEAXI@Z 00000001800081e0 f i Cooking.obj
 0001:00007220       ?FLoad@aos@shdfnd@physx@@YA?AT__m128@@M@Z 0000000180008220 f i Cooking.obj
 0001:00007250       ?PxMemCopy@physx@@YAPEAXPEAXPEBXI@Z 0000000180008250 f i Cooking.obj
 0001:00007280       ?V3Load@aos@shdfnd@physx@@YA?AT__m128@@M@Z 0000000180008280 f i Cooking.obj
 0001:000072c0       ?V4Load@aos@shdfnd@physx@@YA?AT__m128@@M@Z 00000001800082c0 f i Cooking.obj
 0001:000072f0       ?allocate@?$Array@UPxDebugLine@physx@@VNamedAllocator@shdfnd@2@@shdfnd@physx@@IEAAPEAUPxDebugLine@3@I@Z 00000001800082f0 f i Cooking.obj
 0001:00007380       ?allocate@?$ReflectionAllocator@VCooking@physx@@@shdfnd@physx@@QEAAPEAX_KPEBDH@Z 0000000180008380 f i Cooking.obj
 0001:00007400       ?allocate@?$ReflectionAllocator@VHeightField@Gu@physx@@@shdfnd@physx@@QEAAPEAX_KPEBDH@Z 0000000180008400 f i Cooking.obj
 0001:00007480       ?allocate@?$ReflectionAllocator@VQuickHullConvexHullLib@physx@@@shdfnd@physx@@QEAAPEAX_KPEBDH@Z 0000000180008480 f i Cooking.obj
 0001:00007500       ?capacity@?$Array@UPxDebugLine@physx@@VNamedAllocator@shdfnd@2@@shdfnd@physx@@QEBAIXZ 0000000180008500 f i Cooking.obj
 0001:00007520       ?copy@?$Array@UPxDebugLine@physx@@VNamedAllocator@shdfnd@2@@shdfnd@physx@@KAXPEAUPxDebugLine@3@0PEBU43@@Z 0000000180008520 f i Cooking.obj
 0001:000075a0       ?deallocate@?$Array@UPxDebugLine@physx@@VNamedAllocator@shdfnd@2@@shdfnd@physx@@IEAAXPEAX@Z 00000001800085a0 f i Cooking.obj
 0001:000075d0       ?destroy@?$Array@UPxDebugLine@physx@@VNamedAllocator@shdfnd@2@@shdfnd@physx@@KAXPEAUPxDebugLine@3@0@Z 00000001800085d0 f i Cooking.obj
 0001:00007600       ?end@?$Array@UPxDebugLine@physx@@VNamedAllocator@shdfnd@2@@shdfnd@physx@@QEAAPEAUPxDebugLine@3@XZ 0000000180008600 f i Cooking.obj
 0001:00007620       ?forceSize_Unsafe@?$Array@UPxDebugLine@physx@@VNamedAllocator@shdfnd@2@@shdfnd@physx@@QEAAXI@Z 0000000180008620 f i Cooking.obj
 0001:000076a0       ?fsel@intrinsics@physx@@YAMMMM@Z 00000001800086a0 f i Cooking.obj
 0001:000076f0       ?gatherStrided@Cooking@physx@@SAXPEBXPEAXIII@Z 00000001800086f0 f i Cooking.obj
 0001:00007780       ?getBigConvexData@ConvexMeshBuilder@physx@@QEBAPEAVBigConvexData@2@XZ 0000000180008780 f i Cooking.obj
 0001:000077a0       ?getConcreteTypeName@PxConvexMesh@physx@@UEBAPEBDXZ 00000001800087a0 f i Cooking.obj
 0001:000077b0       ?getConcreteTypeName@PxHeightField@physx@@UEBAPEBDXZ 00000001800087b0 f i Cooking.obj
 0001:000077c0       ?getConvexEdgeThreshold@HeightField@Gu@physx@@UEBAMXZ 00000001800087c0 f i Cooking.obj
 0001:000077d0       ?getFlags@HeightField@Gu@physx@@UEBA?AV?$PxFlags@W4Enum@PxHeightFieldFlag@physx@@G@3@XZ 00000001800087d0 f i Cooking.obj
 0001:00007800       ?getFormat@HeightField@Gu@physx@@UEBA?AW4Enum@PxHeightFieldFormat@3@XZ 0000000180008800 f i Cooking.obj
 0001:00007810       ?getHeight@HeightField@Gu@physx@@QEBAMI@Z 0000000180008810 f i Cooking.obj
 0001:00007840       ?getHeight@HeightField@Gu@physx@@UEBAMMM@Z 0000000180008840 f i Cooking.obj
 0001:00007870       ?getHeightInternal2@HeightField@Gu@physx@@QEBAMIMM@Z 0000000180008870 f i Cooking.obj
 0001:00007ae0       ?getHeightInternal@HeightField@Gu@physx@@QEBAMMM@Z 0000000180008ae0 f i Cooking.obj
 0001:00007b40       ?getHullVertices@ConvexHullData@Gu@physx@@QEBAPEBVPxVec3@3@XZ 0000000180008b40 f i Cooking.obj
 0001:00007b80       ?getIndexBuffer@ConvexMesh@Gu@physx@@UEBAPEBEXZ 0000000180008b80 f i Cooking.obj
 0001:00007ba0       ?getInertia@ConvexMeshBuilder@physx@@QEBAAEBVPxMat33@2@XZ 0000000180008ba0 f i Cooking.obj
 0001:00007bc0       ?getMass@ConvexMeshBuilder@physx@@QEBAMXZ 0000000180008bc0 f i Cooking.obj
 0001:00007be0       ?getMaterialIndex0@HeightField@Gu@physx@@QEBAGI@Z 0000000180008be0 f i Cooking.obj
 0001:00007c10       ?getMaterialIndex1@HeightField@Gu@physx@@QEBAGI@Z 0000000180008c10 f i Cooking.obj
 0001:00007c40       ?getMeshData@TriangleMeshBuilder@physx@@QEAAAEAVTriangleMeshData@Gu@2@XZ 0000000180008c40 f i Cooking.obj
 0001:00007c50       ?getName@?$ReflectionAllocator@VCooking@physx@@@shdfnd@physx@@CAPEBDXZ 0000000180008c50 f i Cooking.obj
 0001:00007c90       ?getName@?$ReflectionAllocator@VHeightField@Gu@physx@@@shdfnd@physx@@CAPEBDXZ 0000000180008c90 f i Cooking.obj
 0001:00007cd0       ?getName@?$ReflectionAllocator@VQuickHullConvexHullLib@physx@@@shdfnd@physx@@CAPEBDXZ 0000000180008cd0 f i Cooking.obj
 0001:00007d10       ?getNbColumns@HeightField@Gu@physx@@UEBAIXZ 0000000180008d10 f i Cooking.obj
 0001:00007d20       ?getNbColumnsFast@HeightField@Gu@physx@@QEBAIXZ 0000000180008d20 f i Cooking.obj
 0001:00007d30       ?getNbPolygons@ConvexMesh@Gu@physx@@UEBAIXZ 0000000180008d30 f i Cooking.obj
 0001:00007d40       ?getNbRows@HeightField@Gu@physx@@UEBAIXZ 0000000180008d40 f i Cooking.obj
 0001:00007d50       ?getNbVertices@ConvexMesh@Gu@physx@@UEBAIXZ 0000000180008d50 f i Cooking.obj
 0001:00007d60       ?getPaddedBounds@HeightFieldData@Gu@physx@@QEBAAEBVCenterExtentsPadded@23@XZ 0000000180008d60 f i Cooking.obj
 0001:00007d70       ?getSample@HeightField@Gu@physx@@QEBAAEBUPxHeightFieldSample@3@I@Z 0000000180008d70 f i Cooking.obj
 0001:00007df0       ?getSample@HeightField@Gu@physx@@UEBAAEBUPxHeightFieldSample@3@II@Z 0000000180008df0 f i Cooking.obj
 0001:00007e30       ?getSampleStride@HeightField@Gu@physx@@UEBAIXZ 0000000180008e30 f i Cooking.obj
 0001:00007e40       ?getTimestamp@HeightField@Gu@physx@@UEBAIXZ 0000000180008e40 f i Cooking.obj
 0001:00007e50       ?getTriangleMaterial@HeightField@Gu@physx@@QEBAGI@Z 0000000180008e50 f i Cooking.obj
 0001:00007eb0       ?getTriangleMaterialIndex@HeightField@Gu@physx@@UEBAGI@Z 0000000180008eb0 f i Cooking.obj
 0001:00007ed0       ?getTriangleNormal@HeightField@Gu@physx@@UEBA?AVPxVec3@3@I@Z 0000000180008ed0 f i Cooking.obj
 0001:00007f10       ?getTriangleNormalInternal@HeightField@Gu@physx@@QEBA?AVPxVec3@3@I@Z 0000000180008f10 f i Cooking.obj
 0001:00008170       ?getTriangleVertexIndices@HeightField@Gu@physx@@QEBAXIAEAI00@Z 0000000180009170 f i Cooking.obj
 0001:000082c0       ?getType@PxMidphaseDesc@physx@@QEBA?AW4Enum@PxMeshMidPhase@2@XZ 00000001800092c0 f i Cooking.obj
 0001:000082d0       ?getVertexData8@ConvexHullData@Gu@physx@@QEBAPEBEXZ 00000001800092d0 f i Cooking.obj
 0001:000083b0       ?getVertices@ConvexMesh@Gu@physx@@UEBAPEBVPxVec3@3@XZ 00000001800093b0 f i Cooking.obj
 0001:000083d0       ?grow@?$Array@UPxDebugLine@physx@@VNamedAllocator@shdfnd@2@@shdfnd@physx@@IEAAXI@Z 00000001800093d0 f i Cooking.obj
 0001:00008450       ?isBitSet@?$PxBitAndDataT@E$0IA@@physx@@QEBAEXZ 0000000180009450 f i Cooking.obj
 0001:00008470       ?isBitSet@?$PxBitAndDataT@G$0IAAA@@physx@@QEBAGXZ 0000000180009470 f i Cooking.obj
 0001:00008490       ?isFirstTriangle@HeightField@Gu@physx@@QEBA_NI@Z 0000000180009490 f i Cooking.obj
 0001:000084d0       ?isInUserMemory@?$Array@UPxDebugLine@physx@@VNamedAllocator@shdfnd@2@@shdfnd@physx@@QEBAIXZ 00000001800094d0 f i Cooking.obj
 0001:000084f0       ?isKindOf@PxBase@physx@@MEBA_NPEBD@Z 00000001800094f0 f i Cooking.obj
 0001:00008530       ?isKindOf@PxConvexMesh@physx@@MEBA_NPEBD@Z 0000000180009530 f i Cooking.obj
 0001:00008590       ?isKindOf@PxHeightField@physx@@MEBA_NPEBD@Z 0000000180009590 f i Cooking.obj
 0001:000085f0       ?isReleasable@PxBase@physx@@UEBA_NXZ 00000001800095f0 f i Cooking.obj
 0001:00008630       ?isValid@PxBVHStructureDesc@physx@@QEBA_NXZ 0000000180009630 f i Cooking.obj
 0001:00008670       ?isValid@PxConvexMeshDesc@physx@@QEBA_NXZ 0000000180009670 f i Cooking.obj
 0001:00008880       ?isValid@PxHeightFieldDesc@physx@@QEBA_NXZ 0000000180009880 f i Cooking.obj
 0001:00008930       ?isValid@PxSimpleTriangleMesh@physx@@QEBA_NXZ 0000000180009930 f i Cooking.obj
 0001:00008a10       ?isValid@PxTriangleMeshDesc@physx@@QEBA_NXZ 0000000180009a10 f i Cooking.obj
 0001:00008a80       ?isValidVertex@HeightField@Gu@physx@@QEBA_NI@Z 0000000180009a80 f i Cooking.obj
 0001:00008ac0       ?isZerothVertexShared@HeightField@Gu@physx@@QEBA_NI@Z 0000000180009ac0 f i Cooking.obj
 0001:00008b10       ?littleEndian@shdfnd@physx@@YADXZ 0000000180009b10 f i Cooking.obj
 0001:00008b30       ?markSerializedMem@Cm@physx@@YAXPEAXI@Z 0000000180009b30 f i Cooking.obj
 0001:00008b70       ?memCopy@intrinsics@physx@@YAPEAXPEAXPEBXI@Z 0000000180009b70 f i Cooking.obj
 0001:00008ba0       ?onRefCountZero@RefCountable@Cm@physx@@UEAAXXZ 0000000180009ba0 f i Cooking.obj
 0001:00008bf0       ?outputSegment@RenderOutput@Cm@physx@@QEAAXAEBVPxVec3@3@0@Z 0000000180009bf0 f i Cooking.obj
 0001:00008c70       ?recreate@?$Array@UPxDebugLine@physx@@VNamedAllocator@shdfnd@2@@shdfnd@physx@@IEAAXI@Z 0000000180009c70 f i Cooking.obj
 0001:00008d90       ?requiresObjects@ConvexMesh@Gu@physx@@UEAAXAEAVPxProcessPxBaseCallback@3@@Z 0000000180009d90 f i Cooking.obj
 0001:00008da0       ?reserve@?$Array@UPxDebugLine@physx@@VNamedAllocator@shdfnd@2@@shdfnd@physx@@QEAAXI@Z 0000000180009da0 f i Cooking.obj
 0001:00008dd0       ?reserveSegments@RenderOutput@Cm@physx@@QEAAPEAUPxDebugLine@3@I@Z 0000000180009dd0 f i Cooking.obj
 0001:00008e00       ?setBigConvexData@ConvexMesh@Gu@physx@@QEAAXPEAVBigConvexData@3@@Z 0000000180009e00 f i Cooking.obj
 0001:00008e20       ?setBigConvexData@ConvexMeshBuilder@physx@@QEAAXPEAVBigConvexData@2@@Z 0000000180009e20 f i Cooking.obj
 0001:00008e40       ?setBit@?$PxBitAndDataT@I$0IAAAAAAA@@physx@@QEAAXXZ 0000000180009e40 f i Cooking.obj
 0001:00008e60       ?setInertia@ConvexMesh@Gu@physx@@QEAAXAEBVPxMat33@3@@Z 0000000180009e60 f i Cooking.obj
 0001:00008e90       ?setMass@ConvexMesh@Gu@physx@@QEAAXM@Z 0000000180009e90 f i Cooking.obj
 0001:00008eb0       ?setNb@ConvexMesh@Gu@physx@@QEAAXI@Z 0000000180009eb0 f i Cooking.obj
 0001:00008ee0       ?size@?$Array@UPxDebugLine@physx@@VNamedAllocator@shdfnd@2@@shdfnd@physx@@QEBAIXZ 0000000180009ee0 f i Cooking.obj
 0001:00008ef0       ?tessFlag@PxHeightFieldSample@physx@@QEBAEXZ 0000000180009ef0 f i Cooking.obj
 0001:00008f30       ??0ReducedVertexCloud@physx@@QEAA@PEBVPxVec3@1@I@Z 0000000180009f30 f   CookingUtils.obj
 0001:00008f90       ??1ReducedVertexCloud@physx@@QEAA@XZ 0000000180009f90 f   CookingUtils.obj
 0001:00008fb0       ?Clean@ReducedVertexCloud@physx@@QEAAAEAV12@XZ 0000000180009fb0 f   CookingUtils.obj
 0001:00009020       ?Reduce@ReducedVertexCloud@physx@@QEAA_NPEAUREDUCEDCLOUD@2@@Z 000000018000a020 f   CookingUtils.obj
 0001:00009520       ??$?_UM@@YAPEAX_KV?$ReflectionAllocator@M@shdfnd@physx@@PEBDH@Z 000000018000a520 f i CookingUtils.obj
 0001:00009560       ??0?$ReflectionAllocator@M@shdfnd@physx@@QEAA@PEBD@Z 000000018000a560 f i CookingUtils.obj
 0001:00009570       ?allocate@?$ReflectionAllocator@M@shdfnd@physx@@QEAAPEAX_KPEBDH@Z 000000018000a570 f i CookingUtils.obj
 0001:000095f0       ?getName@?$ReflectionAllocator@M@shdfnd@physx@@CAPEBDXZ 000000018000a5f0 f i CookingUtils.obj
 0001:00009630       ??0EdgeList@Gu@physx@@QEAA@XZ 000000018000a630 f   EdgeList.obj
 0001:00009680       ??1EdgeList@Gu@physx@@QEAA@XZ 000000018000a680 f   EdgeList.obj
 0001:00009740       ?load@EdgeList@Gu@physx@@QEAA_NAEAVPxInputStream@3@@Z 000000018000a740 f   EdgeList.obj
 0001:00009a70       ??0EdgeListBuilder@Gu@physx@@QEAA@XZ 000000018000aa70 f   EdgeList.obj
 0001:00009aa0       ??1EdgeListBuilder@Gu@physx@@QEAA@XZ 000000018000aaa0 f   EdgeList.obj
 0001:00009ac0       ?init@EdgeListBuilder@Gu@physx@@QEAA_NAEBUEDGELISTCREATE@23@@Z 000000018000aac0 f   EdgeList.obj
 0001:00009ca0       ?createFacesToEdges@EdgeListBuilder@Gu@physx@@AEAA_NIPEBIPEBG@Z 000000018000aca0 f   EdgeList.obj
 0001:0000a470       ?createEdgesToFaces@EdgeListBuilder@Gu@physx@@AEAA_NIPEBIPEBG@Z 000000018000b470 f   EdgeList.obj
 0001:0000aa10       ?computeActiveEdges@EdgeListBuilder@Gu@physx@@AEAA_NIPEBIPEBGPEBVPxVec3@3@M@Z 000000018000ba10 f   EdgeList.obj
 0001:0000c500       ??$?_UUEdgeData@Gu@physx@@@@YAPEAX_KV?$ReflectionAllocator@UEdgeData@Gu@physx@@@shdfnd@physx@@PEBDH@Z 000000018000d500 f i EdgeList.obj
 0001:0000c540       ??$?_UUEdgeTriangleData@Gu@physx@@@@YAPEAX_KV?$ReflectionAllocator@UEdgeTriangleData@Gu@physx@@@shdfnd@physx@@PEBDH@Z 000000018000d540 f i EdgeList.obj
 0001:0000c580       ??0?$ReflectionAllocator@UEdgeData@Gu@physx@@@shdfnd@physx@@QEAA@PEBD@Z 000000018000d580 f i EdgeList.obj
 0001:0000c590       ??0?$ReflectionAllocator@UEdgeTriangleData@Gu@physx@@@shdfnd@physx@@QEAA@PEBD@Z 000000018000d590 f i EdgeList.obj
 0001:0000c5a0       ??0PxPlane@physx@@QEAA@AEBVPxVec3@1@00@Z 000000018000d5a0 f i EdgeList.obj
 0001:0000c660       ??0PxTriangle@physx@@QEAA@AEBVPxVec3@1@00@Z 000000018000d660 f i EdgeList.obj
 0001:0000c710       ??1PxTriangle@physx@@QEAA@XZ 000000018000d710 f i EdgeList.obj
 0001:0000c720       ??DPxVec3@physx@@QEBA?AV01@M@Z 000000018000d720 f i EdgeList.obj
 0001:0000c790       ??GPxVec3@physx@@QEBA?AV01@AEBV01@@Z 000000018000d790 f i EdgeList.obj
 0001:0000c810       ??_0PxVec3@physx@@QEAAAEAV01@M@Z 000000018000d810 f i EdgeList.obj
 0001:0000c890       ?PxAtan2@physx@@YAMMM@Z    000000018000d890 f i EdgeList.obj
 0001:0000c8c0       ?PxRecipSqrt@physx@@YAMM@Z 000000018000d8c0 f i EdgeList.obj
 0001:0000c8e0       ?PxSqrt@physx@@YAMM@Z      000000018000d8e0 f i EdgeList.obj
 0001:0000c900       ?allocate@?$ReflectionAllocator@UEdgeData@Gu@physx@@@shdfnd@physx@@QEAAPEAX_KPEBDH@Z 000000018000d900 f i EdgeList.obj
 0001:0000c980       ?allocate@?$ReflectionAllocator@UEdgeTriangleData@Gu@physx@@@shdfnd@physx@@QEAAPEAX_KPEBDH@Z 000000018000d980 f i EdgeList.obj
 0001:0000ca00       ?angle@shdfnd@physx@@YAMAEBVPxVec3@2@0@Z 000000018000da00 f i EdgeList.obj
 0001:0000ca60       ?cross@PxVec3@physx@@QEBA?AV12@AEBV12@@Z 000000018000da60 f i EdgeList.obj
 0001:0000cb20       ?distance@PxPlane@physx@@QEBAMAEBVPxVec3@2@@Z 000000018000db20 f i EdgeList.obj
 0001:0000cb50       ?dot@PxVec3@physx@@QEBAMAEBV12@@Z 000000018000db50 f i EdgeList.obj
 0001:0000cba0       ?getEdgeToTriangles@EdgeList@Gu@physx@@QEBAPEBUEdgeDescData@23@XZ 000000018000dba0 f i EdgeList.obj
 0001:0000cbb0       ?getEdges@EdgeList@Gu@physx@@QEBAPEBUEdgeData@23@XZ 000000018000dbb0 f i EdgeList.obj
 0001:0000cbc0       ?getFacesByEdges@EdgeList@Gu@physx@@QEBAPEBIXZ 000000018000dbc0 f i EdgeList.obj
 0001:0000cbd0       ?getName@?$ReflectionAllocator@UEdgeData@Gu@physx@@@shdfnd@physx@@CAPEBDXZ 000000018000dbd0 f i EdgeList.obj
 0001:0000cc10       ?getName@?$ReflectionAllocator@UEdgeTriangleData@Gu@physx@@@shdfnd@physx@@CAPEBDXZ 000000018000dc10 f i EdgeList.obj
 0001:0000cc50       ?getNbEdges@EdgeList@Gu@physx@@QEBAIXZ 000000018000dc50 f i EdgeList.obj
 0001:0000cc60       ?getNormalized@PxVec3@physx@@QEBA?AV12@XZ 000000018000dc60 f i EdgeList.obj
 0001:0000ccf0       ?magnitude@PxVec3@physx@@QEBAMXZ 000000018000dcf0 f i EdgeList.obj
 0001:0000cd10       ?magnitudeSquared@PxVec3@physx@@QEBAMXZ 000000018000dd10 f i EdgeList.obj
 0001:0000cd60       ?normal@PxTriangle@physx@@QEBAXAEAVPxVec3@2@@Z 000000018000dd60 f i EdgeList.obj
 0001:0000ce20       ?normalize@PxVec3@physx@@QEAAMXZ 000000018000de20 f i EdgeList.obj
 0001:0000ce70       ?recipSqrt@intrinsics@physx@@YAMM@Z 000000018000de70 f i EdgeList.obj
 0001:0000cea0       ?sqrt@intrinsics@physx@@YAMM@Z 000000018000dea0 f i EdgeList.obj
 0001:0000cec0       fabsf                      000000018000dec0 f i EdgeList.obj
 0001:0000cee0       ??0MeshCleaner@physx@@QEAA@IPEBVPxVec3@1@IPEBIM@Z 000000018000dee0 f   MeshCleaner.obj
 0001:0000dbb0       ??1MeshCleaner@physx@@QEAA@XZ 000000018000ebb0 f   MeshCleaner.obj
 0001:0000dec0       ??9Indices@@QEBA_NAEBU0@@Z 000000018000eec0 f i MeshCleaner.obj
 0001:0000df60       ??9PxVec3@physx@@QEBA_NAEBV01@@Z 000000018000ef60 f i MeshCleaner.obj
 0001:0000dfd0       ?PxFloor@physx@@YAMM@Z     000000018000efd0 f i MeshCleaner.obj
 0001:0000dff0       ?nextPowerOfTwo@shdfnd@physx@@YAII@Z 000000018000eff0 f i MeshCleaner.obj
 0001:0000e060       ?createQuantizer@physx@@YAPEAVQuantizer@1@XZ 000000018000f060 f   Quantizer.obj
 0001:0000e0e0       ?kmeans_cluster3d@@YAIPEBVPxVec3@physx@@IIPEAV12@PEAIMM@Z 000000018000f0e0 f   Quantizer.obj
 0001:0000e140       ??$?2V?$ReflectionAllocator@VQuantizerImpl@@@shdfnd@physx@@@UserAllocated@shdfnd@physx@@SAPEAX_KV?$ReflectionAllocator@VQuantizerImpl@@@12@PEBDH@Z 000000018000f140 f i Quantizer.obj
 0001:0000e180       ??$PX_UNUSED@W4PxZERO@physx@@@@YAXAEBW4PxZERO@physx@@@Z 000000018000f180 f i Quantizer.obj
 0001:0000e190       ??$PxMax@M@physx@@YAMMM@Z  000000018000f190 f i Quantizer.obj
 0001:0000e1c0       ??$PxMin@M@physx@@YAMMM@Z  000000018000f1c0 f i Quantizer.obj
 0001:0000e1f0       ??$kmeans_cluster@VPxVec3@physx@@M@@YAIPEBVPxVec3@physx@@IIPEAV01@PEAIMM@Z 000000018000f1f0 f i Quantizer.obj
 0001:0000e950       ??0?$Array@VPxVec3@physx@@VNamedAllocator@shdfnd@2@@shdfnd@physx@@QEAA@AEBVNamedAllocator@12@@Z 000000018000f950 f i Quantizer.obj
 0001:0000e9a0       ??0?$ReflectionAllocator@VQuantizerImpl@@@shdfnd@physx@@QEAA@PEBD@Z 000000018000f9a0 f i Quantizer.obj
 0001:0000e9b0       ??0PxBounds3@physx@@QEAA@XZ 000000018000f9b0 f i Quantizer.obj
 0001:0000e9f0       ??0PxVec3@physx@@QEAA@W4PxZERO@1@@Z 000000018000f9f0 f i Quantizer.obj
 0001:0000ea40       ??0Quantizer@physx@@QEAA@XZ 000000018000fa40 f i Quantizer.obj
 0001:0000ea60       ??0QuantizerImpl@@QEAA@XZ  000000018000fa60 f i Quantizer.obj
 0001:0000eb60       ??1?$Array@VPxVec3@physx@@VNamedAllocator@shdfnd@2@@shdfnd@physx@@QEAA@XZ 000000018000fb60 f i Quantizer.obj
 0001:0000ebd0       ??1Quantizer@physx@@MEAA@XZ 000000018000fbd0 f i Quantizer.obj
 0001:0000ebf0       ??1QuantizerImpl@@EEAA@XZ  000000018000fbf0 f i Quantizer.obj
 0001:0000ec40       ??A?$Array@VPxVec3@physx@@VNamedAllocator@shdfnd@2@@shdfnd@physx@@QEAAAEAVPxVec3@2@I@Z 000000018000fc40 f i Quantizer.obj
 0001:0000ecc0       ??APxVec3@physx@@QEAAAEAMI@Z 000000018000fcc0 f i Quantizer.obj
 0001:0000ed30       ??HPxVec3@physx@@QEBA?AV01@AEBV01@@Z 000000018000fd30 f i Quantizer.obj
 0001:0000edb0       ??XPxVec3@physx@@QEAAAEAV01@M@Z 000000018000fdb0 f i Quantizer.obj
 0001:0000ee10       ??YPxVec3@physx@@QEAAAEAV01@AEBV01@@Z 000000018000fe10 f i Quantizer.obj
 0001:0000ee80       ??_GQuantizer@physx@@MEAAPEAXI@Z 000000018000fe80 f i Quantizer.obj
 0001:0000ee80       ??_EQuantizer@physx@@MEAAPEAXI@Z 000000018000fe80 f i Quantizer.obj
 0001:0000eec0       ??_EQuantizerImpl@@EEAAPEAXI@Z 000000018000fec0 f i Quantizer.obj
 0001:0000eec0       ??_GQuantizerImpl@@EEAAPEAXI@Z 000000018000fec0 f i Quantizer.obj
 0001:0000ef20       ?PxAbs@physx@@YAMM@Z       000000018000ff20 f i Quantizer.obj
 0001:0000ef40       ?PxIsFinite@physx@@YA_NM@Z 000000018000ff40 f i Quantizer.obj
 0001:0000ef60       ?abs@intrinsics@physx@@YAMM@Z 000000018000ff60 f i Quantizer.obj
 0001:0000ef80       ?allocate@?$Array@VPxVec3@physx@@VNamedAllocator@shdfnd@2@@shdfnd@physx@@IEAAPEAVPxVec3@3@I@Z 000000018000ff80 f i Quantizer.obj
 0001:0000f010       ?allocate@?$ReflectionAllocator@VQuantizerImpl@@@shdfnd@physx@@QEAAPEAX_KPEBDH@Z 0000000180010010 f i Quantizer.obj
 0001:0000f090       ?capacity@?$Array@VPxVec3@physx@@VNamedAllocator@shdfnd@2@@shdfnd@physx@@QEBAIXZ 0000000180010090 f i Quantizer.obj
 0001:0000f0b0       ?capacityIncrement@?$Array@VPxVec3@physx@@VNamedAllocator@shdfnd@2@@shdfnd@physx@@IEBAIXZ 00000001800100b0 f i Quantizer.obj
 0001:0000f0f0       ?clear@?$Array@VPxVec3@physx@@VNamedAllocator@shdfnd@2@@shdfnd@physx@@QEAAXXZ 00000001800100f0 f i Quantizer.obj
 0001:0000f130       ?copy@?$Array@VPxVec3@physx@@VNamedAllocator@shdfnd@2@@shdfnd@physx@@KAXPEAVPxVec3@3@0PEBV43@@Z 0000000180010130 f i Quantizer.obj
 0001:0000f1b0       ?deallocate@?$Array@VPxVec3@physx@@VNamedAllocator@shdfnd@2@@shdfnd@physx@@IEAAXPEAX@Z 00000001800101b0 f i Quantizer.obj
 0001:0000f1e0       ?destroy@?$Array@VPxVec3@physx@@VNamedAllocator@shdfnd@2@@shdfnd@physx@@KAXPEAVPxVec3@3@0@Z 00000001800101e0 f i Quantizer.obj
 0001:0000f210       ?getCenter@PxBounds3@physx@@QEBA?AVPxVec3@2@XZ 0000000180010210 f i Quantizer.obj
 0001:0000f2b0       ?getDenormalizeCenter@QuantizerImpl@@UEBAAEBVPxVec3@physx@@XZ 00000001800102b0 f i Quantizer.obj
 0001:0000f2c0       ?getDenormalizeScale@QuantizerImpl@@UEBAAEBVPxVec3@physx@@XZ 00000001800102c0 f i Quantizer.obj
 0001:0000f2d0       ?getDimensions@PxBounds3@physx@@QEBA?AVPxVec3@2@XZ 00000001800102d0 f i Quantizer.obj
 0001:0000f360       ?getName@?$ReflectionAllocator@VQuantizerImpl@@@shdfnd@physx@@CAPEBDXZ 0000000180010360 f i Quantizer.obj
 0001:0000f3a0       ?growAndPushBack@?$Array@VPxVec3@physx@@VNamedAllocator@shdfnd@2@@shdfnd@physx@@IEAAAEAVPxVec3@3@AEBV43@@Z 00000001800103a0 f i Quantizer.obj
 0001:0000f530       ?include@PxBounds3@physx@@QEAAXAEBVPxVec3@2@@Z 0000000180010530 f i Quantizer.obj
 0001:0000f5f0       ?isFinite@PxBounds3@physx@@QEBA_NXZ 00000001800105f0 f i Quantizer.obj
 0001:0000f650       ?isFinite@PxVec3@physx@@QEBA_NXZ 0000000180010650 f i Quantizer.obj
 0001:0000f6c0       ?isFinite@intrinsics@physx@@YA_NM@Z 00000001800106c0 f i Quantizer.obj
 0001:0000f700       ?isInUserMemory@?$Array@VPxVec3@physx@@VNamedAllocator@shdfnd@2@@shdfnd@physx@@QEBAIXZ 0000000180010700 f i Quantizer.obj
 0001:0000f720       ?isValid@PxBounds3@physx@@QEBA_NXZ 0000000180010720 f i Quantizer.obj
 0001:0000f810       ?kmeansQuantize3D@QuantizerImpl@@UEAAPEBVPxVec3@physx@@IPEBV23@I_NIAEAI@Z 0000000180010810 f i Quantizer.obj
 0001:0000fb40       ?maximum@PxVec3@physx@@QEBA?AV12@AEBV12@@Z 0000000180010b40 f i Quantizer.obj
 0001:0000fbe0       ?minimum@PxVec3@physx@@QEBA?AV12@AEBV12@@Z 0000000180010be0 f i Quantizer.obj
 0001:0000fc80       ?multiply@PxVec3@physx@@QEBA?AV12@AEBV12@@Z 0000000180010c80 f i Quantizer.obj
 0001:0000fd00       ?normalizeInput@QuantizerImpl@@AEAAXIPEBVPxVec3@physx@@I@Z 0000000180010d00 f i Quantizer.obj
 0001:0000ffa0       ?pushBack@?$Array@VPxVec3@physx@@VNamedAllocator@shdfnd@2@@shdfnd@physx@@QEAAAEAVPxVec3@3@AEBV43@@Z 0000000180010fa0 f i Quantizer.obj
 0001:00010040       ?release@QuantizerImpl@@UEAAXXZ 0000000180011040 f i Quantizer.obj
 0001:00010090       ?selectMax@intrinsics@physx@@YAMMM@Z 0000000180011090 f i Quantizer.obj
 0001:000100d0       ?selectMin@intrinsics@physx@@YAMMM@Z 00000001800110d0 f i Quantizer.obj
 0001:00010110       ?setEmpty@PxBounds3@physx@@QEAAXXZ 0000000180011110 f i Quantizer.obj
 0001:00010160       ??0BVHStructureBuilder@physx@@QEAA@XZ 0000000180011160 f   BVHStructureBuilder.obj
 0001:000101b0       ??1BVHStructureBuilder@physx@@QEAA@XZ 00000001800111b0 f   BVHStructureBuilder.obj
 0001:00010240       ?loadFromDesc@BVHStructureBuilder@physx@@QEAA_NAEBVPxBVHStructureDesc@2@@Z 0000000180011240 f   BVHStructureBuilder.obj
 0001:00010580       ?save@BVHStructureBuilder@physx@@QEBA_NAEAVPxOutputStream@2@_N@Z 0000000180011580 f   BVHStructureBuilder.obj
 0001:00010780       ?moveData@BVHStructureBuilder@physx@@QEAAXAEAUBVHStructureData@Gu@2@@Z 0000000180011780 f   BVHStructureBuilder.obj
 0001:00010830       ?flatten@@YAXAEBVNodeAllocator@Gu@physx@@PEAUBVHNode@23@@Z 0000000180011830 f   BVHStructureBuilder.obj
 0001:00010bd0       ??$?4VNamedAllocator@shdfnd@physx@@@?$Array@USlab@NodeAllocator@Gu@physx@@VNamedAllocator@shdfnd@4@@shdfnd@physx@@QEAAAEAV012@AEBV012@@Z 0000000180011bd0 f i BVHStructureBuilder.obj
 0001:00010c60       ??$PX_UNUSED@_N@@YAXAEB_N@Z 0000000180011c60 f i BVHStructureBuilder.obj
 0001:00010c70       ??$copy@VNamedAllocator@shdfnd@physx@@@?$Array@USlab@NodeAllocator@Gu@physx@@VNamedAllocator@shdfnd@4@@shdfnd@physx@@IEAAXAEBV012@@Z 0000000180011c70 f i BVHStructureBuilder.obj
 0001:00010d30       ??0?$Array@USlab@NodeAllocator@Gu@physx@@VNamedAllocator@shdfnd@4@@shdfnd@physx@@QEAA@AEBV012@AEBVNamedAllocator@12@@Z 0000000180011d30 f i BVHStructureBuilder.obj
 0001:00010d70       ??0AABBTreeBuildNode@Gu@physx@@QEAA@AEBV012@@Z 0000000180011d70 f i BVHStructureBuilder.obj
 0001:00010dd0       ??0AABBTreeBuildNode@Gu@physx@@QEAA@XZ 0000000180011dd0 f i BVHStructureBuilder.obj
 0001:00010df0       ??0AABBTreeBuildParams@Gu@physx@@QEAA@IIPEBVPxBounds3@2@@Z 0000000180011df0 f i BVHStructureBuilder.obj
 0001:00010e40       ??0BuildStats@Gu@physx@@QEAA@XZ 0000000180011e40 f i BVHStructureBuilder.obj
 0001:00010e70       ??0NodeAllocator@Gu@physx@@QEAA@AEBV012@@Z 0000000180011e70 f i BVHStructureBuilder.obj
 0001:00010f00       ??0PxBounds3@physx@@QEAA@AEBV01@@Z 0000000180011f00 f i BVHStructureBuilder.obj
 0001:00010f50       ??0PxVec4@physx@@QEAA@XZ   0000000180011f50 f i BVHStructureBuilder.obj
 0001:00010f60       ??1AABBTreeBuildNode@Gu@physx@@QEAA@XZ 0000000180011f60 f i BVHStructureBuilder.obj
 0001:00010f70       ??1AABBTreeBuildParams@Gu@physx@@QEAA@XZ 0000000180011f70 f i BVHStructureBuilder.obj
 0001:00010f90       ??4?$Array@USlab@NodeAllocator@Gu@physx@@VNamedAllocator@shdfnd@4@@shdfnd@physx@@QEAAAEAV012@AEBV012@@Z 0000000180011f90 f i BVHStructureBuilder.obj
 0001:00010fc0       ??4AABBTreeBuildNode@Gu@physx@@QEAAAEAV012@AEBV012@@Z 0000000180011fc0 f i BVHStructureBuilder.obj
 0001:00011020       ??4AABBTreeBuildParams@Gu@physx@@QEAAAEAV012@AEBV012@@Z 0000000180012020 f i BVHStructureBuilder.obj
 0001:00011050       ??4BuildStats@Gu@physx@@QEAAAEAU012@$$QEAU012@@Z 0000000180012050 f i BVHStructureBuilder.obj
 0001:00011080       ??4BuildStats@Gu@physx@@QEAAAEAU012@AEBU012@@Z 0000000180012080 f i BVHStructureBuilder.obj
 0001:000110a0       ??4NodeAllocator@Gu@physx@@QEAAAEAV012@AEBV012@@Z 00000001800120a0 f i BVHStructureBuilder.obj
 0001:00011110       ??4PxBounds3@physx@@QEAAAEAV01@AEBV01@@Z 0000000180012110 f i BVHStructureBuilder.obj
 0001:00011160       ??A?$Array@USlab@NodeAllocator@Gu@physx@@VNamedAllocator@shdfnd@4@@shdfnd@physx@@QEBAAEBUSlab@NodeAllocator@Gu@2@I@Z 0000000180012160 f i BVHStructureBuilder.obj
 0001:000111e0       ??_FAABBTreeBuildParams@Gu@physx@@QEAAXXZ 00000001800121e0 f i BVHStructureBuilder.obj
 0001:00011210       ?V4Add@aos@shdfnd@physx@@YA?AT__m128@@T4@0@Z 0000000180012210 f i BVHStructureBuilder.obj
 0001:00011240       ?V4LoadU@aos@shdfnd@physx@@YA?AT__m128@@QEBM@Z 0000000180012240 f i BVHStructureBuilder.obj
 0001:00011260       ?V4Scale@aos@shdfnd@physx@@YA?AT__m128@@T4@0@Z 0000000180012260 f i BVHStructureBuilder.obj
 0001:00011290       ?V4StoreA@aos@shdfnd@physx@@YAXT__m128@@PEAM@Z 0000000180012290 f i BVHStructureBuilder.obj
 0001:00011310       ?V4StoreU@aos@shdfnd@physx@@YAXT__m128@@PEAM@Z 0000000180012310 f i BVHStructureBuilder.obj
 0001:00011330       ?V4Sub@aos@shdfnd@physx@@YA?AT__m128@@T4@0@Z 0000000180012330 f i BVHStructureBuilder.obj
 0001:00011360       ?__global_array_delete@@YAXPEAX@Z 0000000180012360 f i BVHStructureBuilder.obj
 0001:00011380       ?__global_array_delete@@YAXPEAX_K@Z 0000000180012380 f i BVHStructureBuilder.obj
 0001:000113b0       ?__global_delete@@YAXPEAX@Z 00000001800123b0 f i BVHStructureBuilder.obj
 0001:000113d0       ?__global_delete@@YAXPEAX_K@Z 00000001800123d0 f i BVHStructureBuilder.obj
 0001:00011400       ?allocate@?$Array@USlab@NodeAllocator@Gu@physx@@VNamedAllocator@shdfnd@4@@shdfnd@physx@@IEAAPEAUSlab@NodeAllocator@Gu@3@I@Z 0000000180012400 f i BVHStructureBuilder.obj
 0001:00011490       ?begin@?$Array@USlab@NodeAllocator@Gu@physx@@VNamedAllocator@shdfnd@4@@shdfnd@physx@@QEBAPEBUSlab@NodeAllocator@Gu@3@XZ 0000000180012490 f i BVHStructureBuilder.obj
 0001:000114a0       ?capacity@?$Array@USlab@NodeAllocator@Gu@physx@@VNamedAllocator@shdfnd@4@@shdfnd@physx@@QEBAIXZ 00000001800124a0 f i BVHStructureBuilder.obj
 0001:000114c0       ?clear@?$Array@USlab@NodeAllocator@Gu@physx@@VNamedAllocator@shdfnd@4@@shdfnd@physx@@QEAAXXZ 00000001800124c0 f i BVHStructureBuilder.obj
 0001:00011500       ?copy@?$Array@USlab@NodeAllocator@Gu@physx@@VNamedAllocator@shdfnd@4@@shdfnd@physx@@KAXPEAUSlab@NodeAllocator@Gu@3@0PEBU4563@@Z 0000000180012500 f i BVHStructureBuilder.obj
 0001:00011580       ?deallocate@?$Array@USlab@NodeAllocator@Gu@physx@@VNamedAllocator@shdfnd@4@@shdfnd@physx@@IEAAXPEAX@Z 0000000180012580 f i BVHStructureBuilder.obj
 0001:000115b0       ?destroy@?$Array@USlab@NodeAllocator@Gu@physx@@VNamedAllocator@shdfnd@4@@shdfnd@physx@@KAXPEAUSlab@NodeAllocator@Gu@3@0@Z 00000001800125b0 f i BVHStructureBuilder.obj
 0001:000115e0       ?empty@?$Array@USlab@NodeAllocator@Gu@physx@@VNamedAllocator@shdfnd@4@@shdfnd@physx@@QEBA_NXZ 00000001800125e0 f i BVHStructureBuilder.obj
 0001:00011610       ?getAABB@AABBTreeBuildNode@Gu@physx@@QEBAAEBVPxBounds3@3@XZ 0000000180012610 f i BVHStructureBuilder.obj
 0001:00011620       ?getCount@BuildStats@Gu@physx@@QEBAIXZ 0000000180012620 f i BVHStructureBuilder.obj
 0001:00011630       ?getNbPrimitives@AABBTreeBuildNode@Gu@physx@@QEBAIXZ 0000000180012630 f i BVHStructureBuilder.obj
 0001:00011640       ?getNbRuntimePrimitives@AABBTreeBuildNode@Gu@physx@@QEBAIXZ 0000000180012640 f i BVHStructureBuilder.obj
 0001:00011650       ?getNeg@AABBTreeBuildNode@Gu@physx@@QEBAPEBV123@XZ 0000000180012650 f i BVHStructureBuilder.obj
 0001:00011690       ?getPos@AABBTreeBuildNode@Gu@physx@@QEBAPEBV123@XZ 0000000180012690 f i BVHStructureBuilder.obj
 0001:000116a0       ?getPrimitives@AABBTreeBuildNode@Gu@physx@@QEAAPEAIPEAI@Z 00000001800126a0 f i BVHStructureBuilder.obj
 0001:000116c0       ?getPrimitives@AABBTreeBuildNode@Gu@physx@@QEBAPEBIPEBI@Z 00000001800126c0 f i BVHStructureBuilder.obj
 0001:000116e0       ?grow@?$Array@USlab@NodeAllocator@Gu@physx@@VNamedAllocator@shdfnd@4@@shdfnd@physx@@IEAAXI@Z 00000001800126e0 f i BVHStructureBuilder.obj
 0001:00011760       ?increaseCount@BuildStats@Gu@physx@@QEAAXI@Z 0000000180012760 f i BVHStructureBuilder.obj
 0001:00011780       ?inflateBounds@@YAXAEAVPxBounds3@physx@@AEBV12@@Z 0000000180012780 f i BVHStructureBuilder.obj
 0001:00011970       ?isAligned16@aos@shdfnd@physx@@YA_NPEAX@Z 0000000180012970 f i BVHStructureBuilder.obj
 0001:000119a0       ?isInUserMemory@?$Array@USlab@NodeAllocator@Gu@physx@@VNamedAllocator@shdfnd@4@@shdfnd@physx@@QEBAIXZ 00000001800129a0 f i BVHStructureBuilder.obj
 0001:000119c0       ?isLeaf@AABBTreeBuildNode@Gu@physx@@QEBA_NXZ 00000001800129c0 f i BVHStructureBuilder.obj
 0001:00011a00       ?recreate@?$Array@USlab@NodeAllocator@Gu@physx@@VNamedAllocator@shdfnd@4@@shdfnd@physx@@IEAAXI@Z 0000000180012a00 f i BVHStructureBuilder.obj
 0001:00011b20       ?reserve@?$Array@USlab@NodeAllocator@Gu@physx@@VNamedAllocator@shdfnd@4@@shdfnd@physx@@QEAAXI@Z 0000000180012b20 f i BVHStructureBuilder.obj
 0001:00011b50       ?reset@AABBTreeBuildParams@Gu@physx@@QEAAXXZ 0000000180012b50 f i BVHStructureBuilder.obj
 0001:00011bb0       ?reset@BuildStats@Gu@physx@@QEAAXXZ 0000000180012bb0 f i BVHStructureBuilder.obj
 0001:00011bd0       ?setCount@BuildStats@Gu@physx@@QEAAXI@Z 0000000180012bd0 f i BVHStructureBuilder.obj
 0001:00011bf0       ?setNbRunTimePrimitives@AABBTreeBuildNode@Gu@physx@@QEAAXI@Z 0000000180012bf0 f i BVHStructureBuilder.obj
 0001:00011c10       ?size@?$Array@USlab@NodeAllocator@Gu@physx@@VNamedAllocator@shdfnd@4@@shdfnd@physx@@QEBAIXZ 0000000180012c10 f i BVHStructureBuilder.obj
 0001:00011c20       ?saveHeightField@physx@@YA_NAEBVHeightField@Gu@1@AEAVPxOutputStream@1@_N@Z 0000000180012c20 f   HeightFieldCooking.obj
 0001:00011fd0       ??APxVec3@physx@@QEBAAEBMI@Z 0000000180012fd0 f i HeightFieldCooking.obj
 0001:00012040       ??B?$PxFlags@W4Enum@PxHeightFieldFlag@physx@@G@physx@@QEBAGXZ 0000000180013040 f i HeightFieldCooking.obj
 0001:00012050       ?getData@HeightField@Gu@physx@@QEBAAEBUHeightFieldData@23@XZ 0000000180013050 f i HeightFieldCooking.obj
 0001:00012060       ?getMax@CenterExtents@Gu@physx@@QEBAMI@Z 0000000180013060 f i HeightFieldCooking.obj
 0001:000120b0       ?getMin@CenterExtents@Gu@physx@@QEBAMI@Z 00000001800130b0 f i HeightFieldCooking.obj
 0001:00012100       ?buildFromTriangles@RTreeCooker@physx@@SAXAEAURTree@Gu@2@PEBVPxVec3@2@IPEBGPEBIIAEAV?$Array@IVNamedAllocator@shdfnd@physx@@@shdfnd@2@PEAURemapCallback@12@MW4Enum@PxMeshCookingHint@2@@Z 0000000180013100 f   RTreeCooking.obj
 0001:00013940       ??$PX_UNUSED@I@@YAXAEBI@Z  0000000180014940 f i RTreeCooking.obj
 0001:00013950       ??$PX_UNUSED@M@@YAXAEBM@Z  0000000180014950 f i RTreeCooking.obj
 0001:00013960       ??$PX_UNUSED@PEAURTreeNodeNQ@physx@@@@YAXAEBQEAURTreeNodeNQ@physx@@@Z 0000000180014960 f i RTreeCooking.obj
 0001:00013970       ??$PX_UNUSED@URTreeNodeNQ@physx@@@@YAXAEBURTreeNodeNQ@physx@@@Z 0000000180014970 f i RTreeCooking.obj
 0001:00013980       ??$PxMax@H@physx@@YAHHH@Z  0000000180014980 f i RTreeCooking.obj
 0001:000139b0       ??$PxMin@I@physx@@YAIII@Z  00000001800149b0 f i RTreeCooking.obj
 0001:000139e0       ??$median3@I$$CBU?$Less@I@shdfnd@physx@@@internal@shdfnd@physx@@YAXPEAIHHAEBU?$Less@I@12@@Z 00000001800149e0 f i RTreeCooking.obj
 0001:00013b40       ??$median3@I$$CBUSortBoundsPredicate@physx@@@internal@shdfnd@physx@@YAXPEAIHHAEBUSortBoundsPredicate@2@@Z 0000000180014b40 f i RTreeCooking.obj
 0001:00013ca0       ??$partition@I$$CBU?$Less@I@shdfnd@physx@@@internal@shdfnd@physx@@YAHPEAIHHAEBU?$Less@I@12@@Z 0000000180014ca0 f i RTreeCooking.obj
 0001:00013e90       ??$partition@I$$CBUSortBoundsPredicate@physx@@@internal@shdfnd@physx@@YAHPEAIHHAEBUSortBoundsPredicate@2@@Z 0000000180014e90 f i RTreeCooking.obj
 0001:00014080       ??$partition@UBoundsLTE@physx@@@quickSelect@physx@@YAIPEIAIIIIAEBUBoundsLTE@1@@Z 0000000180015080 f i RTreeCooking.obj
 0001:000143d0       ??$quickSelectFirstK@UBoundsLTE@physx@@@quickSelect@physx@@YAXPEIAIIIIAEBUBoundsLTE@1@@Z 00000001800153d0 f i RTreeCooking.obj
 0001:00014530       ??$smallSort@I$$CBU?$Less@I@shdfnd@physx@@@internal@shdfnd@physx@@YAXPEAIHHAEBU?$Less@I@12@@Z 0000000180015530 f i RTreeCooking.obj
 0001:00014610       ??$smallSort@I$$CBUSortBoundsPredicate@physx@@@internal@shdfnd@physx@@YAXPEAIHHAEBUSortBoundsPredicate@2@@Z 0000000180015610 f i RTreeCooking.obj
 0001:000146f0       ??$sort@I@shdfnd@physx@@YAXPEAII@Z 00000001800156f0 f i RTreeCooking.obj
 0001:00014740       ??$sort@IU?$Less@I@shdfnd@physx@@VNamedAllocator@23@@shdfnd@physx@@YAXPEAIIAEBU?$Less@I@01@AEBVNamedAllocator@01@I@Z 0000000180015740 f i RTreeCooking.obj
 0001:00014a30       ??$sort@IUSortBoundsPredicate@physx@@@shdfnd@physx@@YAXPEAIIAEBUSortBoundsPredicate@1@@Z 0000000180015a30 f i RTreeCooking.obj
 0001:00014a80       ??$sort@IUSortBoundsPredicate@physx@@VNamedAllocator@shdfnd@2@@shdfnd@physx@@YAXPEAIIAEBUSortBoundsPredicate@1@AEBVNamedAllocator@01@I@Z 0000000180015a80 f i RTreeCooking.obj
 0001:00014d70       ??0?$AlignedAllocator@$0IA@VNonTrackingAllocator@shdfnd@physx@@@shdfnd@physx@@QEAA@AEBVNonTrackingAllocator@12@@Z 0000000180015d70 f i RTreeCooking.obj
 0001:00014d80       ??0?$Array@IVNamedAllocator@shdfnd@physx@@@shdfnd@physx@@QEAA@IAEBIAEBVNamedAllocator@12@@Z 0000000180015d80 f i RTreeCooking.obj
 0001:00014df0       ??0?$Array@UInterval@physx@@V?$InlineAllocator@$0CAAA@VNamedAllocator@shdfnd@physx@@@shdfnd@2@@shdfnd@physx@@QEAA@AEBV?$InlineAllocator@$0CAAA@VNamedAllocator@shdfnd@physx@@@12@@Z 0000000180015df0 f i RTreeCooking.obj
 0001:00014e50       ??0?$Array@UPxBounds3V@physx@@VNamedAllocator@shdfnd@2@@shdfnd@physx@@QEAA@AEBVNamedAllocator@12@@Z 0000000180015e50 f i RTreeCooking.obj
 0001:00014ea0       ??0?$Array@URTreeNodeNQ@physx@@VNamedAllocator@shdfnd@2@@shdfnd@physx@@QEAA@AEBVNamedAllocator@12@@Z 0000000180015ea0 f i RTreeCooking.obj
 0001:00014ef0       ??0?$Array@URTreeNodeQ@Gu@physx@@VNamedAllocator@shdfnd@3@@shdfnd@physx@@QEAA@AEBVNamedAllocator@12@@Z 0000000180015ef0 f i RTreeCooking.obj
 0001:00014f40       ??0?$InlineAllocator@$0CAAA@VNamedAllocator@shdfnd@physx@@@shdfnd@physx@@QEAA@AEBV012@@Z 0000000180015f40 f i RTreeCooking.obj
 0001:00014f80       ??0?$InlineAllocator@$0CAAA@VNamedAllocator@shdfnd@physx@@@shdfnd@physx@@QEAA@AEBVNamedAllocator@12@@Z 0000000180015f80 f i RTreeCooking.obj
 0001:00014fc0       ??0?$InlineArray@UInterval@physx@@$0EAA@VNamedAllocator@shdfnd@2@@shdfnd@physx@@QEAA@AEBVNamedAllocator@12@@Z 0000000180015fc0 f i RTreeCooking.obj
 0001:00015050       ??0?$ScopedPointer@HVTempAllocator@shdfnd@physx@@@shdfnd@physx@@QEAA@XZ 0000000180016050 f i RTreeCooking.obj
 0001:00015070       ??0?$Stack@VNamedAllocator@shdfnd@physx@@@internal@shdfnd@physx@@QEAA@PEAHIAEBVNamedAllocator@23@@Z 0000000180016070 f i RTreeCooking.obj
 0001:000150e0       ??0BoundsLTE@physx@@QEAA@IPEBVPxVec3@1@@Z 00000001800160e0 f i RTreeCooking.obj
 0001:00015110       ??0Interval@physx@@QEAA@II@Z 0000000180016110 f i RTreeCooking.obj
 0001:00015140       ??0PxBounds3@physx@@QEAA@AEBVPxVec3@1@0@Z 0000000180016140 f i RTreeCooking.obj
 0001:00015190       ??0PxBounds3V@physx@@QEAA@AEAT__m128@@0@Z 0000000180016190 f i RTreeCooking.obj
 0001:000151d0       ??0PxBounds3V@physx@@QEAA@UU@01@@Z 00000001800161d0 f i RTreeCooking.obj
 0001:000151e0       ??0PxVec4@physx@@QEAA@AEBVPxVec3@1@M@Z 00000001800161e0 f i RTreeCooking.obj
 0001:00015240       ??0PxVec4@physx@@QEAA@M@Z  0000000180016240 f i RTreeCooking.obj
 0001:00015290       ??0RTreeNodeNQ@physx@@QEAA@AEBU01@@Z 0000000180016290 f i RTreeCooking.obj
 0001:000152e0       ??0RTreeNodeNQ@physx@@QEAA@XZ 00000001800162e0 f i RTreeCooking.obj
 0001:00015320       ??0SortBoundsPredicate@physx@@QEAA@IPEBUPxBounds3V@1@@Z 0000000180016320 f i RTreeCooking.obj
 0001:00015350       ??0SubSortQuick@physx@@QEAA@PEAIPEBUPxBounds3V@1@IM@Z 0000000180016350 f i RTreeCooking.obj
 0001:000154c0       ??0SubSortSAH@physx@@QEAA@PEAIPEBUPxBounds3V@1@IPEBI22222M@Z 00000001800164c0 f i RTreeCooking.obj
 0001:000156e0       ??0TempAllocator@shdfnd@physx@@QEAA@PEBD@Z 00000001800166e0 f i RTreeCooking.obj
 0001:000156f0       ??1?$Array@IVNamedAllocator@shdfnd@physx@@@shdfnd@physx@@QEAA@XZ 00000001800166f0 f i RTreeCooking.obj
 0001:00015760       ??1?$Array@UInterval@physx@@V?$InlineAllocator@$0CAAA@VNamedAllocator@shdfnd@physx@@@shdfnd@2@@shdfnd@physx@@QEAA@XZ 0000000180016760 f i RTreeCooking.obj
 0001:000157e0       ??1?$Array@UPxBounds3V@physx@@VNamedAllocator@shdfnd@2@@shdfnd@physx@@QEAA@XZ 00000001800167e0 f i RTreeCooking.obj
 0001:00015850       ??1?$Array@URTreeNodeNQ@physx@@VNamedAllocator@shdfnd@2@@shdfnd@physx@@QEAA@XZ 0000000180016850 f i RTreeCooking.obj
 0001:000158c0       ??1?$Array@URTreeNodeQ@Gu@physx@@VNamedAllocator@shdfnd@3@@shdfnd@physx@@QEAA@XZ 00000001800168c0 f i RTreeCooking.obj
 0001:00015930       ??1?$InlineAllocator@$0CAAA@VNamedAllocator@shdfnd@physx@@@shdfnd@physx@@QEAA@XZ 0000000180016930 f i RTreeCooking.obj
 0001:00015950       ??1?$InlineArray@UInterval@physx@@$0EAA@VNamedAllocator@shdfnd@2@@shdfnd@physx@@QEAA@XZ 0000000180016950 f i RTreeCooking.obj
 0001:00015970       ??1?$ScopedPointer@HVTempAllocator@shdfnd@physx@@@shdfnd@physx@@QEAA@XZ 0000000180016970 f i RTreeCooking.obj
 0001:000159a0       ??1?$Stack@VNamedAllocator@shdfnd@physx@@@internal@shdfnd@physx@@QEAA@XZ 00000001800169a0 f i RTreeCooking.obj
 0001:000159e0       ??1SubSortQuick@physx@@QEAA@XZ 00000001800169e0 f i RTreeCooking.obj
 0001:00015a00       ??1SubSortSAH@physx@@QEAA@XZ 0000000180016a00 f i RTreeCooking.obj
 0001:00015ac0       ??4PxVec4@physx@@QEAAAEAV01@AEBV01@@Z 0000000180016ac0 f i RTreeCooking.obj
 0001:00015b20       ??A?$Array@IVNamedAllocator@shdfnd@physx@@@shdfnd@physx@@QEAAAEAII@Z 0000000180016b20 f i RTreeCooking.obj
 0001:00015ba0       ??A?$Array@UInterval@physx@@V?$InlineAllocator@$0CAAA@VNamedAllocator@shdfnd@physx@@@shdfnd@2@@shdfnd@physx@@QEAAAEAUInterval@2@I@Z 0000000180016ba0 f i RTreeCooking.obj
 0001:00015c20       ??A?$Array@URTreeNodeNQ@physx@@VNamedAllocator@shdfnd@2@@shdfnd@physx@@QEAAAEAURTreeNodeNQ@2@I@Z 0000000180016c20 f i RTreeCooking.obj
 0001:00015ca0       ??A?$Array@URTreeNodeQ@Gu@physx@@VNamedAllocator@shdfnd@3@@shdfnd@physx@@QEAAAEAURTreeNodeQ@Gu@2@I@Z 0000000180016ca0 f i RTreeCooking.obj
 0001:00015d20       ??B?$ScopedPointer@HVTempAllocator@shdfnd@physx@@@shdfnd@physx@@QEBAPEAHXZ 0000000180016d20 f i RTreeCooking.obj
 0001:00015d30       ??GPxVec4@physx@@QEBA?AV01@AEBV01@@Z 0000000180016d30 f i RTreeCooking.obj
 0001:00015dc0       ??KPxVec4@physx@@QEBA?AV01@M@Z 0000000180016dc0 f i RTreeCooking.obj
 0001:00015e60       ??R?$Less@I@shdfnd@physx@@QEBA_NAEBI0@Z 0000000180016e60 f i RTreeCooking.obj
 0001:00015ea0       ??RBoundsLTE@physx@@QEBA_NAEBI0@Z 0000000180016ea0 f i RTreeCooking.obj
 0001:00015f40       ??RSortBoundsPredicate@physx@@QEBA_NAEBI0@Z 0000000180016f40 f i RTreeCooking.obj
 0001:00016070       ?FMax@aos@shdfnd@physx@@YA?AT__m128@@XZ 0000000180017070 f i RTreeCooking.obj
 0001:00016090       ?FNegMax@aos@shdfnd@physx@@YA?AT__m128@@XZ 0000000180017090 f i RTreeCooking.obj
 0001:000160b0       ?FStore@aos@shdfnd@physx@@YAXT__m128@@PEIAM@Z 00000001800170b0 f i RTreeCooking.obj
 0001:00016140       ?PxAbs@physx@@YAHH@Z       0000000180017140 f i RTreeCooking.obj
 0001:00016160       ?V3Add@aos@shdfnd@physx@@YA?AT__m128@@T4@0@Z 0000000180017160 f i RTreeCooking.obj
 0001:00016270       ?V3Dot@aos@shdfnd@physx@@YA?AT__m128@@T4@0@Z 0000000180017270 f i RTreeCooking.obj
 0001:00016410       ?V3LoadU@aos@shdfnd@physx@@YA?AT__m128@@AEBVPxVec3@3@@Z 0000000180017410 f i RTreeCooking.obj
 0001:00016460       ?V3Max@aos@shdfnd@physx@@YA?AT__m128@@T4@0@Z 0000000180017460 f i RTreeCooking.obj
 0001:00016570       ?V3Min@aos@shdfnd@physx@@YA?AT__m128@@T4@0@Z 0000000180017570 f i RTreeCooking.obj
 0001:00016680       ?V3PermZXY@aos@shdfnd@physx@@YA?AT__m128@@T4@@Z 0000000180017680 f i RTreeCooking.obj
 0001:00016710       ?V3ReadXYZ@aos@shdfnd@physx@@YAAEBVPxVec3@3@AEBT__m128@@@Z 0000000180017710 f i RTreeCooking.obj
 0001:00016720       ?V3Splat@aos@shdfnd@physx@@YA?AT__m128@@T4@@Z 0000000180017720 f i RTreeCooking.obj
 0001:00016800       ?V3StoreA@aos@shdfnd@physx@@YAXT__m128@@AEAVPxVec3@3@@Z 0000000180017800 f i RTreeCooking.obj
 0001:000168c0       ?V3StoreU@aos@shdfnd@physx@@YAXT__m128@@AEAVPxVec3@3@@Z 00000001800178c0 f i RTreeCooking.obj
 0001:00016930       ?V3Sub@aos@shdfnd@physx@@YA?AT__m128@@T4@0@Z 0000000180017930 f i RTreeCooking.obj
 0001:00016a40       ?V3Zero@aos@shdfnd@physx@@YA?AT__m128@@XZ 0000000180017a40 f i RTreeCooking.obj
 0001:00016a60       ?V4ClearW@aos@shdfnd@physx@@YA?AT__m128@@T4@@Z 0000000180017a60 f i RTreeCooking.obj
 0001:00016a90       ?V4ReadW@aos@shdfnd@physx@@YAMAEBT__m128@@@Z 0000000180017a90 f i RTreeCooking.obj
 0001:00016aa0       ?V4ReadX@aos@shdfnd@physx@@YAMAEBT__m128@@@Z 0000000180017aa0 f i RTreeCooking.obj
 0001:00016ab0       ?V4ReadY@aos@shdfnd@physx@@YAMAEBT__m128@@@Z 0000000180017ab0 f i RTreeCooking.obj
 0001:00016ac0       ?V4ReadZ@aos@shdfnd@physx@@YAMAEBT__m128@@@Z 0000000180017ac0 f i RTreeCooking.obj
 0001:00016ad0       ?Vec3V_From_FloatV@aos@shdfnd@physx@@YA?AT__m128@@T4@@Z 0000000180017ad0 f i RTreeCooking.obj
 0001:00016b20       ?Vec3V_From_Vec4V@aos@shdfnd@physx@@YA?AT__m128@@T4@@Z 0000000180017b20 f i RTreeCooking.obj
 0001:00016b50       ?Vec4V_From_FloatV@aos@shdfnd@physx@@YA?AT__m128@@T4@@Z 0000000180017b50 f i RTreeCooking.obj
 0001:00016b60       ?allocate@?$AlignedAllocator@$0IA@VNonTrackingAllocator@shdfnd@physx@@@shdfnd@physx@@QEAAPEAX_KPEBDH@Z 0000000180017b60 f i RTreeCooking.obj
 0001:00016c00       ?allocate@?$Array@IVNamedAllocator@shdfnd@physx@@@shdfnd@physx@@IEAAPEAII@Z 0000000180017c00 f i RTreeCooking.obj
 0001:00016c90       ?allocate@?$Array@UInterval@physx@@V?$InlineAllocator@$0CAAA@VNamedAllocator@shdfnd@physx@@@shdfnd@2@@shdfnd@physx@@IEAAPEAUInterval@3@I@Z 0000000180017c90 f i RTreeCooking.obj
 0001:00016d20       ?allocate@?$Array@UPxBounds3V@physx@@VNamedAllocator@shdfnd@2@@shdfnd@physx@@IEAAPEAUPxBounds3V@3@I@Z 0000000180017d20 f i RTreeCooking.obj
 0001:00016db0       ?allocate@?$Array@URTreeNodeNQ@physx@@VNamedAllocator@shdfnd@2@@shdfnd@physx@@IEAAPEAURTreeNodeNQ@3@I@Z 0000000180017db0 f i RTreeCooking.obj
 0001:00016e40       ?allocate@?$Array@URTreeNodeQ@Gu@physx@@VNamedAllocator@shdfnd@3@@shdfnd@physx@@IEAAPEAURTreeNodeQ@Gu@3@I@Z 0000000180017e40 f i RTreeCooking.obj
 0001:00016ed0       ?allocate@?$InlineAllocator@$0CAAA@VNamedAllocator@shdfnd@physx@@@shdfnd@physx@@QEAAPEAXIPEBDH@Z 0000000180017ed0 f i RTreeCooking.obj
 0001:00016f40       ?allocate@NonTrackingAllocator@shdfnd@physx@@QEAAPEAX_KPEBDH@Z 0000000180017f40 f i RTreeCooking.obj
 0001:00016fb0       ?begin@?$Array@IVNamedAllocator@shdfnd@physx@@@shdfnd@physx@@QEAAPEAIXZ 0000000180017fb0 f i RTreeCooking.obj
 0001:00016fc0       ?begin@?$Array@UPxBounds3V@physx@@VNamedAllocator@shdfnd@2@@shdfnd@physx@@QEAAPEAUPxBounds3V@3@XZ 0000000180017fc0 f i RTreeCooking.obj
 0001:00016fd0       ?begin@?$Array@VPxVec3@physx@@VNamedAllocator@shdfnd@2@@shdfnd@physx@@QEAAPEAVPxVec3@3@XZ 0000000180017fd0 f i RTreeCooking.obj
 0001:00016fe0       ?capacity@?$Array@IVNamedAllocator@shdfnd@physx@@@shdfnd@physx@@QEBAIXZ 0000000180017fe0 f i RTreeCooking.obj
 0001:00017000       ?capacity@?$Array@UInterval@physx@@V?$InlineAllocator@$0CAAA@VNamedAllocator@shdfnd@physx@@@shdfnd@2@@shdfnd@physx@@QEBAIXZ 0000000180018000 f i RTreeCooking.obj
 0001:00017020       ?capacity@?$Array@UPxBounds3V@physx@@VNamedAllocator@shdfnd@2@@shdfnd@physx@@QEBAIXZ 0000000180018020 f i RTreeCooking.obj
 0001:00017040       ?capacity@?$Array@URTreeNodeNQ@physx@@VNamedAllocator@shdfnd@2@@shdfnd@physx@@QEBAIXZ 0000000180018040 f i RTreeCooking.obj
 0001:00017060       ?capacity@?$Array@URTreeNodeQ@Gu@physx@@VNamedAllocator@shdfnd@3@@shdfnd@physx@@QEBAIXZ 0000000180018060 f i RTreeCooking.obj
 0001:00017080       ?capacityIncrement@?$Array@IVNamedAllocator@shdfnd@physx@@@shdfnd@physx@@IEBAIXZ 0000000180018080 f i RTreeCooking.obj
 0001:000170c0       ?capacityIncrement@?$Array@UInterval@physx@@V?$InlineAllocator@$0CAAA@VNamedAllocator@shdfnd@physx@@@shdfnd@2@@shdfnd@physx@@IEBAIXZ 00000001800180c0 f i RTreeCooking.obj
 0001:00017100       ?capacityIncrement@?$Array@UPxBounds3V@physx@@VNamedAllocator@shdfnd@2@@shdfnd@physx@@IEBAIXZ 0000000180018100 f i RTreeCooking.obj
 0001:00017140       ?capacityIncrement@?$Array@URTreeNodeNQ@physx@@VNamedAllocator@shdfnd@2@@shdfnd@physx@@IEBAIXZ 0000000180018140 f i RTreeCooking.obj
 0001:00017180       ?capacityIncrement@?$Array@URTreeNodeQ@Gu@physx@@VNamedAllocator@shdfnd@3@@shdfnd@physx@@IEBAIXZ 0000000180018180 f i RTreeCooking.obj
 0001:000171c0       ?computeSA@SubSortSAH@physx@@QEAAMPEBIAEBUInterval@2@@Z 00000001800181c0 f i RTreeCooking.obj
 0001:000173d0       ?copy@?$Array@IVNamedAllocator@shdfnd@physx@@@shdfnd@physx@@KAXPEAI0PEBI@Z 00000001800183d0 f i RTreeCooking.obj
 0001:00017450       ?copy@?$Array@UInterval@physx@@V?$InlineAllocator@$0CAAA@VNamedAllocator@shdfnd@physx@@@shdfnd@2@@shdfnd@physx@@KAXPEAUInterval@3@0PEBU43@@Z 0000000180018450 f i RTreeCooking.obj
 0001:000174d0       ?copy@?$Array@UPxBounds3V@physx@@VNamedAllocator@shdfnd@2@@shdfnd@physx@@KAXPEAUPxBounds3V@3@0PEBU43@@Z 00000001800184d0 f i RTreeCooking.obj
 0001:00017550       ?copy@?$Array@URTreeNodeNQ@physx@@VNamedAllocator@shdfnd@2@@shdfnd@physx@@KAXPEAURTreeNodeNQ@3@0PEBU43@@Z 0000000180018550 f i RTreeCooking.obj
 0001:000175d0       ?copy@?$Array@URTreeNodeQ@Gu@physx@@VNamedAllocator@shdfnd@3@@shdfnd@physx@@KAXPEAURTreeNodeQ@Gu@3@0PEBU453@@Z 00000001800185d0 f i RTreeCooking.obj
 0001:00017650       ?create@?$Array@IVNamedAllocator@shdfnd@physx@@@shdfnd@physx@@KAXPEAI0AEBI@Z 0000000180018650 f i RTreeCooking.obj
 0001:000176b0       ?deallocate@?$Array@IVNamedAllocator@shdfnd@physx@@@shdfnd@physx@@IEAAXPEAX@Z 00000001800186b0 f i RTreeCooking.obj
 0001:000176e0       ?deallocate@?$Array@UInterval@physx@@V?$InlineAllocator@$0CAAA@VNamedAllocator@shdfnd@physx@@@shdfnd@2@@shdfnd@physx@@IEAAXPEAX@Z 00000001800186e0 f i RTreeCooking.obj
 0001:00017710       ?deallocate@?$Array@UPxBounds3V@physx@@VNamedAllocator@shdfnd@2@@shdfnd@physx@@IEAAXPEAX@Z 0000000180018710 f i RTreeCooking.obj
 0001:00017740       ?deallocate@?$Array@URTreeNodeNQ@physx@@VNamedAllocator@shdfnd@2@@shdfnd@physx@@IEAAXPEAX@Z 0000000180018740 f i RTreeCooking.obj
 0001:00017770       ?deallocate@?$Array@URTreeNodeQ@Gu@physx@@VNamedAllocator@shdfnd@3@@shdfnd@physx@@IEAAXPEAX@Z 0000000180018770 f i RTreeCooking.obj
 0001:000177a0       ?deallocate@?$InlineAllocator@$0CAAA@VNamedAllocator@shdfnd@physx@@@shdfnd@physx@@QEAAXPEAX@Z 00000001800187a0 f i RTreeCooking.obj
 0001:000177e0       ?destroy@?$Array@IVNamedAllocator@shdfnd@physx@@@shdfnd@physx@@KAXPEAI0@Z 00000001800187e0 f i RTreeCooking.obj
 0001:00017810       ?destroy@?$Array@UInterval@physx@@V?$InlineAllocator@$0CAAA@VNamedAllocator@shdfnd@physx@@@shdfnd@2@@shdfnd@physx@@KAXPEAUInterval@3@0@Z 0000000180018810 f i RTreeCooking.obj
 0001:00017840       ?destroy@?$Array@UPxBounds3V@physx@@VNamedAllocator@shdfnd@2@@shdfnd@physx@@KAXPEAUPxBounds3V@3@0@Z 0000000180018840 f i RTreeCooking.obj
 0001:00017870       ?destroy@?$Array@URTreeNodeNQ@physx@@VNamedAllocator@shdfnd@2@@shdfnd@physx@@KAXPEAURTreeNodeNQ@3@0@Z 0000000180018870 f i RTreeCooking.obj
 0001:000178a0       ?destroy@?$Array@URTreeNodeQ@Gu@physx@@VNamedAllocator@shdfnd@3@@shdfnd@physx@@KAXPEAURTreeNodeQ@Gu@3@0@Z 00000001800188a0 f i RTreeCooking.obj
 0001:000178d0       ?empty@?$Stack@VNamedAllocator@shdfnd@physx@@@internal@shdfnd@physx@@QEAA_NXZ 00000001800188d0 f i RTreeCooking.obj
 0001:00017900       ?empty@PxBounds3@physx@@SA?AV12@XZ 0000000180018900 f i RTreeCooking.obj
 0001:00017960       ?getExtents@PxBounds3V@physx@@QEBA?AT__m128@@XZ 0000000180018960 f i RTreeCooking.obj
 0001:000179c0       ?getMaxVec3@PxBounds3V@physx@@QEBA?BVPxVec3@2@XZ 00000001800189c0 f i RTreeCooking.obj
 0001:00017a10       ?getMinVec3@PxBounds3V@physx@@QEBA?BVPxVec3@2@XZ 0000000180018a10 f i RTreeCooking.obj
 0001:00017a60       ?grow@?$Array@IVNamedAllocator@shdfnd@physx@@@shdfnd@physx@@IEAAXI@Z 0000000180018a60 f i RTreeCooking.obj
 0001:00017ae0       ?grow@?$Array@UPxBounds3V@physx@@VNamedAllocator@shdfnd@2@@shdfnd@physx@@IEAAXI@Z 0000000180018ae0 f i RTreeCooking.obj
 0001:00017b60       ?grow@?$Array@URTreeNodeNQ@physx@@VNamedAllocator@shdfnd@2@@shdfnd@physx@@IEAAXI@Z 0000000180018b60 f i RTreeCooking.obj
 0001:00017be0       ?grow@?$Array@URTreeNodeQ@Gu@physx@@VNamedAllocator@shdfnd@3@@shdfnd@physx@@IEAAXI@Z 0000000180018be0 f i RTreeCooking.obj
 0001:00017c60       ?grow@?$Array@VPxVec3@physx@@VNamedAllocator@shdfnd@2@@shdfnd@physx@@IEAAXI@Z 0000000180018c60 f i RTreeCooking.obj
 0001:00017ce0       ?grow@?$Stack@VNamedAllocator@shdfnd@physx@@@internal@shdfnd@physx@@QEAAXXZ 0000000180018ce0 f i RTreeCooking.obj
 0001:00017d90       ?growAndPushBack@?$Array@IVNamedAllocator@shdfnd@physx@@@shdfnd@physx@@IEAAAEAIAEBI@Z 0000000180018d90 f i RTreeCooking.obj
 0001:00017f10       ?growAndPushBack@?$Array@UInterval@physx@@V?$InlineAllocator@$0CAAA@VNamedAllocator@shdfnd@physx@@@shdfnd@2@@shdfnd@physx@@IEAAAEAUInterval@3@AEBU43@@Z 0000000180018f10 f i RTreeCooking.obj
 0001:000180c0       ?growAndPushBack@?$Array@UPxBounds3V@physx@@VNamedAllocator@shdfnd@2@@shdfnd@physx@@IEAAAEAUPxBounds3V@3@AEBU43@@Z 00000001800190c0 f i RTreeCooking.obj
 0001:00018290       ?growAndPushBack@?$Array@URTreeNodeNQ@physx@@VNamedAllocator@shdfnd@2@@shdfnd@physx@@IEAAAEAURTreeNodeNQ@3@AEBU43@@Z 0000000180019290 f i RTreeCooking.obj
 0001:00018420       ?growAndPushBack@?$Array@URTreeNodeQ@Gu@physx@@VNamedAllocator@shdfnd@3@@shdfnd@physx@@IEAAAEAURTreeNodeQ@Gu@3@AEBU453@@Z 0000000180019420 f i RTreeCooking.obj
 0001:000185f0       ?include@PxBounds3V@physx@@QEAAXAEBU12@@Z 00000001800195f0 f i RTreeCooking.obj
 0001:000186a0       ?isInUserMemory@?$Array@IVNamedAllocator@shdfnd@physx@@@shdfnd@physx@@QEBAIXZ 00000001800196a0 f i RTreeCooking.obj
 0001:000186c0       ?isInUserMemory@?$Array@UInterval@physx@@V?$InlineAllocator@$0CAAA@VNamedAllocator@shdfnd@physx@@@shdfnd@2@@shdfnd@physx@@QEBAIXZ 00000001800196c0 f i RTreeCooking.obj
 0001:000186e0       ?isInUserMemory@?$Array@UPxBounds3V@physx@@VNamedAllocator@shdfnd@2@@shdfnd@physx@@QEBAIXZ 00000001800196e0 f i RTreeCooking.obj
 0001:00018700       ?isInUserMemory@?$Array@URTreeNodeNQ@physx@@VNamedAllocator@shdfnd@2@@shdfnd@physx@@QEBAIXZ 0000000180019700 f i RTreeCooking.obj
[...]
 0003:000008a0       ?minV4Error@_VecMathTests@aos@shdfnd@physx@@3T__m128@@B 000000018005f8a0     BigConvexDataBuilder.obj
 0003:000008b0       ?minV3Error@_VecMathTests@aos@shdfnd@physx@@3T__m128@@B 000000018005f8b0     BigConvexDataBuilder.obj
 0003:000008c0       ?maxFError@_VecMathTests@aos@shdfnd@physx@@3T__m128@@B 000000018005f8c0     BigConvexDataBuilder.obj
 0003:000008d0       ?_ignore@?6??computeValencies@BigConvexDataBuilder@physx@@QEAA_NAEBVConvexHullBuilder@3@@Z@4_NA 000000018005f8d0     BigConvexDataBuilder.obj
 0003:000008d1       ?_ignore@?7??computeValencies@BigConvexDataBuilder@physx@@QEAA_NAEBVConvexHullBuilder@3@@Z@4_NA 000000018005f8d1     BigConvexDataBuilder.obj
 0003:000008d2       ?_ignore@?N@??precompute@BigConvexDataBuilder@physx@@QEAA_NI@Z@4_NA 000000018005f8d2     BigConvexDataBuilder.obj
 0003:000008d3       ?_ignore@?O@??precompute@BigConvexDataBuilder@physx@@QEAA_NI@Z@4_NA 000000018005f8d3     BigConvexDataBuilder.obj
 0003:000008e0       ?maxV3Error@_VecMathTests@aos@shdfnd@physx@@3T__m128@@B 000000018005f8e0     ConvexHullBuilder.obj
 0003:000008f0       ?minFError@_VecMathTests@aos@shdfnd@physx@@3T__m128@@B 000000018005f8f0     ConvexHullBuilder.obj
 0003:00000900       ?maxV4Error@_VecMathTests@aos@shdfnd@physx@@3T__m128@@B 000000018005f900     ConvexHullBuilder.obj
 0003:00000910       ?minV4Error@_VecMathTests@aos@shdfnd@physx@@3T__m128@@B 000000018005f910     ConvexHullBuilder.obj
 0003:00000920       ?minV3Error@_VecMathTests@aos@shdfnd@physx@@3T__m128@@B 000000018005f920     ConvexHullBuilder.obj
 0003:00000930       ?maxFError@_VecMathTests@aos@shdfnd@physx@@3T__m128@@B 000000018005f930     ConvexHullBuilder.obj
 0003:00000940       ?_ignore@?2??init@ConvexHullBuilder@physx@@QEAA_NIPEBVPxVec3@3@PEBIIIPEBUPxHullPolygon@3@_NPEAVConvexHullLib@3@@Z@4_NA 000000018005f940     ConvexHullBuilder.obj
 0003:00000941       ?_ignore@?3??init@ConvexHullBuilder@physx@@QEAA_NIPEBVPxVec3@3@PEBIIIPEBUPxHullPolygon@3@_NPEAVConvexHullLib@3@@Z@4_NA 000000018005f941     ConvexHullBuilder.obj
 0003:00000942       ?_ignore@?4??init@ConvexHullBuilder@physx@@QEAA_NIPEBVPxVec3@3@PEBIIIPEBUPxHullPolygon@3@_NPEAVConvexHullLib@3@@Z@4_NA 000000018005f942     ConvexHullBuilder.obj
 0003:00000943       ?_ignore@?5??init@ConvexHullBuilder@physx@@QEAA_NIPEBVPxVec3@3@PEBIIIPEBUPxHullPolygon@3@_NPEAVConvexHullLib@3@@Z@4_NA 000000018005f943     ConvexHullBuilder.obj
 0003:00000944       ?_ignore@?6??init@ConvexHullBuilder@physx@@QEAA_NIPEBVPxVec3@3@PEBIIIPEBUPxHullPolygon@3@_NPEAVConvexHullLib@3@@Z@4_NA 000000018005f944     ConvexHullBuilder.obj
 0003:00000945       ?_ignore@?P@??init@ConvexHullBuilder@physx@@QEAA_NIPEBVPxVec3@3@PEBIIIPEBUPxHullPolygon@3@_NPEAVConvexHullLib@3@@Z@4_NA 000000018005f945     ConvexHullBuilder.obj
 0003:00000946       ?_ignore@?6??save@ConvexHullBuilder@physx@@QEBA_NAEAVPxOutputStream@3@_N@Z@4_NA 000000018005f946     ConvexHullBuilder.obj
 0003:00000947       ?_ignore@?2??copy@ConvexHullBuilder@physx@@QEAA_NAEAUConvexHullData@Gu@3@AEAI@Z@4_NA 000000018005f947     ConvexHullBuilder.obj
 0003:00000948       ?_ignore@?4??copy@ConvexHullBuilder@physx@@QEAA_NAEAUConvexHullData@Gu@3@AEAI@Z@4_NA 000000018005f948     ConvexHullBuilder.obj
 0003:00000949       ?_ignore@?5??copy@ConvexHullBuilder@physx@@QEAA_NAEAUConvexHullData@Gu@3@AEAI@Z@4_NA 000000018005f949     ConvexHullBuilder.obj
 0003:0000094a       ?_ignore@?6??copy@ConvexHullBuilder@physx@@QEAA_NAEAUConvexHullData@Gu@3@AEAI@Z@4_NA 000000018005f94a     ConvexHullBuilder.obj
 0003:0000094b       ?_ignore@?7??copy@ConvexHullBuilder@physx@@QEAA_NAEAUConvexHullData@Gu@3@AEAI@Z@4_NA 000000018005f94b     ConvexHullBuilder.obj
 0003:0000094c       ?_ignore@?8??copy@ConvexHullBuilder@physx@@QEAA_NAEAUConvexHullData@Gu@3@AEAI@Z@4_NA 000000018005f94c     ConvexHullBuilder.obj
 0003:0000094d       ?_ignore@?9??copy@ConvexHullBuilder@physx@@QEAA_NAEAUConvexHullData@Gu@3@AEAI@Z@4_NA 000000018005f94d     ConvexHullBuilder.obj
 0003:0000094e       ?_ignore@?L@??copy@ConvexHullBuilder@physx@@QEAA_NAEAUConvexHullData@Gu@3@AEAI@Z@4_NA 000000018005f94e     ConvexHullBuilder.obj
 0003:0000094f       ?_ignore@?M@??copy@ConvexHullBuilder@physx@@QEAA_NAEAUConvexHullData@Gu@3@AEAI@Z@4_NA 000000018005f94f     ConvexHullBuilder.obj
 0003:00000950       ?_ignore@?N@??createEdgeList@ConvexHullBuilder@physx@@QEAA_N_NI@Z@4_NA 000000018005f950     ConvexHullBuilder.obj
 0003:00000951       ?_ignore@?O@??createEdgeList@ConvexHullBuilder@physx@@QEAA_N_NI@Z@4_NA 000000018005f951     ConvexHullBuilder.obj
 0003:00000952       ?_ignore@?2??shiftConvexMeshDesc@ConvexHullLib@physx@@IEAAXAEAVPxConvexMeshDesc@3@@Z@4_NA 000000018005f952     ConvexHullLib.obj
 0003:00000953       ?_ignore@?BF@??swapLargestFace@ConvexHullLib@physx@@IEAAXAEAVPxConvexMeshDesc@3@@Z@4_NA 000000018005f953     ConvexHullLib.obj
 0003:00000960       ?maxV3Error@_VecMathTests@aos@shdfnd@physx@@3T__m128@@B 000000018005f960     ConvexHullUtils.obj
 0003:00000970       ?minFError@_VecMathTests@aos@shdfnd@physx@@3T__m128@@B 000000018005f970     ConvexHullUtils.obj
 0003:00000980       ?maxV4Error@_VecMathTests@aos@shdfnd@physx@@3T__m128@@B 000000018005f980     ConvexHullUtils.obj
 0003:00000990       ?MAXDOT_MINANG@local@@3MB  000000018005f990     ConvexHullUtils.obj
 0003:000009a0       ?minV4Error@_VecMathTests@aos@shdfnd@physx@@3T__m128@@B 000000018005f9a0     ConvexHullUtils.obj
 0003:000009b0       ?minV3Error@_VecMathTests@aos@shdfnd@physx@@3T__m128@@B 000000018005f9b0     ConvexHullUtils.obj
 0003:000009c0       ?maxFError@_VecMathTests@aos@shdfnd@physx@@3T__m128@@B 000000018005f9c0     ConvexHullUtils.obj
 0003:000009e1       ?_ignore@?2??computeOBBSIMD@local@@YAXIPEBT__m128@@AEAT3@AEBT3@1@Z@4_NA 000000018005f9e1     ConvexHullUtils.obj
 0003:000009e2       ?_ignore@?L@??assertIntact@ConvexHull@physx@@QEBA_NM@Z@4_NA 000000018005f9e2     ConvexHullUtils.obj
 0003:000009e3       ?_ignore@?O@??assertIntact@ConvexHull@physx@@QEBA_NM@Z@4_NA 000000018005f9e3     ConvexHullUtils.obj
 0003:000009e4       ?_ignore@?P@??assertIntact@ConvexHull@physx@@QEBA_NM@Z@4_NA 000000018005f9e4     ConvexHullUtils.obj
 0003:000009e5       ?_ignore@?BA@??assertIntact@ConvexHull@physx@@QEBA_NM@Z@4_NA 000000018005f9e5     ConvexHullUtils.obj
 0003:000009e6       ?_ignore@?BF@??assertIntact@ConvexHull@physx@@QEBA_NM@Z@4_NA 000000018005f9e6     ConvexHullUtils.obj
 0003:000009e7       ?_ignore@?2??convexHullCrop@physx@@YAPEAVConvexHull@2@AEBV32@AEBVPxPlane@2@M@Z@4_NA 000000018005f9e7     ConvexHullUtils.obj
 0003:000009e8       ?_ignore@?BF@??convexHullCrop@physx@@YAPEAVConvexHull@2@AEBV32@AEBVPxPlane@2@M@Z@4_NA 000000018005f9e8     ConvexHullUtils.obj
 0003:000009e9       ?_ignore@?BJ@??convexHullCrop@physx@@YAPEAVConvexHull@2@AEBV32@AEBVPxPlane@2@M@Z@4_NA 000000018005f9e9     ConvexHullUtils.obj
 0003:000009ea       ?_ignore@?CG@??convexHullCrop@physx@@YAPEAVConvexHull@2@AEBV32@AEBVPxPlane@2@M@Z@4_NA 000000018005f9ea     ConvexHullUtils.obj
 0003:000009eb       ?_ignore@?DC@??convexHullCrop@physx@@YAPEAVConvexHull@2@AEBV32@AEBVPxPlane@2@M@Z@4_NA 000000018005f9eb     ConvexHullUtils.obj
 0003:000009ec       ?_ignore@?EC@??convexHullCrop@physx@@YAPEAVConvexHull@2@AEBV32@AEBVPxPlane@2@M@Z@4_NA 000000018005f9ec     ConvexHullUtils.obj
 0003:000009ed       ?_ignore@?ED@??convexHullCrop@physx@@YAPEAVConvexHull@2@AEBV32@AEBVPxPlane@2@M@Z@4_NA 000000018005f9ed     ConvexHullUtils.obj
 0003:000009ee       ?_ignore@?EL@??convexHullCrop@physx@@YAPEAVConvexHull@2@AEBV32@AEBVPxPlane@2@M@Z@4_NA 000000018005f9ee     ConvexHullUtils.obj
 0003:000009ef       ?_ignore@?FC@??convexHullCrop@physx@@YAPEAVConvexHull@2@AEBV32@AEBVPxPlane@2@M@Z@4_NA 000000018005f9ef     ConvexHullUtils.obj
 0003:000009f0       ?_ignore@?FD@??convexHullCrop@physx@@YAPEAVConvexHull@2@AEBV32@AEBVPxPlane@2@M@Z@4_NA 000000018005f9f0     ConvexHullUtils.obj
 0003:000009f1       ?_ignore@?FE@??convexHullCrop@physx@@YAPEAVConvexHull@2@AEBV32@AEBVPxPlane@2@M@Z@4_NA 000000018005f9f1     ConvexHullUtils.obj
 0003:000009f2       ?_ignore@?GO@??convexHullCrop@physx@@YAPEAVConvexHull@2@AEBV32@AEBVPxPlane@2@M@Z@4_NA 000000018005f9f2     ConvexHullUtils.obj
 0003:00000a00       ?maxV3Error@_VecMathTests@aos@shdfnd@physx@@3T__m128@@B 000000018005fa00     ConvexMeshBuilder.obj
 0003:00000a10       ?minFError@_VecMathTests@aos@shdfnd@physx@@3T__m128@@B 000000018005fa10     ConvexMeshBuilder.obj
 0003:00000a20       ?maxV4Error@_VecMathTests@aos@shdfnd@physx@@3T__m128@@B 000000018005fa20     ConvexMeshBuilder.obj
 0003:00000a30       ?minV4Error@_VecMathTests@aos@shdfnd@physx@@3T__m128@@B 000000018005fa30     ConvexMeshBuilder.obj
 0003:00000a40       ?minV3Error@_VecMathTests@aos@shdfnd@physx@@3T__m128@@B 000000018005fa40     ConvexMeshBuilder.obj
 0003:00000a50       ?maxFError@_VecMathTests@aos@shdfnd@physx@@3T__m128@@B 000000018005fa50     ConvexMeshBuilder.obj
 0003:00000a60       ?_ignore@?O@??computeHullPolygons@ConvexMeshBuilder@physx@@QEAA_NAEBIPEBVPxVec3@3@0PEBIAEAVPxAllocatorCallback@3@AEAIAEAPEAV43@4AEAPEAI4AEAPEAUPxHullPolygon@3@@Z@4_NA 000000018005fa60     ConvexMeshBuilder.obj
 0003:00000a61       ?_ignore@?L@??findLineStrip@@YA_NAEAV?$Array@IVNamedAllocator@shdfnd@physx@@@shdfnd@physx@@AEBV?$Array@VPair@@VNamedAllocator@shdfnd@physx@@@34@@Z@4_NA 000000018005fa61     ConvexPolygonsBuilder.obj
 0003:00000a62       ?_ignore@?BC@??findLineStrip@@YA_NAEAV?$Array@IVNamedAllocator@shdfnd@physx@@@shdfnd@physx@@AEBV?$Array@VPair@@VNamedAllocator@shdfnd@physx@@@34@@Z@4_NA 000000018005fa62     ConvexPolygonsBuilder.obj
 0003:00000a63       ?_ignore@?6??checkRedundantVertices@@YAXAEAIAEAV?$Array@IVNamedAllocator@shdfnd@physx@@@shdfnd@physx@@AEBVConvexPolygonsBuilder@4@11@Z@4_NA 000000018005fa63     ConvexPolygonsBuilder.obj
 0003:00000a64       ?_ignore@?2??extractHullPolygons@@YA_NAEAIAEAV?$Array@IVNamedAllocator@shdfnd@physx@@@shdfnd@physx@@AEBVConvexPolygonsBuilder@4@PEAV234@1@Z@4_NA 000000018005fa64     ConvexPolygonsBuilder.obj
 0003:00000a65       ?_ignore@?CB@??extractHullPolygons@@YA_NAEAIAEAV?$Array@IVNamedAllocator@shdfnd@physx@@@shdfnd@physx@@AEBVConvexPolygonsBuilder@4@PEAV234@1@Z@4_NA 000000018005fa65     ConvexPolygonsBuilder.obj
 0003:00000a66       ?_ignore@?2??computeHullPolygons@ConvexPolygonsBuilder@physx@@QEAA_NAEBIPEBVPxVec3@3@0PEBI@Z@4_NA 000000018005fa66     ConvexPolygonsBuilder.obj
 0003:00000a67       ?_ignore@?3??computeHullPolygons@ConvexPolygonsBuilder@physx@@QEAA_NAEBIPEBVPxVec3@3@0PEBI@Z@4_NA 000000018005fa67     ConvexPolygonsBuilder.obj
 0003:00000a68       ?_ignore@?6??computeHullPolygons@ConvexPolygonsBuilder@physx@@QEAA_NAEBIPEBVPxVec3@3@0PEBI@Z@4_NA 000000018005fa68     ConvexPolygonsBuilder.obj
 0003:00000a69       ?_ignore@?7??computeHullPolygons@ConvexPolygonsBuilder@physx@@QEAA_NAEBIPEBVPxVec3@3@0PEBI@Z@4_NA 000000018005fa69     ConvexPolygonsBuilder.obj
 0003:00000a6a       ?_ignore@?8??computeHullPolygons@ConvexPolygonsBuilder@physx@@QEAA_NAEBIPEBVPxVec3@3@0PEBI@Z@4_NA 000000018005fa6a     ConvexPolygonsBuilder.obj
 0003:00000a6b       ?_ignore@?9??computeHullPolygons@ConvexPolygonsBuilder@physx@@QEAA_NAEBIPEBVPxVec3@3@0PEBI@Z@4_NA 000000018005fa6b     ConvexPolygonsBuilder.obj
 0003:00000a6c       ?_ignore@?BA@??createPolygonData@ConvexPolygonsBuilder@physx@@AEAA_NXZ@4_NA 000000018005fa6c     ConvexPolygonsBuilder.obj
 0003:00000a6d       ?_ignore@?BF@??createPolygonData@ConvexPolygonsBuilder@physx@@AEAA_NXZ@4_NA 000000018005fa6d     ConvexPolygonsBuilder.obj
 0003:00000a6e       ?_ignore@?BI@??createPolygonData@ConvexPolygonsBuilder@physx@@AEAA_NXZ@4_NA 000000018005fa6e     ConvexPolygonsBuilder.obj
 0003:00000a6f       ?_ignore@?BP@??createPolygonData@ConvexPolygonsBuilder@physx@@AEAA_NXZ@4_NA 000000018005fa6f     ConvexPolygonsBuilder.obj
 0003:00000a70       ?_ignore@?CK@??createPolygonData@ConvexPolygonsBuilder@physx@@AEAA_NXZ@4_NA 000000018005fa70     ConvexPolygonsBuilder.obj
 0003:00000a71       ?_ignore@?DI@??createPolygonData@ConvexPolygonsBuilder@physx@@AEAA_NXZ@4_NA 000000018005fa71     ConvexPolygonsBuilder.obj
 0003:00000a72       ?_ignore@?BC@??createTrianglesFromPolygons@ConvexPolygonsBuilder@physx@@AEAA_NXZ@4_NA 000000018005fa72     ConvexPolygonsBuilder.obj
 0003:00000a78       ?MAXDOT_MINANG@local@@3MB  000000018005fa78     QuickHullConvexHullLib.obj
 0003:00000a7f       ?_ignore@?2??getOppositeFaceDistance@QuickHullHalfEdge@local@@QEBAMXZ@4_NA 000000018005fa7f     QuickHullConvexHullLib.obj
 0003:00000a80       ?_ignore@?3??getOppositeFaceDistance@QuickHullHalfEdge@local@@QEBAMXZ@4_NA 000000018005fa80     QuickHullConvexHullLib.obj
 0003:00000a81       ?_ignore@?BI@??mergeAdjacentFace@QuickHullFace@local@@QEAA_NPEAUQuickHullHalfEdge@3@AEAV?$Array@PEAUQuickHullFace@local@@VNamedAllocator@shdfnd@physx@@@shdfnd@physx@@@Z@4_NA 000000018005fa81     QuickHullConvexHullLib.obj
 0003:00000a82       ?_ignore@?4??checkFaceConsistency@QuickHullFace@local@@QEAA_NXZ@4_NA 000000018005fa82     QuickHullConvexHullLib.obj
 0003:00000a83       ?_ignore@?7??checkFaceConsistency@QuickHullFace@local@@QEAA_NXZ@4_NA 000000018005fa83     QuickHullConvexHullLib.obj
 0003:00000a84       ?_ignore@?8??checkFaceConsistency@QuickHullFace@local@@QEAA_NXZ@4_NA 000000018005fa84     QuickHullConvexHullLib.obj
 0003:00000a85       ?_ignore@?9??checkFaceConsistency@QuickHullFace@local@@QEAA_NXZ@4_NA 000000018005fa85     QuickHullConvexHullLib.obj
 0003:00000a86       ?_ignore@?L@??checkFaceConsistency@QuickHullFace@local@@QEAA_NXZ@4_NA 000000018005fa86     QuickHullConvexHullLib.obj
 0003:00000a87       ?_ignore@?M@??checkFaceConsistency@QuickHullFace@local@@QEAA_NXZ@4_NA 000000018005fa87     QuickHullConvexHullLib.obj
 0003:00000a88       ?_ignore@?2??preallocate@QuickHull@local@@QEAAXI@Z@4_NA 000000018005fa88     QuickHullConvexHullLib.obj
 0003:00000a89       ?_ignore@?2??parseInputVertices@QuickHull@local@@QEAAXPEBVPxVec3@physx@@I@Z@4_NA 000000018005fa89     QuickHullConvexHullLib.obj
 0003:00000a8a       ?_ignore@?3??parseInputVertices@QuickHull@local@@QEAAXPEBVPxVec3@physx@@I@Z@4_NA 000000018005fa8a     QuickHullConvexHullLib.obj
 0003:00000a8b       ?_ignore@?2??addSimplex@QuickHull@local@@IEAAXPEAUQuickHullVertex@3@_N@Z@4_NA 000000018005fa8b     QuickHullConvexHullLib.obj
 0003:00000a8c       ?_ignore@?5??addPointToFace@QuickHull@local@@IEAAXAEAUQuickHullFace@3@PEAUQuickHullVertex@3@M@Z@4_NA 000000018005fa8c     QuickHullConvexHullLib.obj
 0003:00000a8d       ?_ignore@?2??removeEyePointFromFace@QuickHull@local@@IEAAXAEAUQuickHullFace@3@PEBUQuickHullVertex@3@@Z@4_NA 000000018005fa8d     QuickHullConvexHullLib.obj
 0003:00000a8e       ?_ignore@?7??postMergeHull@QuickHull@local@@IEAAXXZ@4_NA 000000018005fa8e     QuickHullConvexHullLib.obj
 0003:00000a8f       ?_ignore@?BE@??buildHull@QuickHull@local@@QEAA?AW4Enum@QuickHullResult@3@XZ@4_NA 000000018005fa8f     QuickHullConvexHullLib.obj
 0003:00000a90       ?_ignore@?N@??addPointToHull@QuickHull@local@@IEAA_NPEBUQuickHullVertex@3@AEAUQuickHullFace@3@AEA_N@Z@4_NA 000000018005fa90     QuickHullConvexHullLib.obj
 0003:00000a91       ?_ignore@?CI@??doAdjacentMerge@QuickHull@local@@IEAA_NAEAUQuickHullFace@3@_NAEA_N@Z@4_NA 000000018005fa91     QuickHullConvexHullLib.obj
 0003:00000a92       ?_ignore@?BA@??doPostAdjacentMerge@QuickHull@local@@IEAA_NAEAUQuickHullFace@3@M@Z@4_NA 000000018005fa92     QuickHullConvexHullLib.obj
 0003:00000a93       ?_ignore@?BA@??canMergeFaces@QuickHull@local@@IEAA_NAEBUQuickHullHalfEdge@3@@Z@4_NA 000000018005fa93     QuickHullConvexHullLib.obj
 0003:00000a94       ?_ignore@?CE@??createConvexHull@QuickHullConvexHullLib@physx@@UEAA?AW4Enum@PxConvexMeshCookingResult@3@XZ@4_NA 000000018005fa94     QuickHullConvexHullLib.obj
 0003:00000a95       ?_ignore@?BI@??expandHull@QuickHullConvexHullLib@physx@@IEAA?AW4Enum@PxConvexMeshCookingResult@3@XZ@4_NA 000000018005fa95     QuickHullConvexHullLib.obj
 0003:00000a96       ?_ignore@?BJ@??expandHullOBB@QuickHullConvexHullLib@physx@@IEAA?AW4Enum@PxConvexMeshCookingResult@3@XZ@4_NA 000000018005fa96     QuickHullConvexHullLib.obj
 0003:00000a97       ?_ignore@?4??createEdgeList@QuickHullConvexHullLib@physx@@UEAA_NIPEBEPEAPEAEPEAPEAG2@Z@4_NA 000000018005fa97     QuickHullConvexHullLib.obj
 0003:00000a98       ?_ignore@?5??createEdgeList@QuickHullConvexHullLib@physx@@UEAA_NIPEBEPEAPEAEPEAPEAG2@Z@4_NA 000000018005fa98     QuickHullConvexHullLib.obj
 0003:00000a99       ?_ignore@?6??createEdgeList@QuickHullConvexHullLib@physx@@UEAA_NIPEBEPEAPEAEPEAPEAG2@Z@4_NA 000000018005fa99     QuickHullConvexHullLib.obj
 0003:00000a9a       ?_ignore@?7??createEdgeList@QuickHullConvexHullLib@physx@@UEAA_NIPEBEPEAPEAEPEAPEAG2@Z@4_NA 000000018005fa9a     QuickHullConvexHullLib.obj
 0003:00000a9b       ?_ignore@?L@??createEdgeList@QuickHullConvexHullLib@physx@@UEAA_NIPEBEPEAPEAEPEAPEAG2@Z@4_NA 000000018005fa9b     QuickHullConvexHullLib.obj
 0003:00000a9c       ?_ignore@?CD@??fillConvexMeshDescFromQuickHull@QuickHullConvexHullLib@physx@@IEAAXAEAVPxConvexMeshDesc@3@@Z@4_NA 000000018005fa9c     QuickHullConvexHullLib.obj
 0003:00000a9d       ?_ignore@?2??fillConvexMeshDescFromCroppedHull@QuickHullConvexHullLib@physx@@IEAAXAEAVPxConvexMeshDesc@3@@Z@4_NA 000000018005fa9d     QuickHullConvexHullLib.obj
 0003:00000a9e       ?_ignore@?9??fillConvexMeshDescFromCroppedHull@QuickHullConvexHullLib@physx@@IEAAXAEAVPxConvexMeshDesc@3@@Z@4_NA 000000018005fa9e     QuickHullConvexHullLib.obj
 0003:00000ac0       ?maxV3Error@_VecMathTests@aos@shdfnd@physx@@3T__m128@@B 000000018005fac0     VolumeIntegration.obj
 0003:00000ad0       ?minFError@_VecMathTests@aos@shdfnd@physx@@3T__m128@@B 000000018005fad0     VolumeIntegration.obj
 0003:00000ae0       ?maxV4Error@_VecMathTests@aos@shdfnd@physx@@3T__m128@@B 000000018005fae0     VolumeIntegration.obj
 0003:00000af0       ?minV4Error@_VecMathTests@aos@shdfnd@physx@@3T__m128@@B 000000018005faf0     VolumeIntegration.obj
 0003:00000b00       ?minV3Error@_VecMathTests@aos@shdfnd@physx@@3T__m128@@B 000000018005fb00     VolumeIntegration.obj
 0003:00000b10       ?maxFError@_VecMathTests@aos@shdfnd@physx@@3T__m128@@B 000000018005fb10     VolumeIntegration.obj
 0003:00000b23       ?_ignore@?4??computeVolumeIntegralsSIMD@VolumeIntegratorEberly@?A0x7f9514fd@physx@@QEAA_NAEAUPxIntegrals@4@AEBVPxVec3@4@@Z@4_NA 000000018005fb23     VolumeIntegration.obj
 0003:00000b28       ?gDelayLoadHook@@3PEBVPxDelayLoadHook@physx@@EB 000000018005fb28     WindowsCookingDelayLoadHook.obj
 0003:00000b6c       ?init@?1??_RTC_InitBase@@9@4_NA 000000018005fb6c     MSVCRTD:init.obj
 0003:00000b80       ?__proc_attached@@3HA      000000018005fb80     MSVCRTD:dll_dllmain.obj
 0003:00000b90       ?_RTC_ErrorReportFunc@@3P6AHHPEBDH00ZZEA 000000018005fb90     MSVCRTD:userapi.obj
 0003:00000b98       ?_RTC_ErrorReportFuncW@@3P6AHHPEB_WH00ZZEA 000000018005fb98     MSVCRTD:userapi.obj
 0003:00000bc0       ?is_initialized_as_dll@@3_NA 000000018005fbc0     MSVCRTD:utility.obj
 0003:00000bc1       ?module_local_atexit_table_initialized@@3_NA 000000018005fbc1     MSVCRTD:utility.obj
 0003:00000bc8       ?module_local_atexit_table@@3U_onexit_table_t@@A 000000018005fbc8     MSVCRTD:utility.obj
 0003:00000be0       ?module_local_at_quick_exit_table@@3U_onexit_table_t@@A 000000018005fbe0     MSVCRTD:utility.obj
 0003:00000c00       ?mspdb@@3PEAUHINSTANCE__@@EA 000000018005fc00     MSVCRTD:pdblkup.obj
 0003:00000c08       ?alreadyTried@?1??GetPdbDll@@YAPEAUHINSTANCE__@@XZ@4_NA 000000018005fc08     MSVCRTD:pdblkup.obj
 0003:00000c09       ?PDBOK@?1??_RTC_GetSrcLine@@YAHPEAEPEA_WKPEAH1K@Z@4_NA 000000018005fc09     MSVCRTD:pdblkup.obj
 0003:00000c10       GS_ExceptionRecord         000000018005fc10     MSVCRTD:gs_report.obj
 0003:00000cb0       GS_ContextRecord           000000018005fcb0     MSVCRTD:gs_report.obj
 0005:000000a0       $R000000                   00000001800650a0     PhysXCooking.res
 0005:000003d0       $R000330                   00000001800653d0     PhysXCooking.res
