 PhysXCooking_64

 Timestamp is 61c0c899 (Mon Dec 20 21:16:57 2021)

 Preferred load address is 0000000180000000

 Start         Length     Name                   Class
 0001:00000000 000003c0H .text$di                CODE
 0001:000003c0 0002f570H .text$mn                CODE
 0001:0002f930 00000036H .text$mn$00             CODE
 0001:0002f966 00000092H .text$x                 CODE
 0002:00000000 000001c8H .idata$5                DATA
 0002:000001c8 00000028H .00cfg                  DATA
 0002:000001f0 00000008H .CRT$XCA                DATA
 0002:000001f8 000001e0H .CRT$XCU                DATA
 0002:000003d8 00000008H .CRT$XCZ                DATA
 0002:000003e0 00000008H .CRT$XIA                DATA
 0002:000003e8 00000008H .CRT$XIZ                DATA
 0002:000003f0 00000008H .CRT$XPA                DATA
 0002:000003f8 00000008H .CRT$XPZ                DATA
 0002:00000400 00000008H .CRT$XTA                DATA
 0002:00000408 00000008H .CRT$XTZ                DATA
 0002:00000410 00000000H .gehcont$y              DATA
 0002:00000410 00000000H .gfids$y                DATA
 0002:00000410 000022f0H .rdata                  DATA
 0002:00002700 00000008H .rdata$CastGuardVftablesA DATA
 0002:00002708 00000008H .rdata$CastGuardVftablesC DATA
 0002:00002710 00000074H .rdata$r                DATA
 0002:00002784 00000024H .rdata$voltmd           DATA
 0002:000027a8 00000420H .rdata$zzzdbg           DATA
 0002:00002bc8 00000008H .rtc$IAA                DATA
 0002:00002bd0 00000008H .rtc$IZZ                DATA
 0002:00002bd8 00000008H .rtc$TAA                DATA
 0002:00002be0 00000008H .rtc$TZZ                DATA
 0002:00002be8 00003c30H .xdata                  DATA
 0002:00006818 00000040H .didat$2                DATA
 0002:00006858 00000020H .didat$3                DATA
 0002:00006878 000001e8H .didat$4                DATA
 0002:00006a60 00000bf8H .didat$6                DATA
 0002:00007658 000001e8H .didat$7                DATA
 0002:00007840 00001cdcH .edata                  DATA
 0002:0000951c 00000078H .idata$2                DATA
 0002:00009594 00000014H .idata$3                DATA
 0002:000095a8 000001c8H .idata$4                DATA
 0002:00009770 00000476H .idata$6                DATA
 0003:00000000 00000070H .data                   DATA
 0003:00000070 00000630H .data$r                 DATA
 0003:000006a0 00000020H .data$rs                DATA
 0003:000006c0 000001f0H .didat$5                DATA
 0003:000008b0 000004a0H .bss                    DATA
 0004:00000000 00002454H .pdata                  DATA
 0005:00000000 00002208H _RDATA                  DATA
 0006:00000000 000000a0H .rsrc$01                DATA
 0006:000000a0 000004b0H .rsrc$02                DATA

  Address         Publics by Value              Rva+Base               Lib:Object

 0000:00000000       __arm64x_redirection_metadata_count 0000000000000000     <absolute>
 0000:00000000       ___safe_se_handler_count   0000000000000000     <absolute>
 0000:00000000       __arm64x_native_entrypoint 0000000000000000     <absolute>
 0000:00000000       __enclave_config           0000000000000000     <absolute>
 0000:00000000       __guard_eh_cont_count      0000000000000000     <absolute>
 0000:00000000       __guard_fids_count         0000000000000000     <absolute>
 0000:00000000       __guard_longjmp_count      0000000000000000     <absolute>
 0000:00000000       ___safe_se_handler_table   0000000000000000     <absolute>
 0000:00000000       __hybrid_code_map          0000000000000000     <absolute>
 0000:00000000       __dynamic_value_reloc_table 0000000000000000     <absolute>
 0000:00000000       __hybrid_auxiliary_iat_copy 0000000000000000     <absolute>
 0000:00000000       __AbsoluteZero             0000000000000000     <absolute>
 0000:00000000       __x64_code_ranges_to_entry_points_count 0000000000000000     <absolute>
 0000:00000000       __guard_iat_table          0000000000000000     <absolute>
 0000:00000000       __arm64x_extra_rfe_table   0000000000000000     <absolute>
 0000:00000000       __x64_code_ranges_to_entry_points 0000000000000000     <absolute>
 0000:00000000       __guard_longjmp_table      0000000000000000     <absolute>
 0000:00000000       __arm64x_extra_rfe_table_size 0000000000000000     <absolute>
 0000:00000000       __hybrid_auxiliary_iat     0000000000000000     <absolute>
 0000:00000000       __arm64x_redirection_metadata 0000000000000000     <absolute>
 0000:00000000       __guard_check_icall_a64n_fptr 0000000000000000     <absolute>
 0000:00000000       __guard_fids_table         0000000000000000     <absolute>
 0000:00000000       __hybrid_code_map_count    0000000000000000     <absolute>
 0000:00000000       __guard_iat_count          0000000000000000     <absolute>
 0000:00000000       __guard_eh_cont_table      0000000000000000     <absolute>
 0000:00000100       __guard_flags              0000000000000100     <absolute>
 0000:00000000       __ImageBase                0000000180000000     <linker-defined>
 0001:000003c0       ?ComputeNbBoundaryEdges@AdjTriangle@physx@@QEBAIXZ 00000001800013c0 f   Adjacencies.obj
 0001:00000410       ?ComputeNbNeighbors@AdjTriangle@physx@@QEBAIXZ 0000000180001410 f   Adjacencies.obj
 0001:00000460       ?HasNeighbor@AdjTriangle@physx@@QEBA_NIPEAI@Z 0000000180001460 f   Adjacencies.obj
 0001:000004d0       ?Flip@AdjTriangle@physx@@QEAAXXZ 00000001800014d0 f   Adjacencies.obj
 0001:000004f0       ??0Adjacencies@physx@@QEAA@XZ 00000001800014f0 f   Adjacencies.obj
 0001:00000510       ??1Adjacencies@physx@@QEAA@XZ 0000000180001510 f   Adjacencies.obj
 0001:00000580       ?Load@Adjacencies@physx@@QEAA_NAEAVPxInputStream@2@@Z 0000000180001580 f   Adjacencies.obj
 0001:00000660       ?ComputeNbBoundaryEdges@Adjacencies@physx@@QEBAIXZ 0000000180001660 f   Adjacencies.obj
 0001:000006e0       ?GetBoundaryVertices@Adjacencies@physx@@QEBA_NIPEA_NPEBU?$TriangleT@I@Gu@2@@Z 00000001800016e0 f   Adjacencies.obj
 0001:00000850       ?MakeLastRef@Adjacencies@physx@@QEAA_NAEAVAdjTriangle@2@IPEAU?$TriangleT@I@Gu@2@@Z 0000000180001850 f   Adjacencies.obj
 0001:00000aa0       ?AssignNewEdgeCode@Adjacencies@physx@@AEAAXIE@Z 0000000180001aa0 f   Adjacencies.obj
 0001:00000af0       ??0AdjacenciesBuilder@physx@@QEAA@XZ 0000000180001af0 f   Adjacencies.obj
 0001:00000b10       ??1AdjacenciesBuilder@physx@@QEAA@XZ 0000000180001b10 f   Adjacencies.obj
 0001:00000b20       ?Init@AdjacenciesBuilder@physx@@QEAA_NAEBUADJACENCIESCREATE@2@@Z 0000000180001b20 f   Adjacencies.obj
 0001:00000e90       ??$?_UV?$ReflectionAllocator@VAdjTriangle@physx@@@shdfnd@physx@@@UserAllocated@shdfnd@physx@@SAPEAX_KV?$ReflectionAllocator@VAdjTriangle@physx@@@12@PEBDH@Z 0000000180001e90 f i Adjacencies.obj
 0001:00000f30       ??0AdjEdge@@QEAA@XZ        0000000180001f30 f i Adjacencies.obj
 0001:00000f40       ??0AdjTriangle@physx@@QEAA@XZ 0000000180001f40 f i Adjacencies.obj
 0001:00000f50       ??0Allocator@shdfnd@physx@@QEAA@PEBD@Z 0000000180001f50 f i Adjacencies.obj
 0001:00000f60       ??0PxFoundation@physx@@QEAA@AEBV01@@Z 0000000180001f60 f i Adjacencies.obj
 0001:00000f70       ??0PxFoundation@physx@@QEAA@XZ 0000000180001f70 f i Adjacencies.obj
 0001:00000f80       ??1AdjEdge@@QEAA@XZ        0000000180001f80 f i Adjacencies.obj
 0001:00000f90       ??1AdjTriangle@physx@@QEAA@XZ 0000000180001f90 f i Adjacencies.obj
 0001:00000fa0       ??1PxFoundation@physx@@MEAA@XZ 0000000180001fa0 f i Adjacencies.obj
 0001:00000fb0       ??4Allocator@shdfnd@physx@@QEAAAEAV012@$$QEAV012@@Z 0000000180001fb0 f i Adjacencies.obj
 0001:00000fc0       ??4Allocator@shdfnd@physx@@QEAAAEAV012@AEBV012@@Z 0000000180001fc0 f i Adjacencies.obj
 0001:00000fd0       ??4MutexImpl@shdfnd@physx@@QEAAAEAV012@AEBV012@@Z 0000000180001fd0 f i Adjacencies.obj
 0001:00000fe0       ??4PxFoundation@physx@@QEAAAEAV01@AEBV01@@Z 0000000180001fe0 f i Adjacencies.obj
 0001:00000ff0       ??_EAdjEdge@@QEAAPEAXI@Z   0000000180001ff0 f i Adjacencies.obj
 0001:00001070       ??_EAdjTriangle@physx@@QEAAPEAXI@Z 0000000180002070 f i Adjacencies.obj
 0001:000010f0       ??_EPxFoundation@physx@@MEAAPEAXI@Z 00000001800020f0 f i Adjacencies.obj
 0001:00001180       ??_FAllocator@shdfnd@physx@@QEAAXXZ 0000000180002180 f i Adjacencies.obj
 0001:00001190       ??_GPxFoundation@physx@@MEAAPEAXI@Z 0000000180002190 f i Adjacencies.obj
 0001:000011c0       ??_H@YAXPEAX_K1P6APEAX0@Z@Z 00000001800021c0 f i Adjacencies.obj
 0001:00001210       ??_I@YAXPEAX_K1P6AX0@Z@Z   0000000180002210 f i Adjacencies.obj
 0001:000014d0       ?GetNbHits@RadixSort@Cm@physx@@QEBAIXZ 00000001800024d0 f i Adjacencies.obj
 0001:000014e0       ?GetNbTotalCalls@RadixSort@Cm@physx@@QEBAIXZ 00000001800024e0 f i Adjacencies.obj
 0001:000014f0       ?GetRanks@RadixSort@Cm@physx@@QEBAPEBIXZ 00000001800024f0 f i Adjacencies.obj
 0001:00001500       ?GetRecyclable@RadixSort@Cm@physx@@QEBAPEAIXZ 0000000180002500 f i Adjacencies.obj
 0001:00001750       ?__empty_global_delete@@YAXPEAX@Z 0000000180002750 f i Adjacencies.obj
 0001:00001760       ?__empty_global_delete@@YAXPEAX_K@Z 0000000180002760 f i Adjacencies.obj
 0001:00001770       ?getAllocator@Foundation@shdfnd@physx@@QEAAAEAVPxAllocatorCallback@3@XZ 0000000180002770 f i Adjacencies.obj
 0001:00001780       ?getAllocatorCallback@Foundation@shdfnd@physx@@UEAAAEAVPxAllocatorCallback@3@XZ 0000000180002780 f i Adjacencies.obj
 0001:00001790       ?getErrorCallback@Foundation@shdfnd@physx@@UEAAAEAVPxErrorCallback@3@XZ 0000000180002790 f i Adjacencies.obj
 0001:000017a0       ?getErrorLevel@Foundation@shdfnd@physx@@UEBA?AW4Enum@PxErrorCode@3@XZ 00000001800027a0 f i Adjacencies.obj
 0001:000017b0       ?getInternalErrorCallback@Foundation@shdfnd@physx@@QEAAAEAVPxErrorCallback@3@XZ 00000001800027b0 f i Adjacencies.obj
 0001:000017c0       ?getNamedAllocMap@Foundation@shdfnd@physx@@QEAAAEAV?$HashMap@PEBVNamedAllocator@shdfnd@physx@@PEBDU?$Hash@PEBVNamedAllocator@shdfnd@physx@@@23@VNonTrackingAllocator@23@@23@XZ 00000001800027c0 f i Adjacencies.obj
 0001:000017d0       ?getNamedAllocMutex@Foundation@shdfnd@physx@@QEAAAEAV?$MutexT@VAllocator@shdfnd@physx@@@23@XZ 00000001800027d0 f i Adjacencies.obj
 0001:000017e0       ?getReportAllocationNames@Foundation@shdfnd@physx@@UEBA_NXZ 00000001800027e0 f i Adjacencies.obj
 0001:000017f0       ?getTempAllocFreeTable@Foundation@shdfnd@physx@@QEAAAEAV?$Array@PEATTempAllocatorChunk@shdfnd@physx@@VAllocator@23@@23@XZ 00000001800027f0 f i Adjacencies.obj
 0001:00001800       ?getTempAllocMutex@Foundation@shdfnd@physx@@QEAAAEAV?$MutexT@VAllocator@shdfnd@physx@@@23@XZ 0000000180002800 f i Adjacencies.obj
 0001:00001810       ?invalidateRanks@RadixSort@Cm@physx@@QEAAXXZ 0000000180002810 f i Adjacencies.obj
 0001:00001820       ?setErrorLevel@Foundation@shdfnd@physx@@UEAAXW4Enum@PxErrorCode@3@@Z 0000000180002820 f i Adjacencies.obj
 0001:00001830       ?setReportAllocationNames@Foundation@shdfnd@physx@@UEAAX_N@Z 0000000180002830 f i Adjacencies.obj
 0001:00001840       PxCreateCooking            0000000180002840 f   Cooking.obj
 0001:00001930       ?release@Cooking@physx@@UEAAXXZ 0000000180002930 f   Cooking.obj
 0001:00001960       ?setParams@Cooking@physx@@UEAAXAEBUPxCookingParams@2@@Z 0000000180002960 f   Cooking.obj
 0001:000019c0       ?getParams@Cooking@physx@@UEBAAEBUPxCookingParams@2@XZ 00000001800029c0 f   Cooking.obj
 0001:000019d0       ?platformMismatch@Cooking@physx@@UEBA_NXZ 00000001800029d0 f   Cooking.obj
 0001:000019e0       ?cookTriangleMesh@Cooking@physx@@UEBA_NAEBVPxTriangleMeshDesc@2@AEAVPxOutputStream@2@PEAW4Enum@PxTriangleMeshCookingResult@2@@Z 00000001800029e0 f   Cooking.obj
 0001:00001b20       ?createTriangleMesh@Cooking@physx@@UEBAPEAVPxTriangleMesh@2@AEBVPxTriangleMeshDesc@2@AEAVPxPhysicsInsertionCallback@2@PEAW4Enum@PxTriangleMeshCookingResult@2@@Z 0000000180002b20 f   Cooking.obj
 0001:00001c80       ?validateTriangleMesh@Cooking@physx@@UEBA_NAEBVPxTriangleMeshDesc@2@@Z 0000000180002c80 f   Cooking.obj
 0001:00001d90       ?cookConvexMesh@Cooking@physx@@UEBA_NAEBVPxConvexMeshDesc@2@AEAVPxOutputStream@2@PEAW4Enum@PxConvexMeshCookingResult@2@@Z 0000000180002d90 f   Cooking.obj
 0001:00001f80       ?createConvexMesh@Cooking@physx@@UEBAPEAVPxConvexMesh@2@AEBVPxConvexMeshDesc@2@AEAVPxPhysicsInsertionCallback@2@PEAW4Enum@PxConvexMeshCookingResult@2@@Z 0000000180002f80 f   Cooking.obj
 0001:00002210       ?validateConvexMesh@Cooking@physx@@UEBA_NAEBVPxConvexMeshDesc@2@@Z 0000000180003210 f   Cooking.obj
 0001:00002280       ?computeHullPolygons@Cooking@physx@@UEBA_NAEBVPxSimpleTriangleMesh@2@AEAVPxAllocatorCallback@2@AEAIAEAPEAVPxVec3@2@2AEAPEAI2AEAPEAUPxHullPolygon@2@@Z 0000000180003280 f   Cooking.obj
 0001:00002460       ?cookHeightField@Cooking@physx@@UEBA_NAEBVPxHeightFieldDesc@2@AEAVPxOutputStream@2@@Z 0000000180003460 f   Cooking.obj
 0001:00002540       ?createHeightField@Cooking@physx@@UEBAPEAVPxHeightField@2@AEBVPxHeightFieldDesc@2@AEAVPxPhysicsInsertionCallback@2@@Z 0000000180003540 f   Cooking.obj
 0001:000026a0       ?cookBVHStructure@Cooking@physx@@UEBA_NAEBVPxBVHStructureDesc@2@AEAVPxOutputStream@2@@Z 00000001800036a0 f   Cooking.obj
 0001:00002750       ?createBVHStructure@Cooking@physx@@UEBAPEAVPxBVHStructure@2@AEBVPxBVHStructureDesc@2@AEAVPxPhysicsInsertionCallback@2@@Z 0000000180003750 f   Cooking.obj
 0001:00002800       ?cookConvexMeshInternal@Cooking@physx@@AEBA_NAEBVPxConvexMeshDesc@2@AEAVConvexMeshBuilder@2@PEAVConvexHullLib@2@PEAW4Enum@PxConvexMeshCookingResult@2@@Z 0000000180003800 f   Cooking.obj
 0001:00002a70       ?cookTriangleMesh@Cooking@physx@@AEBA_NAEAVTriangleMeshBuilder@2@AEBVPxTriangleMeshDesc@2@AEAVPxOutputStream@2@PEAW4Enum@PxTriangleMeshCookingResult@2@@Z 0000000180003a70 f   Cooking.obj
 0001:00002b10       ?createTriangleMesh@Cooking@physx@@AEBAPEAVPxTriangleMesh@2@AEAVTriangleMeshBuilder@2@AEBVPxTriangleMeshDesc@2@AEAVPxPhysicsInsertionCallback@2@PEAW4Enum@PxTriangleMeshCookingResult@2@@Z 0000000180003b10 f   Cooking.obj
 0001:00002bc0       ??0ConvexMesh@Gu@physx@@QEAA@V?$PxFlags@W4Enum@PxBaseFlag@physx@@G@2@@Z 0000000180003bc0 f i Cooking.obj
 0001:00002c10       ??0DebugText@Cm@physx@@QEAA@$$QEAU012@@Z 0000000180003c10 f i Cooking.obj
 0001:00002cf0       ??0DebugText@Cm@physx@@QEAA@AEBU012@@Z 0000000180003cf0 f i Cooking.obj
 0001:00002dd0       ??0HeightFieldData@Gu@physx@@QEAA@$$QEAU012@@Z 0000000180003dd0 f i Cooking.obj
 0001:00002e30       ??0HeightFieldData@Gu@physx@@QEAA@AEBU012@@Z 0000000180003e30 f i Cooking.obj
 0001:00002e90       ??0HeightFieldData@Gu@physx@@QEAA@W4PxEMPTY@2@@Z 0000000180003e90 f i Cooking.obj
 0001:00002ea0       ??0HeightFieldData@Gu@physx@@QEAA@XZ 0000000180003ea0 f i Cooking.obj
 0001:00002eb0       ??0RenderOutput@Cm@physx@@QEAA@AEAVRenderBuffer@12@@Z 0000000180003eb0 f i Cooking.obj
 0001:00002f00       ??0RenderOutput@Cm@physx@@QEAA@AEBV012@@Z 0000000180003f00 f i Cooking.obj
 0001:00002fa0       ??1HeightFieldData@Gu@physx@@QEAA@XZ 0000000180003fa0 f i Cooking.obj
 0001:00002fb0       ??1PxBase@physx@@MEAA@XZ   0000000180003fb0 f i Cooking.obj
 0001:00002fc0       ??1PxConvexMesh@physx@@MEAA@XZ 0000000180003fc0 f i Cooking.obj
 0001:00002fd0       ??1PxCooking@physx@@MEAA@XZ 0000000180003fd0 f i Cooking.obj
 0001:00002fe0       ??1PxHeightField@physx@@MEAA@XZ 0000000180003fe0 f i Cooking.obj
 0001:00002ff0       ??1RefCountable@Cm@physx@@UEAA@XZ 0000000180003ff0 f i Cooking.obj
 0001:00003000       ??4DebugText@Cm@physx@@QEAAAEAU012@$$QEAU012@@Z 0000000180004000 f i Cooking.obj
 0001:00003130       ??4DebugText@Cm@physx@@QEAAAEAU012@AEBU012@@Z 0000000180004130 f i Cooking.obj
 0001:00003260       ??4FPUGuard@shdfnd@physx@@QEAAAEAV012@AEBV012@@Z 0000000180004260 f i Cooking.obj
 0001:00003280       ??4HeightFieldData@Gu@physx@@QEAAAEAU012@$$QEAU012@@Z 0000000180004280 f i Cooking.obj
 0001:000032e0       ??4HeightFieldData@Gu@physx@@QEAAAEAU012@AEBU012@@Z 00000001800042e0 f i Cooking.obj
 0001:00003340       ??_EConvexMesh@Gu@physx@@UEAAPEAXI@Z 0000000180004340 f i Cooking.obj
 0001:0000344c       ??_EConvexMesh@Gu@physx@@WBA@EAAPEAXI@Z 000000018000444c f i Cooking.obj
 0001:00003460       ??_EPxConvexMesh@physx@@MEAAPEAXI@Z 0000000180004460 f i Cooking.obj
 0001:000034f0       ??_ECooking@physx@@UEAAPEAXI@Z 00000001800044f0 f i Cooking.obj
 0001:000034f0       ??_GCooking@physx@@UEAAPEAXI@Z 00000001800044f0 f i Cooking.obj
 0001:00003540       ??_EPxBase@physx@@MEAAPEAXI@Z 0000000180004540 f i Cooking.obj
 0001:00003540       ??_GPxBase@physx@@MEAAPEAXI@Z 0000000180004540 f i Cooking.obj
 0001:00003570       ??_EPxCooking@physx@@MEAAPEAXI@Z 0000000180004570 f i Cooking.obj
 0001:00003570       ??_GPxCooking@physx@@MEAAPEAXI@Z 0000000180004570 f i Cooking.obj
 0001:000035a0       ??_GRefCountable@Cm@physx@@UEAAPEAXI@Z 00000001800045a0 f i Cooking.obj
 0001:000035a0       ??_ERefCountable@Cm@physx@@UEAAPEAXI@Z 00000001800045a0 f i Cooking.obj
 0001:000035d0       ?allocate@?$Array@UPxDebugLine@physx@@V?$ReflectionAllocator@UPxDebugLine@physx@@@shdfnd@2@@shdfnd@physx@@IEAAPEAUPxDebugLine@3@I@Z 00000001800045d0 f i Cooking.obj
 0001:00003670       ?copy@?$Array@UPxDebugLine@physx@@V?$ReflectionAllocator@UPxDebugLine@physx@@@shdfnd@2@@shdfnd@physx@@KAXPEAUPxDebugLine@3@0PEBU43@@Z 0000000180004670 f i Cooking.obj
 0001:00003820       ?getConcreteTypeName@PxConvexMesh@physx@@UEBAPEBDXZ 0000000180004820 f i Cooking.obj
 0001:00003830       ?getConcreteTypeName@PxHeightField@physx@@UEBAPEBDXZ 0000000180004830 f i Cooking.obj
 0001:00003840       ?getConvexEdgeThreshold@HeightField@Gu@physx@@UEBAMXZ 0000000180004840 f i Cooking.obj
 0001:00003850       ?getFlags@HeightField@Gu@physx@@UEBA?AV?$PxFlags@W4Enum@PxHeightFieldFlag@physx@@G@3@XZ 0000000180004850 f i Cooking.obj
 0001:00003860       ?getFormat@HeightField@Gu@physx@@UEBA?AW4Enum@PxHeightFieldFormat@3@XZ 0000000180004860 f i Cooking.obj
 0001:00003870       ?getHeight@HeightField@Gu@physx@@UEBAMMM@Z 0000000180004870 f i Cooking.obj
 0001:000038b0       ?getHeightInternal2@HeightField@Gu@physx@@QEBAMIMM@Z 00000001800048b0 f i Cooking.obj
 0001:00003a20       ?getIndexBuffer@ConvexMesh@Gu@physx@@UEBAPEBEXZ 0000000180004a20 f i Cooking.obj
 0001:00003a60       ?getNbColumns@HeightField@Gu@physx@@UEBAIXZ 0000000180004a60 f i Cooking.obj
 0001:00003a70       ?getNbPolygons@ConvexMesh@Gu@physx@@UEBAIXZ 0000000180004a70 f i Cooking.obj
 0001:00003a80       ?getNbRows@HeightField@Gu@physx@@UEBAIXZ 0000000180004a80 f i Cooking.obj
 0001:00003a90       ?getNbVertices@ConvexMesh@Gu@physx@@UEBAIXZ 0000000180004a90 f i Cooking.obj
 0001:00003aa0       ?getPaddedBounds@HeightFieldData@Gu@physx@@QEBAAEBVCenterExtentsPadded@23@XZ 0000000180004aa0 f i Cooking.obj
 0001:00003ab0       ?getSample@HeightField@Gu@physx@@UEBAAEBUPxHeightFieldSample@3@II@Z 0000000180004ab0 f i Cooking.obj
 0001:00003ac0       ?getSampleStride@HeightField@Gu@physx@@UEBAIXZ 0000000180004ac0 f i Cooking.obj
 0001:00003ad0       ?getTimestamp@HeightField@Gu@physx@@UEBAIXZ 0000000180004ad0 f i Cooking.obj
 0001:00003ae0       ?getTriangleMaterialIndex@HeightField@Gu@physx@@UEBAGI@Z 0000000180004ae0 f i Cooking.obj
 0001:00003b10       ?getTriangleNormal@HeightField@Gu@physx@@UEBA?AVPxVec3@3@I@Z 0000000180004b10 f i Cooking.obj
 0001:00003c10       ?getVertices@ConvexMesh@Gu@physx@@UEBAPEBVPxVec3@3@XZ 0000000180004c10 f i Cooking.obj
 0001:00003c30       ?isKindOf@PxBase@physx@@MEBA_NPEBD@Z 0000000180004c30 f i Cooking.obj
 0001:00003c60       ?isKindOf@PxConvexMesh@physx@@MEBA_NPEBD@Z 0000000180004c60 f i Cooking.obj
 0001:00003cb0       ?isKindOf@PxHeightField@physx@@MEBA_NPEBD@Z 0000000180004cb0 f i Cooking.obj
 0001:00003d00       ?isReleasable@PxBase@physx@@UEBA_NXZ 0000000180004d00 f i Cooking.obj
 0001:00003d10       ?onRefCountZero@RefCountable@Cm@physx@@UEAAXXZ 0000000180004d10 f i Cooking.obj
 0001:00003d30       ?outputSegment@RenderOutput@Cm@physx@@QEAAXAEBVPxVec3@3@0@Z 0000000180004d30 f i Cooking.obj
 0001:00003df0       ?recreate@?$Array@UPxDebugLine@physx@@V?$ReflectionAllocator@UPxDebugLine@physx@@@shdfnd@2@@shdfnd@physx@@IEAAXI@Z 0000000180004df0 f i Cooking.obj
 0001:00003e80       ?requiresObjects@ConvexMesh@Gu@physx@@UEAAXAEAVPxProcessPxBaseCallback@3@@Z 0000000180004e80 f i Cooking.obj
 0001:00003e90       ?reserveSegments@RenderOutput@Cm@physx@@QEAAPEAUPxDebugLine@3@I@Z 0000000180004e90 f i Cooking.obj
 0001:00003f00       ??0ReducedVertexCloud@physx@@QEAA@PEBVPxVec3@1@I@Z 0000000180004f00 f   CookingUtils.obj
 0001:00003f20       ??1ReducedVertexCloud@physx@@QEAA@XZ 0000000180004f20 f   CookingUtils.obj
 0001:00003f30       ?Clean@ReducedVertexCloud@physx@@QEAAAEAV12@XZ 0000000180004f30 f   CookingUtils.obj
 0001:00003fa0       ?Reduce@ReducedVertexCloud@physx@@QEAA_NPEAUREDUCEDCLOUD@2@@Z 0000000180004fa0 f   CookingUtils.obj
 0001:000042c0       ??0EdgeList@Gu@physx@@QEAA@XZ 00000001800052c0 f   EdgeList.obj
 0001:000042e0       ??1EdgeList@Gu@physx@@QEAA@XZ 00000001800052e0 f   EdgeList.obj
 0001:00004390       ?load@EdgeList@Gu@physx@@QEAA_NAEAVPxInputStream@3@@Z 0000000180005390 f   EdgeList.obj
 0001:00004580       ??0EdgeListBuilder@Gu@physx@@QEAA@XZ 0000000180005580 f   EdgeList.obj
 0001:000045a0       ??1EdgeListBuilder@Gu@physx@@QEAA@XZ 00000001800055a0 f   EdgeList.obj
 0001:000045b0       ?init@EdgeListBuilder@Gu@physx@@QEAA_NAEBUEDGELISTCREATE@23@@Z 00000001800055b0 f   EdgeList.obj
 0001:000046f0       ?createFacesToEdges@EdgeListBuilder@Gu@physx@@AEAA_NIPEBIPEBG@Z 00000001800056f0 f   EdgeList.obj
 0001:00004b70       ?createEdgesToFaces@EdgeListBuilder@Gu@physx@@AEAA_NIPEBIPEBG@Z 0000000180005b70 f   EdgeList.obj
 0001:00004dd0       ?computeActiveEdges@EdgeListBuilder@Gu@physx@@AEAA_NIPEBIPEBGPEBVPxVec3@3@M@Z 0000000180005dd0 f   EdgeList.obj
 0001:00006410       ??$?_UI@@YAPEAX_KV?$ReflectionAllocator@I@shdfnd@physx@@PEBDH@Z 0000000180007410 f i EdgeList.obj
 0001:000064b0       ??0PxVec3@physx@@QEAA@XZ   00000001800074b0 f i EdgeList.obj
 0001:000064c0       ??0MeshCleaner@physx@@QEAA@IPEBVPxVec3@1@IPEBIM@Z 00000001800074c0 f   MeshCleaner.obj
 0001:00006e60       ??1MeshCleaner@physx@@QEAA@XZ 0000000180007e60 f   MeshCleaner.obj
 0001:00006ef0       ?createQuantizer@physx@@YAPEAVQuantizer@1@XZ 0000000180007ef0 f   Quantizer.obj
 0001:00006fa0       ?kmeans_cluster3d@@YAIPEBVPxVec3@physx@@IIPEAV12@PEAIMM@Z 0000000180007fa0 f   Quantizer.obj
 0001:00006fb0       ??$kmeans_cluster@VPxVec3@physx@@M@@YAIPEBVPxVec3@physx@@IIPEAV01@PEAIMM@Z 0000000180007fb0 f i Quantizer.obj
 0001:000078d0       ??1Quantizer@physx@@MEAA@XZ 00000001800088d0 f i Quantizer.obj
 0001:000078e0       ??1QuantizerImpl@@EEAA@XZ  00000001800088e0 f i Quantizer.obj
 0001:00007960       ??_EQuantizer@physx@@MEAAPEAXI@Z 0000000180008960 f i Quantizer.obj
 0001:00007960       ??_GQuantizer@physx@@MEAAPEAXI@Z 0000000180008960 f i Quantizer.obj
 0001:00007990       ??_EQuantizerImpl@@EEAAPEAXI@Z 0000000180008990 f i Quantizer.obj
 0001:00007990       ??_GQuantizerImpl@@EEAAPEAXI@Z 0000000180008990 f i Quantizer.obj
 0001:00007a60       ?getDenormalizeCenter@QuantizerImpl@@UEBAAEBVPxVec3@physx@@XZ 0000000180008a60 f i Quantizer.obj
 0001:00007a70       ?getDenormalizeScale@QuantizerImpl@@UEBAAEBVPxVec3@physx@@XZ 0000000180008a70 f i Quantizer.obj
 0001:00007a80       ?growAndPushBack@?$Array@VPxVec3@physx@@V?$ReflectionAllocator@VPxVec3@physx@@@shdfnd@2@@shdfnd@physx@@IEAAAEAVPxVec3@3@AEBV43@@Z 0000000180008a80 f i Quantizer.obj
 0001:00007c50       ?kmeansQuantize3D@QuantizerImpl@@UEAAPEBVPxVec3@physx@@IPEBV23@I_NIAEAI@Z 0000000180008c50 f i Quantizer.obj
 0001:00007eb0       ?normalizeInput@QuantizerImpl@@AEAAXIPEBVPxVec3@physx@@I@Z 0000000180008eb0 f i Quantizer.obj
 0001:000082e0       ?release@QuantizerImpl@@UEAAXXZ 00000001800092e0 f i Quantizer.obj
 0001:00008300       ??0BVHStructureBuilder@physx@@QEAA@XZ 0000000180009300 f   BVHStructureBuilder.obj
 0001:00008320       ??1BVHStructureBuilder@physx@@QEAA@XZ 0000000180009320 f   BVHStructureBuilder.obj
 0001:000083b0       ?loadFromDesc@BVHStructureBuilder@physx@@QEAA_NAEBVPxBVHStructureDesc@2@@Z 00000001800093b0 f   BVHStructureBuilder.obj
 0001:00008880       ?save@BVHStructureBuilder@physx@@QEBA_NAEAVPxOutputStream@2@_N@Z 0000000180009880 f   BVHStructureBuilder.obj
 0001:00008a10       ?moveData@BVHStructureBuilder@physx@@QEAAXAEAUBVHStructureData@Gu@2@@Z 0000000180009a10 f   BVHStructureBuilder.obj
 0001:00008a50       ?flatten@@YAXAEBVNodeAllocator@Gu@physx@@PEAUBVHNode@23@@Z 0000000180009a50 f   BVHStructureBuilder.obj
 0001:00008c00       ??$copy@V?$ReflectionAllocator@USlab@NodeAllocator@Gu@physx@@@shdfnd@physx@@@?$Array@USlab@NodeAllocator@Gu@physx@@V?$ReflectionAllocator@USlab@NodeAllocator@Gu@physx@@@shdfnd@4@@shdfnd@physx@@IEAAXAEBV012@@Z 0000000180009c00 f i BVHStructureBuilder.obj
 0001:00008c80       ??0AABBTreeBuildNode@Gu@physx@@QEAA@AEBV012@@Z 0000000180009c80 f i BVHStructureBuilder.obj
 0001:00008cc0       ??0AABBTreeBuildNode@Gu@physx@@QEAA@XZ 0000000180009cc0 f i BVHStructureBuilder.obj
 0001:00008cd0       ??0AABBTreeBuildParams@Gu@physx@@QEAA@IIPEBVPxBounds3@2@@Z 0000000180009cd0 f i BVHStructureBuilder.obj
 0001:00008cf0       ??0BuildStats@Gu@physx@@QEAA@XZ 0000000180009cf0 f i BVHStructureBuilder.obj
 0001:00008d00       ??0NodeAllocator@Gu@physx@@QEAA@AEBV012@@Z 0000000180009d00 f i BVHStructureBuilder.obj
 0001:00008d40       ??1AABBTreeBuildNode@Gu@physx@@QEAA@XZ 0000000180009d40 f i BVHStructureBuilder.obj
 0001:00008d50       ??1AABBTreeBuildParams@Gu@physx@@QEAA@XZ 0000000180009d50 f i BVHStructureBuilder.obj
 0001:00008db0       ??4AABBTreeBuildNode@Gu@physx@@QEAAAEAV012@AEBV012@@Z 0000000180009db0 f i BVHStructureBuilder.obj
 0001:00008df0       ??4AABBTreeBuildParams@Gu@physx@@QEAAAEAV012@AEBV012@@Z 0000000180009df0 f i BVHStructureBuilder.obj
 0001:00008e10       ??4BuildStats@Gu@physx@@QEAAAEAU012@$$QEAU012@@Z 0000000180009e10 f i BVHStructureBuilder.obj
 0001:00008e20       ??4BuildStats@Gu@physx@@QEAAAEAU012@AEBU012@@Z 0000000180009e20 f i BVHStructureBuilder.obj
 0001:00008e30       ??4NodeAllocator@Gu@physx@@QEAAAEAV012@AEBV012@@Z 0000000180009e30 f i BVHStructureBuilder.obj
 0001:00008ee0       ??_FAABBTreeBuildParams@Gu@physx@@QEAAXXZ 0000000180009ee0 f i BVHStructureBuilder.obj
 0001:00008f00       ?__global_array_delete@@YAXPEAX@Z 0000000180009f00 f i BVHStructureBuilder.obj
 0001:00008f10       ?__global_array_delete@@YAXPEAX_K@Z 0000000180009f10 f i BVHStructureBuilder.obj
 0001:00008f20       ?__global_delete@@YAXPEAX@Z 0000000180009f20 f i BVHStructureBuilder.obj
 0001:00008f30       ?__global_delete@@YAXPEAX_K@Z 0000000180009f30 f i BVHStructureBuilder.obj
 0001:00008f40       ?allocate@?$Array@USlab@NodeAllocator@Gu@physx@@V?$ReflectionAllocator@USlab@NodeAllocator@Gu@physx@@@shdfnd@4@@shdfnd@physx@@IEAAPEAUSlab@NodeAllocator@Gu@3@I@Z 0000000180009f40 f i BVHStructureBuilder.obj
 0001:00008fe0       ?getAABB@AABBTreeBuildNode@Gu@physx@@QEBAAEBVPxBounds3@3@XZ 0000000180009fe0 f i BVHStructureBuilder.obj
 0001:00008ff0       ?getCount@BuildStats@Gu@physx@@QEBAIXZ 0000000180009ff0 f i BVHStructureBuilder.obj
 0001:00009000       ?getNbPrimitives@AABBTreeBuildNode@Gu@physx@@QEBAIXZ 000000018000a000 f i BVHStructureBuilder.obj
 0001:00009010       ?getNbRuntimePrimitives@AABBTreeBuildNode@Gu@physx@@QEBAIXZ 000000018000a010 f i BVHStructureBuilder.obj
 0001:00009020       ?getNeg@AABBTreeBuildNode@Gu@physx@@QEBAPEBV123@XZ 000000018000a020 f i BVHStructureBuilder.obj
 0001:00009040       ?getPos@AABBTreeBuildNode@Gu@physx@@QEBAPEBV123@XZ 000000018000a040 f i BVHStructureBuilder.obj
 0001:00009050       ?getPrimitives@AABBTreeBuildNode@Gu@physx@@QEAAPEAIPEAI@Z 000000018000a050 f i BVHStructureBuilder.obj
 0001:00009060       ?getPrimitives@AABBTreeBuildNode@Gu@physx@@QEBAPEBIPEBI@Z 000000018000a060 f i BVHStructureBuilder.obj
 0001:00009070       ?increaseCount@BuildStats@Gu@physx@@QEAAXI@Z 000000018000a070 f i BVHStructureBuilder.obj
 0001:00009080       ?isLeaf@AABBTreeBuildNode@Gu@physx@@QEBA_NXZ 000000018000a080 f i BVHStructureBuilder.obj
 0001:00009090       ?recreate@?$Array@USlab@NodeAllocator@Gu@physx@@V?$ReflectionAllocator@USlab@NodeAllocator@Gu@physx@@@shdfnd@4@@shdfnd@physx@@IEAAXI@Z 000000018000a090 f i BVHStructureBuilder.obj
 0001:00009140       ?reset@AABBTreeBuildParams@Gu@physx@@QEAAXXZ 000000018000a140 f i BVHStructureBuilder.obj
 0001:000091a0       ?reset@BuildStats@Gu@physx@@QEAAXXZ 000000018000a1a0 f i BVHStructureBuilder.obj
 0001:000091b0       ?setCount@BuildStats@Gu@physx@@QEAAXI@Z 000000018000a1b0 f i BVHStructureBuilder.obj
 0001:000091c0       ?setNbRunTimePrimitives@AABBTreeBuildNode@Gu@physx@@QEAAXI@Z 000000018000a1c0 f i BVHStructureBuilder.obj
 0001:000091d0       ?saveHeightField@physx@@YA_NAEBVHeightField@Gu@1@AEAVPxOutputStream@1@_N@Z 000000018000a1d0 f   HeightFieldCooking.obj
 0001:00009410       ?buildFromTriangles@RTreeCooker@physx@@SAXAEAURTree@Gu@2@PEBVPxVec3@2@IPEBGPEBIIAEAV?$Array@IV?$ReflectionAllocator@I@shdfnd@physx@@@shdfnd@2@PEAURemapCallback@12@MW4Enum@PxMeshCookingHint@2@@Z 000000018000a410 f   RTreeCooking.obj
 0001:000096b0       ??$partition@UBoundsLTE@physx@@@quickSelect@physx@@YAIPEIAIIIIAEBUBoundsLTE@1@@Z 000000018000a6b0 f i RTreeCooking.obj
 0001:00009830       ??$quickSelectFirstK@UBoundsLTE@physx@@@quickSelect@physx@@YAXPEIAIIIIAEBUBoundsLTE@1@@Z 000000018000a830 f i RTreeCooking.obj
 0001:00009a10       ??$smallSort@I$$CBUSortBoundsPredicate@physx@@@internal@shdfnd@physx@@YAXPEAIHHAEBUSortBoundsPredicate@2@@Z 000000018000aa10 f i RTreeCooking.obj
 0001:00009ce0       ??$sort@I@shdfnd@physx@@YAXPEAII@Z 000000018000ace0 f i RTreeCooking.obj
 0001:00009d00       ??$sort@IU?$Less@I@shdfnd@physx@@V?$ReflectionAllocator@I@23@@shdfnd@physx@@YAXPEAIIAEBU?$Less@I@01@AEBV?$ReflectionAllocator@I@01@I@Z 000000018000ad00 f i RTreeCooking.obj
 0001:0000a150       ??$sort@IUSortBoundsPredicate@physx@@@shdfnd@physx@@YAXPEAIIAEBUSortBoundsPredicate@1@@Z 000000018000b150 f i RTreeCooking.obj
 0001:0000a170       ??$sort@IUSortBoundsPredicate@physx@@V?$ReflectionAllocator@I@shdfnd@2@@shdfnd@physx@@YAXPEAIIAEBUSortBoundsPredicate@1@AEBV?$ReflectionAllocator@I@01@I@Z 000000018000b170 f i RTreeCooking.obj
 0001:0000a670       ?allocate@?$Array@UInterval@physx@@V?$InlineAllocator@$0CAAA@V?$ReflectionAllocator@UInterval@physx@@@shdfnd@physx@@@shdfnd@2@@shdfnd@physx@@IEAAPEAUInterval@3@I@Z 000000018000b670 f i RTreeCooking.obj
 0001:0000a730       ?allocate@?$Array@UPxBounds3V@physx@@V?$ReflectionAllocator@UPxBounds3V@physx@@@shdfnd@2@@shdfnd@physx@@IEAAPEAUPxBounds3V@3@I@Z 000000018000b730 f i RTreeCooking.obj
 0001:0000a7d0       ?allocate@?$Array@URTreeNodeNQ@physx@@V?$ReflectionAllocator@URTreeNodeNQ@physx@@@shdfnd@2@@shdfnd@physx@@IEAAPEAURTreeNodeNQ@3@I@Z 000000018000b7d0 f i RTreeCooking.obj
 0001:0000a870       ?allocate@?$Array@URTreeNodeQ@Gu@physx@@V?$ReflectionAllocator@URTreeNodeQ@Gu@physx@@@shdfnd@3@@shdfnd@physx@@IEAAPEAURTreeNodeQ@Gu@3@I@Z 000000018000b870 f i RTreeCooking.obj
 0001:0000a910       ?allocate@?$Array@VPxVec3@physx@@V?$ReflectionAllocator@VPxVec3@physx@@@shdfnd@2@@shdfnd@physx@@IEAAPEAVPxVec3@3@I@Z 000000018000b910 f i RTreeCooking.obj
 0001:0000a9b0       ?allocate@?$ReflectionAllocator@I@shdfnd@physx@@QEAAPEAX_KPEBDH@Z 000000018000b9b0 f i RTreeCooking.obj
 0001:0000b680       ?copy@?$Array@URTreeNodeNQ@physx@@V?$ReflectionAllocator@URTreeNodeNQ@physx@@@shdfnd@2@@shdfnd@physx@@KAXPEAURTreeNodeNQ@3@0PEBU43@@Z 000000018000c680 f i RTreeCooking.obj
 0001:0000b840       ?copy@?$Array@VPxVec3@physx@@V?$ReflectionAllocator@VPxVec3@physx@@@shdfnd@2@@shdfnd@physx@@KAXPEAVPxVec3@3@0PEBV43@@Z 000000018000c840 f i RTreeCooking.obj
 0001:0000b910       ?growAndPushBack@?$Array@IV?$ReflectionAllocator@I@shdfnd@physx@@@shdfnd@physx@@IEAAAEAIAEBI@Z 000000018000c910 f i RTreeCooking.obj
 0001:0000b9e0       ?growAndPushBack@?$Array@UInterval@physx@@V?$InlineAllocator@$0CAAA@V?$ReflectionAllocator@UInterval@physx@@@shdfnd@physx@@@shdfnd@2@@shdfnd@physx@@IEAAAEAUInterval@3@AEBU43@@Z 000000018000c9e0 f i RTreeCooking.obj
 0001:0000bac0       ?growAndPushBack@?$Array@UPxBounds3V@physx@@V?$ReflectionAllocator@UPxBounds3V@physx@@@shdfnd@2@@shdfnd@physx@@IEAAAEAUPxBounds3V@3@AEBU43@@Z 000000018000cac0 f i RTreeCooking.obj
 0001:0000bb90       ?growAndPushBack@?$Array@URTreeNodeNQ@physx@@V?$ReflectionAllocator@URTreeNodeNQ@physx@@@shdfnd@2@@shdfnd@physx@@IEAAAEAURTreeNodeNQ@3@AEBU43@@Z 000000018000cb90 f i RTreeCooking.obj
 0001:0000bc60       ?growAndPushBack@?$Array@URTreeNodeQ@Gu@physx@@V?$ReflectionAllocator@URTreeNodeQ@Gu@physx@@@shdfnd@3@@shdfnd@physx@@IEAAAEAURTreeNodeQ@Gu@3@AEBU453@@Z 000000018000cc60 f i RTreeCooking.obj
 0001:0000bd40       ?recreate@?$Array@IV?$ReflectionAllocator@I@shdfnd@physx@@@shdfnd@physx@@IEAAXI@Z 000000018000cd40 f i RTreeCooking.obj
 0001:0000be00       ?recreate@?$Array@UPxBounds3V@physx@@V?$ReflectionAllocator@UPxBounds3V@physx@@@shdfnd@2@@shdfnd@physx@@IEAAXI@Z 000000018000ce00 f i RTreeCooking.obj
 0001:0000beb0       ?recreate@?$Array@URTreeNodeNQ@physx@@V?$ReflectionAllocator@URTreeNodeNQ@physx@@@shdfnd@2@@shdfnd@physx@@IEAAXI@Z 000000018000ceb0 f i RTreeCooking.obj
 0001:0000bf40       ?recreate@?$Array@URTreeNodeQ@Gu@physx@@V?$ReflectionAllocator@URTreeNodeQ@Gu@physx@@@shdfnd@3@@shdfnd@physx@@IEAAXI@Z 000000018000cf40 f i RTreeCooking.obj
 0001:0000c000       ?recreate@?$Array@VPxVec3@physx@@V?$ReflectionAllocator@VPxVec3@physx@@@shdfnd@2@@shdfnd@physx@@IEAAXI@Z 000000018000d000 f i RTreeCooking.obj
 0001:0000c090       ?resize@?$Array@IV?$ReflectionAllocator@I@shdfnd@physx@@@shdfnd@physx@@QEAAXIAEBI@Z 000000018000d090 f i RTreeCooking.obj
 0001:0000c150       ?resizeUninitialized@?$Array@URTreeNodeNQ@physx@@V?$ReflectionAllocator@URTreeNodeNQ@physx@@@shdfnd@2@@shdfnd@physx@@QEAAXI@Z 000000018000d150 f i RTreeCooking.obj
 0001:0000c190       ?sort4@SubSortQuick@physx@@QEAAXPEIAIIAEAV?$Array@URTreeNodeNQ@physx@@V?$ReflectionAllocator@URTreeNodeNQ@physx@@@shdfnd@2@@shdfnd@2@AEAIAEAUPxBounds3V@2@I@Z 000000018000d190 f i RTreeCooking.obj
 0001:0000c520       ?sort4@SubSortSAH@physx@@QEAAXPEAIIAEAV?$Array@URTreeNodeNQ@physx@@V?$ReflectionAllocator@URTreeNodeNQ@physx@@@shdfnd@2@@shdfnd@2@AEAIIPEAURTreeNodeNQ@2@@Z 000000018000d520 f i RTreeCooking.obj
 0001:0000cd70       ?split@SubSortSAH@physx@@QEAAIPEAII@Z 000000018000dd70 f i RTreeCooking.obj
 0001:0000d770       ?computeLocalBounds@MeshBulider@physx@@IEAAXAEAVMeshDataBase@Gu@2@@Z 000000018000e770 f   MeshBuilder.obj
 0001:0000d800       ??0TriangleMeshBuilder@physx@@QEAA@AEAVTriangleMeshData@Gu@1@AEBUPxCookingParams@1@@Z 000000018000e800 f   TriangleMeshBuilder.obj
 0001:0000d830       ??1TriangleMeshBuilder@physx@@UEAA@XZ 000000018000e830 f   TriangleMeshBuilder.obj
 0001:0000d8a0       ?cleanMesh@TriangleMeshBuilder@physx@@QEAA_N_NPEAW4Enum@PxTriangleMeshCookingResult@2@@Z 000000018000e8a0 f   TriangleMeshBuilder.obj
 0001:0000dda0       ?remapTopology@TriangleMeshBuilder@physx@@QEAAXPEBI@Z 000000018000eda0 f   TriangleMeshBuilder.obj
 0001:0000e0a0       ?createSharedEdgeData@TriangleMeshBuilder@physx@@QEAAX_N0@Z 000000018000f0a0 f   TriangleMeshBuilder.obj
 0001:0000e560       ?recordTriangleIndices@TriangleMeshBuilder@physx@@QEAAXXZ 000000018000f560 f   TriangleMeshBuilder.obj
 0001:0000e660       ?createGRBMidPhaseAndData@TriangleMeshBuilder@physx@@QEAAXI@Z 000000018000f660 f   TriangleMeshBuilder.obj
 0001:0000e8f0       ?createGRBData@TriangleMeshBuilder@physx@@QEAAXXZ 000000018000f8f0 f   TriangleMeshBuilder.obj
 0001:0000e9f0       ?loadFromDesc@TriangleMeshBuilder@physx@@QEAA_NAEBVPxTriangleMeshDesc@2@PEAW4Enum@PxTriangleMeshCookingResult@2@_N@Z 000000018000f9f0 f   TriangleMeshBuilder.obj
 0001:0000ee70       ?save@TriangleMeshBuilder@physx@@QEBA_NAEAVPxOutputStream@2@_NAEBUPxCookingParams@2@@Z 000000018000fe70 f   TriangleMeshBuilder.obj
 0001:0000f440       ?checkMeshIndicesSize@TriangleMeshBuilder@physx@@QEAAXXZ 0000000180010440 f   TriangleMeshBuilder.obj
 0001:0000f550       ?importMesh@TriangleMeshBuilder@physx@@IEAA_NAEBVPxTriangleMeshDesc@2@AEBUPxCookingParams@2@PEAW4Enum@PxTriangleMeshCookingResult@2@_N@Z 0000000180010550 f   TriangleMeshBuilder.obj
 0001:0000f8d0       ?releaseEdgeList@TriangleMeshBuilder@physx@@IEAAXXZ 00000001800108d0 f   TriangleMeshBuilder.obj
 0001:0000f930       ?createEdgeList@TriangleMeshBuilder@physx@@IEAAXXZ 0000000180010930 f   TriangleMeshBuilder.obj
 0001:0000fa50       ??0RTreeTriangleMeshBuilder@physx@@QEAA@AEBUPxCookingParams@1@@Z 0000000180010a50 f   TriangleMeshBuilder.obj
 0001:0000fb10       ??1RTreeTriangleMeshBuilder@physx@@UEAA@XZ 0000000180010b10 f   TriangleMeshBuilder.obj
 0001:0000fb40       ?createMidPhaseStructure@RTreeTriangleMeshBuilder@physx@@UEAAXXZ 0000000180010b40 f   TriangleMeshBuilder.obj
 0001:0000fc20       ?saveMidPhaseStructure@RTreeTriangleMeshBuilder@physx@@UEBAXAEAVPxOutputStream@2@_N@Z 0000000180010c20 f   TriangleMeshBuilder.obj
 0001:0000fe60       ??0BV4TriangleMeshBuilder@physx@@QEAA@AEBUPxCookingParams@1@@Z 0000000180010e60 f   TriangleMeshBuilder.obj
 0001:0000ff30       ??1BV4TriangleMeshBuilder@physx@@UEAA@XZ 0000000180010f30 f   TriangleMeshBuilder.obj
 0001:0000ff90       ?createMidPhaseStructure@BV4TriangleMeshBuilder@physx@@UEAAXXZ 0000000180010f90 f   TriangleMeshBuilder.obj
 0001:00010260       ?saveMidPhaseStructure@BV4TriangleMeshBuilder@physx@@UEBAXAEAVPxOutputStream@2@_N@Z 0000000180011260 f   TriangleMeshBuilder.obj
 0001:00010400       ?onMeshIndexFormatChange@BV4TriangleMeshBuilder@physx@@UEAAXXZ 0000000180011400 f   TriangleMeshBuilder.obj
 0001:00010440       ?createMidPhaseStructure@BV32TriangleMeshBuilder@physx@@SAXAEBUPxCookingParams@2@AEAVTriangleMeshData@Gu@2@AEAVBV32Tree@52@@Z 0000000180011440 f   TriangleMeshBuilder.obj
 0001:00010620       ?saveMidPhaseStructure@BV32TriangleMeshBuilder@physx@@SAXPEAVBV32Tree@Gu@2@AEAVPxOutputStream@2@_N@Z 0000000180011620 f   TriangleMeshBuilder.obj
 0001:000107c0       ?findSharpVertices@GrbTrimeshCookerHelper@physx@@YAXAEAV?$Array@USortedNeighbor@GrbTrimeshCookerHelper@physx@@V?$ReflectionAllocator@USortedNeighbor@GrbTrimeshCookerHelper@physx@@@shdfnd@3@@shdfnd@2@AEAV?$Array@USharpEdgeRange@GrbTrimeshCookerHelper@physx@@V?$ReflectionAllocator@USharpEdgeRange@GrbTrimeshCookerHelper@physx@@@shdfnd@3@@42@PEBUuint3@2@PEBUuint4@2@II@Z 00000001800117c0 f   TriangleMeshBuilder.obj
 0001:00010b60       ?buildVertexConnectionNew_p1@GrbTrimeshCookerHelper@physx@@YAIAEAV?$Array@USortedNeighbor@GrbTrimeshCookerHelper@physx@@V?$ReflectionAllocator@USortedNeighbor@GrbTrimeshCookerHelper@physx@@@shdfnd@3@@shdfnd@2@AEAV?$Array@USharpEdgeRange@GrbTrimeshCookerHelper@physx@@V?$ReflectionAllocator@USharpEdgeRange@GrbTrimeshCookerHelper@physx@@@shdfnd@3@@42@PEBUuint3@2@PEBUuint4@2@II@Z 0000000180011b60 f   TriangleMeshBuilder.obj
 0001:00010ce0       ?buildVertexConnectionNew_p2@GrbTrimeshCookerHelper@physx@@YAXPEAI00AEAV?$Array@USortedNeighbor@GrbTrimeshCookerHelper@physx@@V?$ReflectionAllocator@USortedNeighbor@GrbTrimeshCookerHelper@physx@@@shdfnd@3@@shdfnd@2@AEAV?$Array@USharpEdgeRange@GrbTrimeshCookerHelper@physx@@V?$ReflectionAllocator@USharpEdgeRange@GrbTrimeshCookerHelper@physx@@@shdfnd@3@@42@I@Z 0000000180011ce0 f   TriangleMeshBuilder.obj
 0001:00010d90       ??$?_UG@@YAPEAX_KV?$ReflectionAllocator@G@shdfnd@physx@@PEBDH@Z 0000000180011d90 f i TriangleMeshBuilder.obj
 0001:00010e30       ??$median3@USortedNeighbor@GrbTrimeshCookerHelper@physx@@$$CBU?$Less@USortedNeighbor@GrbTrimeshCookerHelper@physx@@@shdfnd@3@@internal@shdfnd@physx@@YAXPEAUSortedNeighbor@GrbTrimeshCookerHelper@2@HHAEBU?$Less@USortedNeighbor@GrbTrimeshCookerHelper@physx@@@12@@Z 0000000180011e30 f i TriangleMeshBuilder.obj
 0001:00010f60       ??$sort@UEdgeTriLookup@physx@@@shdfnd@physx@@YAXPEAUEdgeTriLookup@1@I@Z 0000000180011f60 f i TriangleMeshBuilder.obj
 0001:00010f80       ??$sort@UEdgeTriLookup@physx@@U?$Less@UEdgeTriLookup@physx@@@shdfnd@2@V?$ReflectionAllocator@UEdgeTriLookup@physx@@@42@@shdfnd@physx@@YAXPEAUEdgeTriLookup@1@IAEBU?$Less@UEdgeTriLookup@physx@@@01@AEBV?$ReflectionAllocator@UEdgeTriLookup@physx@@@01@I@Z 0000000180011f80 f i TriangleMeshBuilder.obj
 0001:00011500       ??$sort@USortedNeighbor@GrbTrimeshCookerHelper@physx@@@shdfnd@physx@@YAXPEAUSortedNeighbor@GrbTrimeshCookerHelper@1@I@Z 0000000180012500 f i TriangleMeshBuilder.obj
 0001:00011520       ??$sort@USortedNeighbor@GrbTrimeshCookerHelper@physx@@U?$Less@USortedNeighbor@GrbTrimeshCookerHelper@physx@@@shdfnd@3@V?$ReflectionAllocator@USortedNeighbor@GrbTrimeshCookerHelper@physx@@@53@@shdfnd@physx@@YAXPEAUSortedNeighbor@GrbTrimeshCookerHelper@1@IAEBU?$Less@USortedNeighbor@GrbTrimeshCookerHelper@physx@@@01@AEBV?$ReflectionAllocator@USortedNeighbor@GrbTrimeshCookerHelper@physx@@@01@I@Z 0000000180012520 f i TriangleMeshBuilder.obj
 0001:00011a20       ??0PxVec4@physx@@QEAA@XZ   0000000180012a20 f i TriangleMeshBuilder.obj
 0001:00011a30       ??1BV4TriangleData@Gu@physx@@UEAA@XZ 0000000180012a30 f i TriangleMeshBuilder.obj
 0001:00011a70       ??1MeshDataBase@Gu@physx@@UEAA@XZ 0000000180012a70 f i TriangleMeshBuilder.obj
 0001:00011b50       ??1RTreeTriangleData@Gu@physx@@UEAA@XZ 0000000180012b50 f i TriangleMeshBuilder.obj
 0001:00011bc0       ??1RemapCallback@RTreeCooker@physx@@UEAA@XZ 0000000180012bc0 f i TriangleMeshBuilder.obj
 0001:00011bd0       ??1TriangleMeshData@Gu@physx@@UEAA@XZ 0000000180012bd0 f i TriangleMeshBuilder.obj
 0001:00011ca0       ??_EBV4TriangleData@Gu@physx@@UEAAPEAXI@Z 0000000180012ca0 f i TriangleMeshBuilder.obj
 0001:00011ca0       ??_GBV4TriangleData@Gu@physx@@UEAAPEAXI@Z 0000000180012ca0 f i TriangleMeshBuilder.obj
 0001:00011d20       ??_EBV4TriangleMeshBuilder@physx@@UEAAPEAXI@Z 0000000180012d20 f i TriangleMeshBuilder.obj
 0001:00011d20       ??_GBV4TriangleMeshBuilder@physx@@UEAAPEAXI@Z 0000000180012d20 f i TriangleMeshBuilder.obj
 0001:00011da0       ??_GMeshDataBase@Gu@physx@@UEAAPEAXI@Z 0000000180012da0 f i TriangleMeshBuilder.obj
 0001:00011da0       ??_EMeshDataBase@Gu@physx@@UEAAPEAXI@Z 0000000180012da0 f i TriangleMeshBuilder.obj
 0001:00011e00       ??_GRTreeCookerRemap@physx@@UEAAPEAXI@Z 0000000180012e00 f i TriangleMeshBuilder.obj
 0001:00011e00       ??_ERTreeCookerRemap@physx@@UEAAPEAXI@Z 0000000180012e00 f i TriangleMeshBuilder.obj
 0001:00011e30       ??_GRTreeTriangleData@Gu@physx@@UEAAPEAXI@Z 0000000180012e30 f i TriangleMeshBuilder.obj
 0001:00011e30       ??_ERTreeTriangleData@Gu@physx@@UEAAPEAXI@Z 0000000180012e30 f i TriangleMeshBuilder.obj
 0001:00011e90       ??_GRTreeTriangleMeshBuilder@physx@@UEAAPEAXI@Z 0000000180012e90 f i TriangleMeshBuilder.obj
 0001:00011e90       ??_ERTreeTriangleMeshBuilder@physx@@UEAAPEAXI@Z 0000000180012e90 f i TriangleMeshBuilder.obj
 0001:00011ee0       ??_ERemapCallback@RTreeCooker@physx@@UEAAPEAXI@Z 0000000180012ee0 f i TriangleMeshBuilder.obj
 0001:00011ee0       ??_GRemapCallback@RTreeCooker@physx@@UEAAPEAXI@Z 0000000180012ee0 f i TriangleMeshBuilder.obj
 0001:00011f10       ??_GTriangleMeshBuilder@physx@@UEAAPEAXI@Z 0000000180012f10 f i TriangleMeshBuilder.obj
 0001:00011f10       ??_ETriangleMeshBuilder@physx@@UEAAPEAXI@Z 0000000180012f10 f i TriangleMeshBuilder.obj
 0001:00011f50       ??_ETriangleMeshData@Gu@physx@@UEAAPEAXI@Z 0000000180012f50 f i TriangleMeshBuilder.obj
 0001:00011f50       ??_GTriangleMeshData@Gu@physx@@UEAAPEAXI@Z 0000000180012f50 f i TriangleMeshBuilder.obj
 0001:00011fb0       ?allocate@?$ReflectionAllocator@USortedNeighbor@GrbTrimeshCookerHelper@physx@@@shdfnd@physx@@QEAAPEAX_KPEBDH@Z 0000000180012fb0 f i TriangleMeshBuilder.obj
 0001:00012050       ?allocateTriangles@TriangleMeshData@Gu@physx@@QEAAPEAXI_NI@Z 0000000180013050 f i TriangleMeshBuilder.obj
 0001:00012130       ?allocateVertices@MeshDataBase@Gu@physx@@QEAAPEAVPxVec3@3@I@Z 0000000180013130 f i TriangleMeshBuilder.obj
 0001:00012860       ?getMidphaseID@BV4TriangleMeshBuilder@physx@@UEBA?AW4Enum@PxMeshMidPhase@2@XZ 0000000180013860 f i TriangleMeshBuilder.obj
 0001:00012870       ?getMidphaseID@RTreeTriangleMeshBuilder@physx@@UEBA?AW4Enum@PxMeshMidPhase@2@XZ 0000000180013870 f i TriangleMeshBuilder.obj
 0001:00012880       ?growAndPushBack@?$Array@USortedNeighbor@GrbTrimeshCookerHelper@physx@@V?$ReflectionAllocator@USortedNeighbor@GrbTrimeshCookerHelper@physx@@@shdfnd@3@@shdfnd@physx@@IEAAAEAUSortedNeighbor@GrbTrimeshCookerHelper@3@AEBU453@@Z 0000000180013880 f i TriangleMeshBuilder.obj
 0001:00012980       ?onMeshIndexFormatChange@TriangleMeshBuilder@physx@@UEAAXXZ 0000000180013980 f i TriangleMeshBuilder.obj
 0001:00012990       ?recreate@?$Array@USharpEdgeRange@GrbTrimeshCookerHelper@physx@@V?$ReflectionAllocator@USharpEdgeRange@GrbTrimeshCookerHelper@physx@@@shdfnd@3@@shdfnd@physx@@IEAAXI@Z 0000000180013990 f i TriangleMeshBuilder.obj
 0001:00012aa0       ?recreate@?$Array@USortedNeighbor@GrbTrimeshCookerHelper@physx@@V?$ReflectionAllocator@USortedNeighbor@GrbTrimeshCookerHelper@physx@@@shdfnd@3@@shdfnd@physx@@IEAAXI@Z 0000000180013aa0 f i TriangleMeshBuilder.obj
 0001:00012b70       ?remap@RTreeCookerRemap@physx@@UEAAXPEAIII@Z 0000000180013b70 f i TriangleMeshBuilder.obj
 0001:00012b90       ?resize@?$Array@USharpEdgeRange@GrbTrimeshCookerHelper@physx@@V?$ReflectionAllocator@USharpEdgeRange@GrbTrimeshCookerHelper@physx@@@shdfnd@3@@shdfnd@physx@@QEAAXIAEBUSharpEdgeRange@GrbTrimeshCookerHelper@3@@Z 0000000180013b90 f i TriangleMeshBuilder.obj
 0001:00012c50       ?resizeUninitialized@?$Array@USortedNeighbor@GrbTrimeshCookerHelper@physx@@V?$ReflectionAllocator@USortedNeighbor@GrbTrimeshCookerHelper@physx@@@shdfnd@3@@shdfnd@physx@@QEAAXI@Z 0000000180013c50 f i TriangleMeshBuilder.obj
 0001:00012c90       ??0BigConvexDataBuilder@physx@@QEAA@PEBUConvexHullData@Gu@1@PEAVBigConvexData@1@PEBVPxVec3@1@@Z 0000000180013c90 f   BigConvexDataBuilder.obj
 0001:00012cb0       ??1BigConvexDataBuilder@physx@@QEAA@XZ 0000000180013cb0 f   BigConvexDataBuilder.obj
 0001:00012cc0       ?precompute@BigConvexDataBuilder@physx@@QEAA_NI@Z 0000000180013cc0 f   BigConvexDataBuilder.obj
 0001:00013910       ?initialize@BigConvexDataBuilder@physx@@QEAA_NXZ 0000000180014910 f   BigConvexDataBuilder.obj
 0001:000139c0       ?save@BigConvexDataBuilder@physx@@QEBA_NAEAVPxOutputStream@2@_N@Z 00000001800149c0 f   BigConvexDataBuilder.obj
 0001:00013c00       ?computeValencies@BigConvexDataBuilder@physx@@QEAA_NAEBVConvexHullBuilder@2@@Z 0000000180014c00 f   BigConvexDataBuilder.obj
 0001:00013ff0       ?saveValencies@BigConvexDataBuilder@physx@@QEBA_NAEAVPxOutputStream@2@_N@Z 0000000180014ff0 f   BigConvexDataBuilder.obj
 0001:000141a0       ??0BigConvexData@physx@@QEAA@W4PxEMPTY@1@@Z 00000001800151a0 f i BigConvexDataBuilder.obj
 0001:000141b0       ??4BigConvexData@physx@@QEAAAEAV01@AEBV01@@Z 00000001800151b0 f i BigConvexDataBuilder.obj
 0001:000141d0       ?GetAdjacentVerts@BigConvexData@physx@@QEBAPEBEXZ 00000001800151d0 f i BigConvexDataBuilder.obj
 0001:000141e0       ?GetNbNeighbors@BigConvexData@physx@@QEBAGI@Z 00000001800151e0 f i BigConvexDataBuilder.obj
 0001:000141f0       ?GetNbSamples@BigConvexData@physx@@QEBAIXZ 00000001800151f0 f i BigConvexDataBuilder.obj
 0001:00014200       ?GetNbVerts@BigConvexData@physx@@QEBAIXZ 0000000180015200 f i BigConvexDataBuilder.obj
 0001:00014210       ?GetNeighbors@BigConvexData@physx@@QEBAPEBEI@Z 0000000180015210 f i BigConvexDataBuilder.obj
 0001:00014220       ?GetOffset@BigConvexData@physx@@QEBAGI@Z 0000000180015220 f i BigConvexDataBuilder.obj
 0001:00014230       ?GetSubdiv@BigConvexData@physx@@QEBAIXZ 0000000180015230 f i BigConvexDataBuilder.obj
 0001:00014240       ?GetValencies@BigConvexData@physx@@QEBAPEBUValency@Gu@2@XZ 0000000180015240 f i BigConvexDataBuilder.obj
 0001:00014250       ?GetValency@BigConvexData@physx@@QEBAGI@Z 0000000180015250 f i BigConvexDataBuilder.obj
 0001:00014260       ??0ConvexHullBuilder@physx@@QEAA@PEAUConvexHullData@Gu@1@_N@Z 0000000180015260 f   ConvexHullBuilder.obj
 0001:00014290       ??1ConvexHullBuilder@physx@@QEAA@XZ 0000000180015290 f   ConvexHullBuilder.obj
 0001:000143a0       ?init@ConvexHullBuilder@physx@@QEAA_NIPEBVPxVec3@2@PEBIIIPEBUPxHullPolygon@2@_NPEAVConvexHullLib@2@@Z 00000001800153a0 f   ConvexHullBuilder.obj
 0001:00014d00       ?save@ConvexHullBuilder@physx@@QEBA_NAEAVPxOutputStream@2@_N@Z 0000000180015d00 f   ConvexHullBuilder.obj
 0001:00015050       ?copy@ConvexHullBuilder@physx@@QEAA_NAEAUConvexHullData@Gu@2@AEAI@Z 0000000180016050 f   ConvexHullBuilder.obj
 0001:000152d0       ?createEdgeList@ConvexHullBuilder@physx@@QEAA_N_NI@Z 00000001800162d0 f   ConvexHullBuilder.obj
 0001:00015b50       ?checkHullPolygons@ConvexHullBuilder@physx@@QEBA_NXZ 0000000180016b50 f   ConvexHullBuilder.obj
 0001:00016140       ?calculateVertexMapTable@ConvexHullBuilder@physx@@QEAA_NI_N@Z 0000000180017140 f   ConvexHullBuilder.obj
 0001:00016350       ?computeGeomCenter@ConvexHullBuilder@physx@@IEBA_NAEAVPxVec3@2@IPEAUHullTriangleData@2@@Z 0000000180017350 f   ConvexHullBuilder.obj
 0001:00016610       ??$?_UE@@YAPEAX_KV?$ReflectionAllocator@E@shdfnd@physx@@PEBDH@Z 0000000180017610 f i ConvexHullBuilder.obj
 0001:000166b0       ??1ConvexHullLib@physx@@UEAA@XZ 00000001800176b0 f   ConvexHullLib.obj
 0001:00016710       ?cleanupVertices@ConvexHullLib@physx@@IEAA_NIPEBVPxVec3@2@IAEAIPEAV32@AEAV32@3@Z 0000000180017710 f   ConvexHullLib.obj
 0001:00016b60       ?shiftAndcleanupVertices@ConvexHullLib@physx@@IEAA_NIPEBVPxVec3@2@IAEAIPEAV32@AEAV32@3@Z 0000000180017b60 f   ConvexHullLib.obj
 0001:00017040       ?swapLargestFace@ConvexHullLib@physx@@IEAAXAEAVPxConvexMeshDesc@2@@Z 0000000180018040 f   ConvexHullLib.obj
 0001:00017230       ?shiftConvexMeshDesc@ConvexHullLib@physx@@IEAAXAEAVPxConvexMeshDesc@2@@Z 0000000180018230 f   ConvexHullLib.obj
 0001:000172f0       ??_EConvexHullLib@physx@@UEAAPEAXI@Z 00000001800182f0 f i ConvexHullLib.obj
 0001:000172f0       ??_GConvexHullLib@physx@@UEAAPEAXI@Z 00000001800182f0 f i ConvexHullLib.obj
 0001:00017860       ??0ConvexHull@physx@@QEAA@AEBVPxVec3@1@0AEBV?$Array@VPxPlane@physx@@V?$ReflectionAllocator@VPxPlane@physx@@@shdfnd@2@@shdfnd@1@@Z 0000000180018860 f   ConvexHullUtils.obj
 0001:00018220       ??0ConvexHull@physx@@QEAA@AEBVPxVec3@1@AEBVPxTransform@1@AEBV?$Array@VPxPlane@physx@@V?$ReflectionAllocator@VPxPlane@physx@@@shdfnd@2@@shdfnd@1@@Z 0000000180019220 f   ConvexHullUtils.obj
 0001:00019380       ?findCandidatePlane@ConvexHull@physx@@QEBAHMM@Z 000000018001a380 f   ConvexHullUtils.obj
 0001:000197f0       ?assertIntact@ConvexHull@physx@@QEBA_NM@Z 000000018001a7f0 f   ConvexHullUtils.obj
 0001:00019b00       ?maxNumVertsPerFace@ConvexHull@physx@@QEBAIXZ 000000018001ab00 f   ConvexHullUtils.obj
 0001:00019b80       ?convexHullCrop@physx@@YAPEAVConvexHull@1@AEBV21@AEBVPxPlane@1@M@Z 000000018001ab80 f   ConvexHullUtils.obj
 0001:0001a960       ?computeOBBFromConvex@physx@@YA_NAEBVPxConvexMeshDesc@1@AEAVPxVec3@1@AEAVPxTransform@1@@Z 000000018001b960 f   ConvexHullUtils.obj
 0001:0001b070       ?computeOBBSIMD@local@@YAXIPEBT__m128@@AEAT2@AEBT2@1@Z 000000018001c070 f   ConvexHullUtils.obj
 0001:0001b480       ??0Box@Gu@physx@@QEAA@AEBV012@@Z 000000018001c480 f i ConvexHullUtils.obj
 0001:0001b4e0       ??0Box@Gu@physx@@QEAA@AEBVPxVec3@2@0AEBVPxMat33@2@@Z 000000018001c4e0 f i ConvexHullUtils.obj
 0001:0001b550       ??0Box@Gu@physx@@QEAA@XZ   000000018001c550 f i ConvexHullUtils.obj
 0001:0001b560       ??0HalfEdge@ConvexHull@physx@@QEAA@XZ 000000018001c560 f i ConvexHullUtils.obj
 0001:0001b570       ??0PxPlane@physx@@QEAA@XZ  000000018001c570 f i ConvexHullUtils.obj
 0001:0001b580       ??0PxQuat@physx@@QEAA@AEBVPxMat33@1@@Z 000000018001c580 f i ConvexHullUtils.obj
 0001:0001b760       ??1Box@Gu@physx@@QEAA@XZ   000000018001c760 f i ConvexHullUtils.obj
 0001:0001b770       ??4Box@Gu@physx@@QEAAAEBV012@AEBV012@@Z 000000018001c770 f i ConvexHullUtils.obj
 0001:0001b7d0       ?allocate@?$Array@VHalfEdge@ConvexHull@physx@@V?$ReflectionAllocator@VHalfEdge@ConvexHull@physx@@@shdfnd@3@@shdfnd@physx@@IEAAPEAVHalfEdge@ConvexHull@3@I@Z 000000018001c7d0 f i ConvexHullUtils.obj
 0001:0001b870       ?allocate@?$Array@VPxPlane@physx@@V?$ReflectionAllocator@VPxPlane@physx@@@shdfnd@2@@shdfnd@physx@@IEAAPEAVPxPlane@3@I@Z 000000018001c870 f i ConvexHullUtils.obj
 0001:0001b910       ?computeAABBExtent@Box@Gu@physx@@QEBA?AVPxVec3@3@XZ 000000018001c910 f i ConvexHullUtils.obj
 0001:0001b9d0       ?computeBoxPoints@Box@Gu@physx@@QEBAXPEIAVPxVec3@3@@Z 000000018001c9d0 f i ConvexHullUtils.obj
 0001:0001ba10       ?copy@?$Array@VPxPlane@physx@@V?$ReflectionAllocator@VPxPlane@physx@@@shdfnd@2@@shdfnd@physx@@KAXPEAVPxPlane@3@0PEBV43@@Z 000000018001ca10 f i ConvexHullUtils.obj
 0001:0001bb10       ?getInverse@PxMat33@physx@@QEBA?BV12@XZ 000000018001cb10 f i ConvexHullUtils.obj
 0001:0001bd60       ?getTransform@Box@Gu@physx@@QEBA?AVPxTransform@3@XZ 000000018001cd60 f i ConvexHullUtils.obj
 0001:0001bdc0       ?growAndPushBack@?$Array@VHalfEdge@ConvexHull@physx@@V?$ReflectionAllocator@VHalfEdge@ConvexHull@physx@@@shdfnd@3@@shdfnd@physx@@IEAAAEAVHalfEdge@ConvexHull@3@AEBV453@@Z 000000018001cdc0 f i ConvexHullUtils.obj
 0001:0001be80       ?growAndPushBack@?$Array@VPxPlane@physx@@V?$ReflectionAllocator@VPxPlane@physx@@@shdfnd@2@@shdfnd@physx@@IEAAAEAVPxPlane@3@AEBV43@@Z 000000018001ce80 f i ConvexHullUtils.obj
 0001:0001bf40       ?isValid@Box@Gu@physx@@QEBA_NXZ 000000018001cf40 f i ConvexHullUtils.obj
 0001:0001bf60       ?recreate@?$Array@VHalfEdge@ConvexHull@physx@@V?$ReflectionAllocator@VHalfEdge@ConvexHull@physx@@@shdfnd@3@@shdfnd@physx@@IEAAXI@Z 000000018001cf60 f i ConvexHullUtils.obj
 0001:0001c000       ?recreate@?$Array@VPxPlane@physx@@V?$ReflectionAllocator@VPxPlane@physx@@@shdfnd@2@@shdfnd@physx@@IEAAXI@Z 000000018001d000 f i ConvexHullUtils.obj
 0001:0001c090       ?resize@?$Array@VHalfEdge@ConvexHull@physx@@V?$ReflectionAllocator@VHalfEdge@ConvexHull@physx@@@shdfnd@3@@shdfnd@physx@@QEAAXIAEBVHalfEdge@ConvexHull@3@@Z 000000018001d090 f i ConvexHullUtils.obj
 0001:0001c150       ?resize@?$Array@VPxPlane@physx@@V?$ReflectionAllocator@VPxPlane@physx@@@shdfnd@2@@shdfnd@physx@@QEAAXIAEBVPxPlane@3@@Z 000000018001d150 f i ConvexHullUtils.obj
 0001:0001c270       ?resize@?$Array@VPxVec3@physx@@V?$ReflectionAllocator@VPxVec3@physx@@@shdfnd@2@@shdfnd@physx@@QEAAXIAEBVPxVec3@3@@Z 000000018001d270 f i ConvexHullUtils.obj
 0001:0001c360       ?rotate@Box@Gu@physx@@QEBA?AVPxVec3@3@AEBV43@@Z 000000018001d360 f i ConvexHullUtils.obj
 0001:0001c3f0       ?rotateInv@Box@Gu@physx@@QEBA?AVPxVec3@3@AEBV43@@Z 000000018001d3f0 f i ConvexHullUtils.obj
 0001:0001c480       ?setAxes@Box@Gu@physx@@QEAAXAEBVPxVec3@3@00@Z 000000018001d480 f i ConvexHullUtils.obj
 0001:0001c4c0       ?setEmpty@Box@Gu@physx@@QEAAXXZ 000000018001d4c0 f i ConvexHullUtils.obj
 0001:0001c500       ?transform@Box@Gu@physx@@QEBA?AVPxVec3@3@AEBV43@@Z 000000018001d500 f i ConvexHullUtils.obj
 0001:0001c5a0       ??0ConvexMeshBuilder@physx@@QEAA@_N@Z 000000018001d5a0 f   ConvexMeshBuilder.obj
 0001:0001c610       ??1ConvexMeshBuilder@physx@@QEAA@XZ 000000018001d610 f   ConvexMeshBuilder.obj
 0001:0001c670       ?build@ConvexMeshBuilder@physx@@QEAA_NAEBVPxConvexMeshDesc@2@I_NPEAVConvexHullLib@2@@Z 000000018001d670 f   ConvexMeshBuilder.obj
 0001:0001c990       ?save@ConvexMeshBuilder@physx@@QEBA_NAEAVPxOutputStream@2@_N@Z 000000018001d990 f   ConvexMeshBuilder.obj
 0001:0001cbb0       ?copy@ConvexMeshBuilder@physx@@QEAA_NAEAUConvexHullData@Gu@2@AEAI@Z 000000018001dbb0 f   ConvexMeshBuilder.obj
 0001:0001cc40       ?loadConvexHull@ConvexMeshBuilder@physx@@QEAA_NAEBVPxConvexMeshDesc@2@PEAVConvexHullLib@2@@Z 000000018001dc40 f   ConvexMeshBuilder.obj
 0001:0001ced0       ?computeHullPolygons@ConvexMeshBuilder@physx@@QEAA_NAEBIPEBVPxVec3@2@0PEBIAEAVPxAllocatorCallback@2@AEAIAEAPEAV32@4AEAPEAI4AEAPEAUPxHullPolygon@2@@Z 000000018001ded0 f   ConvexMeshBuilder.obj
 0001:0001d0f0       ?computeGaussMaps@ConvexMeshBuilder@physx@@QEAA_NXZ 000000018001e0f0 f   ConvexMeshBuilder.obj
 0001:0001d1e0       ?computeMassInfo@ConvexMeshBuilder@physx@@QEAAX_N@Z 000000018001e1e0 f   ConvexMeshBuilder.obj
 0001:0001d5b0       ?computeInternalObjects@ConvexMeshBuilder@physx@@QEAAXXZ 000000018001e5b0 f   ConvexMeshBuilder.obj
 0001:0001da30       ?isFinite@PxVec3@physx@@QEBA_NXZ 000000018001ea30 f i ConvexMeshBuilder.obj
 0001:0001da90       ??0ConvexPolygonsBuilder@physx@@QEAA@PEAUConvexHullData@Gu@1@_N@Z 000000018001ea90 f   ConvexPolygonsBuilder.obj
 0001:0001dac0       ??1ConvexPolygonsBuilder@physx@@QEAA@XZ 000000018001eac0 f   ConvexPolygonsBuilder.obj
 0001:0001db10       ?computeHullPolygons@ConvexPolygonsBuilder@physx@@QEAA_NAEBIPEBVPxVec3@2@0PEBI@Z 000000018001eb10 f   ConvexPolygonsBuilder.obj
 0001:0001ebc0       ?createPolygonData@ConvexPolygonsBuilder@physx@@AEAA_NXZ 000000018001fbc0 f   ConvexPolygonsBuilder.obj
 0001:0001f7a0       ?createTrianglesFromPolygons@ConvexPolygonsBuilder@physx@@AEAA_NXZ 00000001800207a0 f   ConvexPolygonsBuilder.obj
 0001:000200c0       ??$copy@V?$ReflectionAllocator@VPair@@@shdfnd@physx@@@?$Array@VPair@@V?$ReflectionAllocator@VPair@@@shdfnd@physx@@@shdfnd@physx@@IEAAXAEBV012@@Z 00000001800210c0 f i ConvexPolygonsBuilder.obj
 0001:00020940       ?allocate@?$Array@IV?$ReflectionAllocator@I@shdfnd@physx@@@shdfnd@physx@@IEAAPEAII@Z 0000000180021940 f i ConvexPolygonsBuilder.obj
 0001:000209e0       ?allocate@?$Array@VPair@@V?$ReflectionAllocator@VPair@@@shdfnd@physx@@@shdfnd@physx@@IEAAPEAVPair@@I@Z 00000001800219e0 f i ConvexPolygonsBuilder.obj
 0001:00021f60       ?growAndPushBack@?$Array@VPair@@V?$ReflectionAllocator@VPair@@@shdfnd@physx@@@shdfnd@physx@@IEAAAEAVPair@@AEBV4@@Z 0000000180022f60 f i ConvexPolygonsBuilder.obj
 0001:00022020       ??0QuickHullConvexHullLib@physx@@QEAA@AEBVPxConvexMeshDesc@1@AEBUPxCookingParams@1@@Z 0000000180023020 f   QuickHullConvexHullLib.obj
 0001:00022110       ??1QuickHullConvexHullLib@physx@@UEAA@XZ 0000000180023110 f   QuickHullConvexHullLib.obj
 0001:000221e0       ?createConvexHull@QuickHullConvexHullLib@physx@@UEAA?AW4Enum@PxConvexMeshCookingResult@2@XZ 00000001800231e0 f   QuickHullConvexHullLib.obj
 0001:000225f0       ?fillConvexMeshDesc@QuickHullConvexHullLib@physx@@UEAAXAEAVPxConvexMeshDesc@2@@Z 00000001800235f0 f   QuickHullConvexHullLib.obj
 0001:00022640       ?createEdgeList@QuickHullConvexHullLib@physx@@UEAA_NIPEBEPEAPEAEPEAPEAG2@Z 0000000180023640 f   QuickHullConvexHullLib.obj
 0001:00022880       ?expandHullOBB@QuickHullConvexHullLib@physx@@IEAA?AW4Enum@PxConvexMeshCookingResult@2@XZ 0000000180023880 f   QuickHullConvexHullLib.obj
 0001:00022ca0       ?expandHull@QuickHullConvexHullLib@physx@@IEAA?AW4Enum@PxConvexMeshCookingResult@2@XZ 0000000180023ca0 f   QuickHullConvexHullLib.obj
 0001:00023980       ?cleanupForSimplex@QuickHullConvexHullLib@physx@@IEAA_NPEAVPxVec3@2@IPEAUQuickHullVertex@local@@1AEAM2@Z 0000000180024980 f   QuickHullConvexHullLib.obj
 0001:00024550       ?fillConvexMeshDescFromQuickHull@QuickHullConvexHullLib@physx@@IEAAXAEAVPxConvexMeshDesc@2@@Z 0000000180025550 f   QuickHullConvexHullLib.obj
 0001:000248e0       ?fillConvexMeshDescFromCroppedHull@QuickHullConvexHullLib@physx@@IEAAXAEAVPxConvexMeshDesc@2@@Z 00000001800258e0 f   QuickHullConvexHullLib.obj
 0001:00024ae0       ?getOppositeFaceDistance@QuickHullHalfEdge@local@@QEBAMXZ 0000000180025ae0 f   QuickHullConvexHullLib.obj
 0001:00024b20       ?mergeAdjacentFace@QuickHullFace@local@@QEAA_NPEAUQuickHullHalfEdge@2@AEAV?$Array@PEAUQuickHullFace@local@@V?$ReflectionAllocator@PEAUQuickHullFace@local@@@shdfnd@physx@@@shdfnd@physx@@@Z 0000000180025b20 f   QuickHullConvexHullLib.obj
 0001:00024f70       ?checkFaceConsistency@QuickHullFace@local@@QEAA_NXZ 0000000180025f70 f   QuickHullConvexHullLib.obj
 0001:00024f80       ?connectHalfEdges@QuickHullFace@local@@AEAAPEAU12@PEAUQuickHullHalfEdge@2@0@Z 0000000180025f80 f   QuickHullConvexHullLib.obj
 0001:000252f0       ??0QuickHull@local@@QEAA@AEBUPxCookingParams@physx@@AEBVPxConvexMeshDesc@3@@Z 00000001800262f0 f   QuickHullConvexHullLib.obj
 0001:000253a0       ??1QuickHull@local@@QEAA@XZ 00000001800263a0 f   QuickHullConvexHullLib.obj
 0001:000254f0       ?preallocate@QuickHull@local@@QEAAXI@Z 00000001800264f0 f   QuickHullConvexHullLib.obj
 0001:00025640       ?parseInputVertices@QuickHull@local@@QEAAXPEBVPxVec3@physx@@I@Z 0000000180026640 f   QuickHullConvexHullLib.obj
 0001:000257d0       ?releaseHull@QuickHull@local@@QEAAXXZ 00000001800267d0 f   QuickHullConvexHullLib.obj
 0001:00025830       ?setPrecomputedMinMax@QuickHull@local@@QEAAXPEBUQuickHullVertex@2@0MM@Z 0000000180026830 f   QuickHullConvexHullLib.obj
 0001:000259c0       ?buildHull@QuickHull@local@@QEAA?AW4Enum@QuickHullResult@2@XZ 00000001800269c0 f   QuickHullConvexHullLib.obj
 0001:00025be0       ?maxNumVertsPerFace@QuickHull@local@@QEBAIXZ 0000000180026be0 f   QuickHullConvexHullLib.obj
 0001:00025c20       ?computeMinMaxVerts@QuickHull@local@@IEAAXXZ 0000000180026c20 f   QuickHullConvexHullLib.obj
 0001:00026000       ?findSimplex@QuickHull@local@@IEAA_NXZ 0000000180027000 f   QuickHullConvexHullLib.obj
 0001:00026cb0       ?addSimplex@QuickHull@local@@IEAAXPEAUQuickHullVertex@2@_N@Z 0000000180027cb0 f   QuickHullConvexHullLib.obj
 0001:00027180       ?nextPointToAdd@QuickHull@local@@IEAAPEAUQuickHullVertex@2@AEAPEAUQuickHullFace@2@@Z 0000000180028180 f   QuickHullConvexHullLib.obj
 0001:00027300       ?addPointToHull@QuickHull@local@@IEAA_NPEBUQuickHullVertex@2@AEAUQuickHullFace@2@AEA_N@Z 0000000180028300 f   QuickHullConvexHullLib.obj
 0001:000275d0       ?createTriangle@QuickHull@local@@IEAAPEAUQuickHullFace@2@AEBUQuickHullVertex@2@00@Z 00000001800285d0 f   QuickHullConvexHullLib.obj
 0001:00027970       ?addPointToFace@QuickHull@local@@IEAAXAEAUQuickHullFace@2@PEAUQuickHullVertex@2@M@Z 0000000180028970 f   QuickHullConvexHullLib.obj
 0001:000279c0       ?removeEyePointFromFace@QuickHull@local@@IEAAXAEAUQuickHullFace@2@PEBUQuickHullVertex@2@@Z 00000001800289c0 f   QuickHullConvexHullLib.obj
 0001:000279e0       ?calculateHorizon@QuickHull@local@@IEAAXAEBVPxVec3@physx@@PEAUQuickHullHalfEdge@2@AEAUQuickHullFace@2@AEAV?$Array@PEAUQuickHullHalfEdge@local@@V?$ReflectionAllocator@PEAUQuickHullHalfEdge@local@@@shdfnd@physx@@@shdfnd@4@AEAV?$Array@PEAUQuickHullFace@local@@V?$ReflectionAllocator@PEAUQuickHullFace@local@@@shdfnd@physx@@@84@@Z 00000001800289e0 f   QuickHullConvexHullLib.obj
 0001:00027b90       ?addNewFacesFromHorizon@QuickHull@local@@IEAAXPEBUQuickHullVertex@2@AEBV?$Array@PEAUQuickHullHalfEdge@local@@V?$ReflectionAllocator@PEAUQuickHullHalfEdge@local@@@shdfnd@physx@@@shdfnd@physx@@AEAV?$Array@PEAUQuickHullFace@local@@V?$ReflectionAllocator@PEAUQuickHullFace@local@@@shdfnd@physx@@@56@@Z 0000000180028b90 f   QuickHullConvexHullLib.obj
 0001:00027ce0       ?doAdjacentMerge@QuickHull@local@@IEAA_NAEAUQuickHullFace@2@_NAEA_N@Z 0000000180028ce0 f   QuickHullConvexHullLib.obj
 0001:00028030       ?doPostAdjacentMerge@QuickHull@local@@IEAA_NAEAUQuickHullFace@2@M@Z 0000000180029030 f   QuickHullConvexHullLib.obj
 0001:00028250       ?deleteFacePoints@QuickHull@local@@IEAAXAEAUQuickHullFace@2@PEAU32@@Z 0000000180029250 f   QuickHullConvexHullLib.obj
 0001:00028360       ?resolveUnclaimedPoints@QuickHull@local@@IEAAXAEBV?$Array@PEAUQuickHullFace@local@@V?$ReflectionAllocator@PEAUQuickHullFace@local@@@shdfnd@physx@@@shdfnd@physx@@@Z 0000000180029360 f   QuickHullConvexHullLib.obj
 0001:000285e0       ?postMergeHull@QuickHull@local@@IEAAXXZ 00000001800295e0 f   QuickHullConvexHullLib.obj
 0001:00028840       ?canMergeFaces@QuickHull@local@@IEAA_NAEBUQuickHullHalfEdge@2@@Z 0000000180029840 f   QuickHullConvexHullLib.obj
 0001:00029070       ?getExpandPoint@local@@YAXAEBUQuickHullHalfEdge@1@AEAUExpandPoint@1@PEBV?$Array@IV?$ReflectionAllocator@I@shdfnd@physx@@@shdfnd@physx@@@Z 000000018002a070 f   QuickHullConvexHullLib.obj
 0001:00029120       ?addExpandPoint@local@@YAXAEBUExpandPoint@1@AEAV?$Array@UExpandPoint@local@@V?$ReflectionAllocator@UExpandPoint@local@@@shdfnd@physx@@@shdfnd@physx@@@Z 000000018002a120 f   QuickHullConvexHullLib.obj
 0001:00029200       ??0PxPlane@physx@@QEAA@AEBV01@@Z 000000018002a200 f i QuickHullConvexHullLib.obj
 0001:00029220       ??0QuickHullVertex@local@@QEAA@XZ 000000018002a220 f i QuickHullConvexHullLib.obj
 0001:00029230       ??1?$MemBlock@UQuickHullFace@local@@$00@local@@QEAA@XZ 000000018002a230 f i QuickHullConvexHullLib.obj
 0001:000292c0       ??1?$MemBlock@UQuickHullHalfEdge@local@@$0A@@local@@QEAA@XZ 000000018002a2c0 f i QuickHullConvexHullLib.obj
 0001:00029350       ??_GConvexHull@physx@@QEAAPEAXI@Z 000000018002a350 f i QuickHullConvexHullLib.obj
 0001:00029430       ??_EQuickHullConvexHullLib@physx@@UEAAPEAXI@Z 000000018002a430 f i QuickHullConvexHullLib.obj
 0001:00029430       ??_GQuickHullConvexHullLib@physx@@UEAAPEAXI@Z 000000018002a430 f i QuickHullConvexHullLib.obj
 0001:00029530       ??__G@YAXPEAX0_K1P6APEAX00@Z@Z 000000018002a530 f i QuickHullConvexHullLib.obj
 0001:00029590       ?allocate@?$Array@PEAUQuickHullFace@local@@V?$ReflectionAllocator@PEAUQuickHullFace@local@@@shdfnd@physx@@@shdfnd@physx@@IEAAPEAPEAUQuickHullFace@local@@I@Z 000000018002a590 f i QuickHullConvexHullLib.obj
 0001:00029630       ?allocate@?$Array@PEAUQuickHullHalfEdge@local@@V?$ReflectionAllocator@PEAUQuickHullHalfEdge@local@@@shdfnd@physx@@@shdfnd@physx@@IEAAPEAPEAUQuickHullHalfEdge@local@@I@Z 000000018002a630 f i QuickHullConvexHullLib.obj
 0001:000296d0       ?allocate@?$Array@PEAUQuickHullVertex@local@@V?$ReflectionAllocator@PEAUQuickHullVertex@local@@@shdfnd@physx@@@shdfnd@physx@@IEAAPEAPEAUQuickHullVertex@local@@I@Z 000000018002a6d0 f i QuickHullConvexHullLib.obj
 0001:00029770       ?allocate@?$Array@UExpandPoint@local@@V?$ReflectionAllocator@UExpandPoint@local@@@shdfnd@physx@@@shdfnd@physx@@IEAAPEAUExpandPoint@local@@I@Z 000000018002a770 f i QuickHullConvexHullLib.obj
 0001:00029810       ?copy@?$Array@UExpandPoint@local@@V?$ReflectionAllocator@UExpandPoint@local@@@shdfnd@physx@@@shdfnd@physx@@KAXPEAUExpandPoint@local@@0PEBU45@@Z 000000018002a810 f i QuickHullConvexHullLib.obj
 0001:000298c0       ?getFreeItem@?$MemBlock@UQuickHullFace@local@@$00@local@@QEAAPEAUQuickHullFace@2@XZ 000000018002a8c0 f i QuickHullConvexHullLib.obj
 0001:000299f0       ?getFreeItem@?$MemBlock@UQuickHullHalfEdge@local@@$0A@@local@@QEAAPEAUQuickHullHalfEdge@2@XZ 000000018002a9f0 f i QuickHullConvexHullLib.obj
 0001:00029ac0       ?growAndPushBack@?$Array@PEAUQuickHullFace@local@@V?$ReflectionAllocator@PEAUQuickHullFace@local@@@shdfnd@physx@@@shdfnd@physx@@IEAAAEAPEAUQuickHullFace@local@@AEBQEAU45@@Z 000000018002aac0 f i QuickHullConvexHullLib.obj
 0001:00029b80       ?growAndPushBack@?$Array@PEAUQuickHullHalfEdge@local@@V?$ReflectionAllocator@PEAUQuickHullHalfEdge@local@@@shdfnd@physx@@@shdfnd@physx@@IEAAAEAPEAUQuickHullHalfEdge@local@@AEBQEAU45@@Z 000000018002ab80 f i QuickHullConvexHullLib.obj
 0001:00029c40       ?growAndPushBack@?$Array@PEAUQuickHullVertex@local@@V?$ReflectionAllocator@PEAUQuickHullVertex@local@@@shdfnd@physx@@@shdfnd@physx@@IEAAAEAPEAUQuickHullVertex@local@@AEBQEAU45@@Z 000000018002ac40 f i QuickHullConvexHullLib.obj
 0001:00029d00       ?growAndPushBack@?$Array@UExpandPoint@local@@V?$ReflectionAllocator@UExpandPoint@local@@@shdfnd@physx@@@shdfnd@physx@@IEAAAEAUExpandPoint@local@@AEBU45@@Z 000000018002ad00 f i QuickHullConvexHullLib.obj
 0001:00029e00       ?init@?$MemBlock@UQuickHullFace@local@@$00@local@@QEAAXI@Z 000000018002ae00 f i QuickHullConvexHullLib.obj
 0001:00029f00       ?init@?$MemBlock@UQuickHullHalfEdge@local@@$0A@@local@@QEAAXI@Z 000000018002af00 f i QuickHullConvexHullLib.obj
 0001:00029fa0       ?recreate@?$Array@PEAUQuickHullFace@local@@V?$ReflectionAllocator@PEAUQuickHullFace@local@@@shdfnd@physx@@@shdfnd@physx@@IEAAXI@Z 000000018002afa0 f i QuickHullConvexHullLib.obj
 0001:0002a040       ?recreate@?$Array@PEAUQuickHullHalfEdge@local@@V?$ReflectionAllocator@PEAUQuickHullHalfEdge@local@@@shdfnd@physx@@@shdfnd@physx@@IEAAXI@Z 000000018002b040 f i QuickHullConvexHullLib.obj
 0001:0002a0e0       ?recreate@?$Array@PEAUQuickHullVertex@local@@V?$ReflectionAllocator@PEAUQuickHullVertex@local@@@shdfnd@physx@@@shdfnd@physx@@IEAAXI@Z 000000018002b0e0 f i QuickHullConvexHullLib.obj
 0001:0002a180       ?recreate@?$Array@UExpandPoint@local@@V?$ReflectionAllocator@UExpandPoint@local@@@shdfnd@physx@@@shdfnd@physx@@IEAAXI@Z 000000018002b180 f i QuickHullConvexHullLib.obj
 0001:0002a210       ?computeVolumeIntegrals@physx@@YA_NAEBVPxSimpleTriangleMesh@1@MAEAUPxIntegrals@1@@Z 000000018002b210 f   VolumeIntegration.obj
 0001:0002a280       ?computeVolumeIntegralsEberly@physx@@YA_NAEBVPxConvexMeshDesc@1@MAEAUPxIntegrals@1@AEBVPxVec3@1@@Z 000000018002b280 f   VolumeIntegration.obj
 0001:0002a2d0       ?computeVolumeIntegralsEberlySIMD@physx@@YA_NAEBVPxConvexMeshDesc@1@MAEAUPxIntegrals@1@AEBVPxVec3@1@@Z 000000018002b2d0 f   VolumeIntegration.obj
 0001:0002c5d0       PxSetPhysXCookingDelayLoadHook 000000018002d5d0 f   WindowsCookingDelayLoadHook.obj
 0001:0002c5e0       ?delayHook@@YAP6A_JXZIPEAUDelayLoadInfo@@@Z 000000018002d5e0 f   WindowsCookingDelayLoadHook.obj
 0001:0002c6b8       __imp_load_??0RadixSortBuffered@Cm@physx@@QEAA@XZ 000000018002d6b8 f   PhysXCommon_64:PhysXCommon_64.dll
 0001:0002c6c4       ??0RadixSortBuffered@Cm@physx@@QEAA@XZ 000000018002d6c4 f   PhysXCommon_64:PhysXCommon_64.dll
 0001:0002c6ca       __tailMerge_physxcommon_64_dll 000000018002d6ca     PhysXCommon_64:PhysXCommon_64.dll
 0001:0002c743       __imp_load_??1RadixSortBuffered@Cm@physx@@UEAA@XZ 000000018002d743 f   PhysXCommon_64:PhysXCommon_64.dll
 0001:0002c74f       ??1RadixSortBuffered@Cm@physx@@UEAA@XZ 000000018002d74f f   PhysXCommon_64:PhysXCommon_64.dll
 0001:0002c755       __imp_load_?Sort@RadixSortBuffered@Cm@physx@@QEAAAEAV123@PEBIIW4RadixHint@23@@Z 000000018002d755 f   PhysXCommon_64:PhysXCommon_64.dll
 0001:0002c761       ?Sort@RadixSortBuffered@Cm@physx@@QEAAAEAV123@PEBIIW4RadixHint@23@@Z 000000018002d761 f   PhysXCommon_64:PhysXCommon_64.dll
 0001:0002c767       __imp_load_?readDword@physx@@YAI_NAEAVPxInputStream@1@@Z 000000018002d767 f   PhysXCommon_64:PhysXCommon_64.dll
 0001:0002c773       ?readDword@physx@@YAI_NAEAVPxInputStream@1@@Z 000000018002d773 f   PhysXCommon_64:PhysXCommon_64.dll
 0001:0002c779       __imp_load_?ReadHeader@Gu@physx@@YA_NEEEEAEAIAEA_NAEAVPxInputStream@2@@Z 000000018002d779 f   PhysXCommon_64:PhysXCommon_64.dll
 0001:0002c785       ?ReadHeader@Gu@physx@@YA_NEEEEAEAIAEA_NAEAVPxInputStream@2@@Z 000000018002d785 f   PhysXCommon_64:PhysXCommon_64.dll
 0001:0002c78b       __imp_load_?exportExtraData@ConvexMesh@Gu@physx@@UEAAXAEAVPxSerializationContext@3@@Z 000000018002d78b f   PhysXCommon_64:PhysXCommon_64.dll
 0001:0002c797       ?exportExtraData@ConvexMesh@Gu@physx@@UEAAXAEAVPxSerializationContext@3@@Z 000000018002d797 f   PhysXCommon_64:PhysXCommon_64.dll
 0001:0002c79d       __imp_load_?onRefCountZero@ConvexMesh@Gu@physx@@UEAAXXZ 000000018002d79d f   PhysXCommon_64:PhysXCommon_64.dll
 0001:0002c7a9       ?onRefCountZero@ConvexMesh@Gu@physx@@UEAAXXZ 000000018002d7a9 f   PhysXCommon_64:PhysXCommon_64.dll
 0001:0002c7af       __imp_load_?release@ConvexMesh@Gu@physx@@UEAAXXZ 000000018002d7af f   PhysXCommon_64:PhysXCommon_64.dll
 0001:0002c7bb       ?release@ConvexMesh@Gu@physx@@UEAAXXZ 000000018002d7bb f   PhysXCommon_64:PhysXCommon_64.dll
 0001:0002c7c1       __imp_load_?getPolygonData@ConvexMesh@Gu@physx@@UEBA_NIAEAUPxHullPolygon@3@@Z 000000018002d7c1 f   PhysXCommon_64:PhysXCommon_64.dll
 0001:0002c7cd       ?getPolygonData@ConvexMesh@Gu@physx@@UEBA_NIAEAUPxHullPolygon@3@@Z 000000018002d7cd f   PhysXCommon_64:PhysXCommon_64.dll
 0001:0002c7d3       __imp_load_?isGpuCompatible@ConvexMesh@Gu@physx@@UEBA_NXZ 000000018002d7d3 f   PhysXCommon_64:PhysXCommon_64.dll
 0001:0002c7df       ?isGpuCompatible@ConvexMesh@Gu@physx@@UEBA_NXZ 000000018002d7df f   PhysXCommon_64:PhysXCommon_64.dll
 0001:0002c7e5       __imp_load_?getReferenceCount@ConvexMesh@Gu@physx@@UEBAIXZ 000000018002d7e5 f   PhysXCommon_64:PhysXCommon_64.dll
 0001:0002c7f1       ?getReferenceCount@ConvexMesh@Gu@physx@@UEBAIXZ 000000018002d7f1 f   PhysXCommon_64:PhysXCommon_64.dll
 0001:0002c7f7       __imp_load_?acquireReference@ConvexMesh@Gu@physx@@UEAAXXZ 000000018002d7f7 f   PhysXCommon_64:PhysXCommon_64.dll
 0001:0002c803       ?acquireReference@ConvexMesh@Gu@physx@@UEAAXXZ 000000018002d803 f   PhysXCommon_64:PhysXCommon_64.dll
 0001:0002c809       __imp_load_?getMassInformation@ConvexMesh@Gu@physx@@UEBAXAEAMAEAVPxMat33@3@AEAVPxVec3@3@@Z 000000018002d809 f   PhysXCommon_64:PhysXCommon_64.dll
 0001:0002c815       ?getMassInformation@ConvexMesh@Gu@physx@@UEBAXAEAMAEAVPxMat33@3@AEAVPxVec3@3@@Z 000000018002d815 f   PhysXCommon_64:PhysXCommon_64.dll
 0001:0002c81b       __imp_load_?getLocalBounds@ConvexMesh@Gu@physx@@UEBA?AVPxBounds3@3@XZ 000000018002d81b f   PhysXCommon_64:PhysXCommon_64.dll
 0001:0002c827       ?getLocalBounds@ConvexMesh@Gu@physx@@UEBA?AVPxBounds3@3@XZ 000000018002d827 f   PhysXCommon_64:PhysXCommon_64.dll
 0001:0002c82d       __imp_load_??1ConvexMesh@Gu@physx@@UEAA@XZ 000000018002d82d f   PhysXCommon_64:PhysXCommon_64.dll
 0001:0002c839       ??1ConvexMesh@Gu@physx@@UEAA@XZ 000000018002d839 f   PhysXCommon_64:PhysXCommon_64.dll
 0001:0002c83f       __imp_load_??0HeightField@Gu@physx@@QEAA@PEAVGuMeshFactory@2@@Z 000000018002d83f f   PhysXCommon_64:PhysXCommon_64.dll
 0001:0002c84b       ??0HeightField@Gu@physx@@QEAA@PEAVGuMeshFactory@2@@Z 000000018002d84b f   PhysXCommon_64:PhysXCommon_64.dll
 0001:0002c851       __imp_load_?loadFromDesc@HeightField@Gu@physx@@QEAA_NAEBVPxHeightFieldDesc@3@@Z 000000018002d851 f   PhysXCommon_64:PhysXCommon_64.dll
 0001:0002c85d       ?loadFromDesc@HeightField@Gu@physx@@QEAA_NAEBVPxHeightFieldDesc@3@@Z 000000018002d85d f   PhysXCommon_64:PhysXCommon_64.dll
 0001:0002c863       __imp_load_?computeCellCoordinates@HeightField@Gu@physx@@QEBAIMMAEAM0@Z 000000018002d863 f   PhysXCommon_64:PhysXCommon_64.dll
 0001:0002c86f       ?computeCellCoordinates@HeightField@Gu@physx@@QEBAIMMAEAM0@Z 000000018002d86f f   PhysXCommon_64:PhysXCommon_64.dll
 0001:0002c875       __imp_load_?releaseMemory@HeightField@Gu@physx@@QEAAXXZ 000000018002d875 f   PhysXCommon_64:PhysXCommon_64.dll
 0001:0002c881       ?releaseMemory@HeightField@Gu@physx@@QEAAXXZ 000000018002d881 f   PhysXCommon_64:PhysXCommon_64.dll
 0001:0002c887       __imp_load_??1HeightField@Gu@physx@@UEAA@XZ 000000018002d887 f   PhysXCommon_64:PhysXCommon_64.dll
 0001:0002c893       ??1HeightField@Gu@physx@@UEAA@XZ 000000018002d893 f   PhysXCommon_64:PhysXCommon_64.dll
 0001:0002c899       __imp_load_??0NodeAllocator@Gu@physx@@QEAA@XZ 000000018002d899 f   PhysXCommon_64:PhysXCommon_64.dll
 0001:0002c8a5       ??0NodeAllocator@Gu@physx@@QEAA@XZ 000000018002d8a5 f   PhysXCommon_64:PhysXCommon_64.dll
 0001:0002c8ab       __imp_load_??1NodeAllocator@Gu@physx@@QEAA@XZ 000000018002d8ab f   PhysXCommon_64:PhysXCommon_64.dll
 0001:0002c8b7       ??1NodeAllocator@Gu@physx@@QEAA@XZ 000000018002d8b7 f   PhysXCommon_64:PhysXCommon_64.dll
 0001:0002c8bd       __imp_load_?release@NodeAllocator@Gu@physx@@QEAAXXZ 000000018002d8bd f   PhysXCommon_64:PhysXCommon_64.dll
 0001:0002c8c9       ?release@NodeAllocator@Gu@physx@@QEAAXXZ 000000018002d8c9 f   PhysXCommon_64:PhysXCommon_64.dll
 0001:0002c8cf       __imp_load_?buildAABBTree@Gu@physx@@YA_NAEAVAABBTreeBuildParams@12@AEAVNodeAllocator@12@AEAUBuildStats@12@AEAPEAI@Z 000000018002d8cf f   PhysXCommon_64:PhysXCommon_64.dll
 0001:0002c8db       ?buildAABBTree@Gu@physx@@YA_NAEAVAABBTreeBuildParams@12@AEAVNodeAllocator@12@AEAUBuildStats@12@AEAPEAI@Z 000000018002d8db f   PhysXCommon_64:PhysXCommon_64.dll
 0001:0002c8e1       __imp_load_?writeDword@physx@@YAXI_NAEAVPxOutputStream@1@@Z 000000018002d8e1 f   PhysXCommon_64:PhysXCommon_64.dll
 0001:0002c8ed       ?writeDword@physx@@YAXI_NAEAVPxOutputStream@1@@Z 000000018002d8ed f   PhysXCommon_64:PhysXCommon_64.dll
 0001:0002c8f3       __imp_load_?writeFloatBuffer@physx@@YAXPEBMI_NAEAVPxOutputStream@1@@Z 000000018002d8f3 f   PhysXCommon_64:PhysXCommon_64.dll
 0001:0002c8ff       ?writeFloatBuffer@physx@@YAXPEBMI_NAEAVPxOutputStream@1@@Z 000000018002d8ff f   PhysXCommon_64:PhysXCommon_64.dll
 0001:0002c905       __imp_load_?writeHeader@physx@@YA_NCCCCI_NAEAVPxOutputStream@1@@Z 000000018002d905 f   PhysXCommon_64:PhysXCommon_64.dll
 0001:0002c911       ?writeHeader@physx@@YA_NCCCCI_NAEAVPxOutputStream@1@@Z 000000018002d911 f   PhysXCommon_64:PhysXCommon_64.dll
 0001:0002c917       __imp_load_?writeWord@physx@@YAXG_NAEAVPxOutputStream@1@@Z 000000018002d917 f   PhysXCommon_64:PhysXCommon_64.dll
 0001:0002c923       ?writeWord@physx@@YAXG_NAEAVPxOutputStream@1@@Z 000000018002d923 f   PhysXCommon_64:PhysXCommon_64.dll
 0001:0002c929       __imp_load_?writeFloat@physx@@YAXM_NAEAVPxOutputStream@1@@Z 000000018002d929 f   PhysXCommon_64:PhysXCommon_64.dll
 0001:0002c935       ?writeFloat@physx@@YAXM_NAEAVPxOutputStream@1@@Z 000000018002d935 f   PhysXCommon_64:PhysXCommon_64.dll
 0001:0002c93b       __imp_load_?computeBoundsAroundVertices@Gu@physx@@YAXAEAVPxBounds3@2@IPEIBVPxVec3@2@@Z 000000018002d93b f   PhysXCommon_64:PhysXCommon_64.dll
 0001:0002c947       ?computeBoundsAroundVertices@Gu@physx@@YAXAEAVPxBounds3@2@IPEIBVPxVec3@2@@Z 000000018002d947 f   PhysXCommon_64:PhysXCommon_64.dll
 0001:0002c94d       __imp_load_??0SourceMesh@Gu@physx@@QEAA@XZ 000000018002d94d f   PhysXCommon_64:PhysXCommon_64.dll
 0001:0002c959       ??0SourceMesh@Gu@physx@@QEAA@XZ 000000018002d959 f   PhysXCommon_64:PhysXCommon_64.dll
 0001:0002c95f       __imp_load_??1SourceMesh@Gu@physx@@QEAA@XZ 000000018002d95f f   PhysXCommon_64:PhysXCommon_64.dll
 0001:0002c96b       ??1SourceMesh@Gu@physx@@QEAA@XZ 000000018002d96b f   PhysXCommon_64:PhysXCommon_64.dll
 0001:0002c971       __imp_load_??0BV4Tree@Gu@physx@@QEAA@XZ 000000018002d971 f   PhysXCommon_64:PhysXCommon_64.dll
 0001:0002c97d       ??0BV4Tree@Gu@physx@@QEAA@XZ 000000018002d97d f   PhysXCommon_64:PhysXCommon_64.dll
 0001:0002c983       __imp_load_??1BV4Tree@Gu@physx@@QEAA@XZ 000000018002d983 f   PhysXCommon_64:PhysXCommon_64.dll
 0001:0002c98f       ??1BV4Tree@Gu@physx@@QEAA@XZ 000000018002d98f f   PhysXCommon_64:PhysXCommon_64.dll
 0001:0002c995       __imp_load_??0BV32Tree@Gu@physx@@QEAA@XZ 000000018002d995 f   PhysXCommon_64:PhysXCommon_64.dll
 0001:0002c9a1       ??0BV32Tree@Gu@physx@@QEAA@XZ 000000018002d9a1 f   PhysXCommon_64:PhysXCommon_64.dll
 0001:0002c9a7       __imp_load_??1BV32Tree@Gu@physx@@QEAA@XZ 000000018002d9a7 f   PhysXCommon_64:PhysXCommon_64.dll
 0001:0002c9b3       ??1BV32Tree@Gu@physx@@QEAA@XZ 000000018002d9b3 f   PhysXCommon_64:PhysXCommon_64.dll
 0001:0002c9b9       __imp_load_?writeWordBuffer@physx@@YAXPEBGI_NAEAVPxOutputStream@1@@Z 000000018002d9b9 f   PhysXCommon_64:PhysXCommon_64.dll
 0001:0002c9c5       ?writeWordBuffer@physx@@YAXPEBGI_NAEAVPxOutputStream@1@@Z 000000018002d9c5 f   PhysXCommon_64:PhysXCommon_64.dll
 0001:0002c9cb       __imp_load_?computeMaxIndex@physx@@YAIPEBII@Z 000000018002d9cb f   PhysXCommon_64:PhysXCommon_64.dll
 0001:0002c9d7       ?computeMaxIndex@physx@@YAIPEBII@Z 000000018002d9d7 f   PhysXCommon_64:PhysXCommon_64.dll
 0001:0002c9dd       __imp_load_?storeIndices@physx@@YAXIIPEBIAEAVPxOutputStream@1@_N@Z 000000018002d9dd f   PhysXCommon_64:PhysXCommon_64.dll
 0001:0002c9e9       ?storeIndices@physx@@YAXIIPEBIAEAVPxOutputStream@1@_N@Z 000000018002d9e9 f   PhysXCommon_64:PhysXCommon_64.dll
 0001:0002c9ef       __imp_load_?BuildBV4Ex@Gu@physx@@YA_NAEAVBV4Tree@12@AEAVSourceMesh@12@MI@Z 000000018002d9ef f   PhysXCommon_64:PhysXCommon_64.dll
 0001:0002c9fb       ?BuildBV4Ex@Gu@physx@@YA_NAEAVBV4Tree@12@AEAVSourceMesh@12@MI@Z 000000018002d9fb f   PhysXCommon_64:PhysXCommon_64.dll
 0001:0002ca01       __imp_load_?BuildBV32Ex@Gu@physx@@YA_NAEAVBV32Tree@12@AEAVSourceMesh@12@MI@Z 000000018002da01 f   PhysXCommon_64:PhysXCommon_64.dll
 0001:0002ca0d       ?BuildBV32Ex@Gu@physx@@YA_NAEAVBV32Tree@12@AEAVSourceMesh@12@MI@Z 000000018002da0d f   PhysXCommon_64:PhysXCommon_64.dll
[...]
 0002:00007a4c       rgszName                   0000000180038a4c     PhysXCooking_64.exp
 0002:00007c30       rgwOrd                     0000000180038c30     PhysXCooking_64.exp
 0002:00007d22       szName                     0000000180038d22     PhysXCooking_64.exp
 0002:00007d36       $N00001                    0000000180038d36     PhysXCooking_64.exp
 0002:00007d65       $N00002                    0000000180038d65     PhysXCooking_64.exp
 0002:00007d8c       $N00003                    0000000180038d8c     PhysXCooking_64.exp
 0002:00007dc7       $N00004                    0000000180038dc7     PhysXCooking_64.exp
 0002:00007dee       $N00005                    0000000180038dee     PhysXCooking_64.exp
 0002:00007e1a       $N00006                    0000000180038e1a     PhysXCooking_64.exp
 0002:00007e3b       $N00007                    0000000180038e3b     PhysXCooking_64.exp
 0002:00007e70       $N00008                    0000000180038e70     PhysXCooking_64.exp
 0002:00007e89       $N00009                    0000000180038e89     PhysXCooking_64.exp
 0002:00007ea9       $N00010                    0000000180038ea9     PhysXCooking_64.exp
 0002:00007ef1       $N00011                    0000000180038ef1     PhysXCooking_64.exp
 0002:00007f1a       $N00012                    0000000180038f1a     PhysXCooking_64.exp
 0002:00007f41       $N00013                    0000000180038f41     PhysXCooking_64.exp
 0002:00007f70       $N00014                    0000000180038f70     PhysXCooking_64.exp
 0002:00007f9d       $N00015                    0000000180038f9d     PhysXCooking_64.exp
 0002:00007fce       $N00016                    0000000180038fce     PhysXCooking_64.exp
 0002:00007ff3       $N00017                    0000000180038ff3     PhysXCooking_64.exp
 0002:0000801e       $N00018                    000000018003901e     PhysXCooking_64.exp
 0002:00008044       $N00019                    0000000180039044     PhysXCooking_64.exp
 0002:00008063       $N00020                    0000000180039063     PhysXCooking_64.exp
 0002:00008099       $N00021                    0000000180039099     PhysXCooking_64.exp
 0002:000080c3       $N00022                    00000001800390c3     PhysXCooking_64.exp
 0002:000080ea       $N00023                    00000001800390ea     PhysXCooking_64.exp
 0002:00008113       $N00024                    0000000180039113     PhysXCooking_64.exp
 0002:0000812c       $N00025                    000000018003912c     PhysXCooking_64.exp
 0002:00008151       $N00026                    0000000180039151     PhysXCooking_64.exp
 0002:00008170       $N00027                    0000000180039170     PhysXCooking_64.exp
 0002:0000818f       $N00028                    000000018003918f     PhysXCooking_64.exp
 0002:000081af       $N00029                    00000001800391af     PhysXCooking_64.exp
 0002:000081e5       $N00030                    00000001800391e5     PhysXCooking_64.exp
 0002:0000821d       $N00031                    000000018003921d     PhysXCooking_64.exp
 0002:00008251       $N00032                    0000000180039251     PhysXCooking_64.exp
 0002:00008283       $N00033                    0000000180039283     PhysXCooking_64.exp
 0002:000082b0       $N00034                    00000001800392b0     PhysXCooking_64.exp
 0002:000082d8       $N00035                    00000001800392d8     PhysXCooking_64.exp
 0002:00008309       $N00036                    0000000180039309     PhysXCooking_64.exp
 0002:00008338       $N00037                    0000000180039338     PhysXCooking_64.exp
 0002:00008368       $N00038                    0000000180039368     PhysXCooking_64.exp
 0002:00008396       $N00039                    0000000180039396     PhysXCooking_64.exp
 0002:000083c7       $N00040                    00000001800393c7     PhysXCooking_64.exp
 0002:000083fd       $N00041                    00000001800393fd     PhysXCooking_64.exp
 0002:00008431       $N00042                    0000000180039431     PhysXCooking_64.exp
 0002:00008463       $N00043                    0000000180039463     PhysXCooking_64.exp
 0002:00008495       $N00044                    0000000180039495     PhysXCooking_64.exp
 0002:000084c1       $N00045                    00000001800394c1     PhysXCooking_64.exp
 0002:000084dd       $N00046                    00000001800394dd     PhysXCooking_64.exp
 0002:00008507       $N00047                    0000000180039507     PhysXCooking_64.exp
 0002:0000852b       $N00048                    000000018003952b     PhysXCooking_64.exp
 0002:0000855d       $N00049                    000000018003955d     PhysXCooking_64.exp
 0002:00008584       $N00050                    0000000180039584     PhysXCooking_64.exp
 0002:000085b2       $N00051                    00000001800395b2     PhysXCooking_64.exp
 0002:000085dd       $N00052                    00000001800395dd     PhysXCooking_64.exp
 0002:0000860a       $N00053                    000000018003960a     PhysXCooking_64.exp
 0002:00008633       $N00054                    0000000180039633     PhysXCooking_64.exp
 0002:00008662       $N00055                    0000000180039662     PhysXCooking_64.exp
 0002:0000868b       $N00056                    000000018003968b     PhysXCooking_64.exp
 0002:000086b4       $N00057                    00000001800396b4     PhysXCooking_64.exp
 0002:000086e2       $N00058                    00000001800396e2     PhysXCooking_64.exp
 0002:0000870a       $N00059                    000000018003970a     PhysXCooking_64.exp
 0002:00008745       $N00060                    0000000180039745     PhysXCooking_64.exp
 0002:0000876f       $N00061                    000000018003976f     PhysXCooking_64.exp
 0002:000087a3       $N00062                    00000001800397a3     PhysXCooking_64.exp
 0002:000087d9       $N00063                    00000001800397d9     PhysXCooking_64.exp
 0002:00008815       $N00064                    0000000180039815     PhysXCooking_64.exp
 0002:0000885d       $N00065                    000000018003985d     PhysXCooking_64.exp
 0002:000088ad       $N00066                    00000001800398ad     PhysXCooking_64.exp
 0002:000088e1       $N00067                    00000001800398e1     PhysXCooking_64.exp
 0002:00008916       $N00068                    0000000180039916     PhysXCooking_64.exp
 0002:0000894c       $N00069                    000000018003994c     PhysXCooking_64.exp
 0002:00008973       $N00070                    0000000180039973     PhysXCooking_64.exp
 0002:000089bb       $N00071                    00000001800399bb     PhysXCooking_64.exp
 0002:00008a01       $N00072                    0000000180039a01     PhysXCooking_64.exp
 0002:00008a59       $N00073                    0000000180039a59     PhysXCooking_64.exp
 0002:00008aa0       $N00074                    0000000180039aa0     PhysXCooking_64.exp
 0002:00008acb       $N00075                    0000000180039acb     PhysXCooking_64.exp
 0002:00008afb       $N00076                    0000000180039afb     PhysXCooking_64.exp
 0002:00008b4b       $N00077                    0000000180039b4b     PhysXCooking_64.exp
 0002:00008bfa       $N00078                    0000000180039bfa     PhysXCooking_64.exp
 0002:00008c58       $N00079                    0000000180039c58     PhysXCooking_64.exp
 0002:00008c84       $N00080                    0000000180039c84     PhysXCooking_64.exp
 0002:00008cb0       $N00081                    0000000180039cb0     PhysXCooking_64.exp
 0002:00008ce5       $N00082                    0000000180039ce5     PhysXCooking_64.exp
 0002:00008d0e       $N00083                    0000000180039d0e     PhysXCooking_64.exp
 0002:00008d4a       $N00084                    0000000180039d4a     PhysXCooking_64.exp
 0002:00008d76       $N00085                    0000000180039d76     PhysXCooking_64.exp
 0002:00008da9       $N00086                    0000000180039da9     PhysXCooking_64.exp
 0002:00008df6       $N00087                    0000000180039df6     PhysXCooking_64.exp
 0002:00008e29       $N00088                    0000000180039e29     PhysXCooking_64.exp
 0002:00008e63       $N00089                    0000000180039e63     PhysXCooking_64.exp
 0002:00008e9d       $N00090                    0000000180039e9d     PhysXCooking_64.exp
 0002:00008ed9       $N00091                    0000000180039ed9     PhysXCooking_64.exp
 0002:00008f1d       $N00092                    0000000180039f1d     PhysXCooking_64.exp
 0002:00008f4c       $N00093                    0000000180039f4c     PhysXCooking_64.exp
 0002:00008fc6       $N00094                    0000000180039fc6     PhysXCooking_64.exp
 0002:00009023       $N00095                    000000018003a023     PhysXCooking_64.exp
 0002:0000904f       $N00096                    000000018003a04f     PhysXCooking_64.exp
 0002:00009083       $N00097                    000000018003a083     PhysXCooking_64.exp
 0002:000090bc       $N00098                    000000018003a0bc     PhysXCooking_64.exp
 0002:000090f9       $N00099                    000000018003a0f9     PhysXCooking_64.exp
 0002:0000912f       $N00100                    000000018003a12f     PhysXCooking_64.exp
 0002:0000915c       $N00101                    000000018003a15c     PhysXCooking_64.exp
 0002:00009189       $N00102                    000000018003a189     PhysXCooking_64.exp
 0002:000091b4       $N00103                    000000018003a1b4     PhysXCooking_64.exp
 0002:000091e0       $N00104                    000000018003a1e0     PhysXCooking_64.exp
 0002:0000920d       $N00105                    000000018003a20d     PhysXCooking_64.exp
 0002:0000922d       $N00106                    000000018003a22d     PhysXCooking_64.exp
 0002:00009269       $N00107                    000000018003a269     PhysXCooking_64.exp
 0002:000092ab       $N00108                    000000018003a2ab     PhysXCooking_64.exp
 0002:000092d8       $N00109                    000000018003a2d8     PhysXCooking_64.exp
 0002:000092fc       $N00110                    000000018003a2fc     PhysXCooking_64.exp
 0002:0000932c       $N00111                    000000018003a32c     PhysXCooking_64.exp
 0002:0000935f       $N00112                    000000018003a35f     PhysXCooking_64.exp
 0002:00009384       $N00113                    000000018003a384     PhysXCooking_64.exp
 0002:000093b2       $N00114                    000000018003a3b2     PhysXCooking_64.exp
 0002:000093da       $N00115                    000000018003a3da     PhysXCooking_64.exp
 0002:000093fa       $N00116                    000000018003a3fa     PhysXCooking_64.exp
 0002:0000943f       $N00117                    000000018003a43f     PhysXCooking_64.exp
 0002:0000947c       $N00118                    000000018003a47c     PhysXCooking_64.exp
 0002:000094b9       $N00119                    000000018003a4b9     PhysXCooking_64.exp
 0002:000094ec       $N00120                    000000018003a4ec     PhysXCooking_64.exp
 0002:000094fc       $N00121                    000000018003a4fc     PhysXCooking_64.exp
 0002:00009780       .idata$6                   000000018003a780     kernel32:KERNEL32.dll
 0002:0000983c       .idata$6                   000000018003a83c     vcruntime:VCRUNTIME140.dll
 0002:00009978       .idata$6                   000000018003a978     ucrt:api-ms-win-crt-string-l1-1-0.dll
 0002:0000999a       .idata$6                   000000018003a99a     ucrt:api-ms-win-crt-math-l1-1-0.dll
 0002:000099ba       .idata$6                   000000018003a9ba     ucrt:api-ms-win-crt-heap-l1-1-0.dll
 0002:000099da       .idata$6                   000000018003a9da     ucrt:api-ms-win-crt-runtime-l1-1-0.dll
 0003:00000000       ?MAXDOT_MINANG@local@@3MB  000000018003b000     ConvexHullUtils.obj
 0003:00000004       ?MAXDOT_MINANG@local@@3MB  000000018003b004     QuickHullConvexHullLib.obj
 0003:000008b0       ?maxV3Error@_VecMathTests@aos@shdfnd@physx@@3T__m128@@B 000000018003b8b0     Cooking.obj
 0003:000008c0       ?minFError@_VecMathTests@aos@shdfnd@physx@@3T__m128@@B 000000018003b8c0     Cooking.obj
 0003:000008d0       ?maxV4Error@_VecMathTests@aos@shdfnd@physx@@3T__m128@@B 000000018003b8d0     Cooking.obj
 0003:000008e0       ?minV4Error@_VecMathTests@aos@shdfnd@physx@@3T__m128@@B 000000018003b8e0     Cooking.obj
 0003:000008f0       ?minV3Error@_VecMathTests@aos@shdfnd@physx@@3T__m128@@B 000000018003b8f0     Cooking.obj
 0003:00000900       ?maxFError@_VecMathTests@aos@shdfnd@physx@@3T__m128@@B 000000018003b900     Cooking.obj
 0003:00000910       ?maxV3Error@_VecMathTests@aos@shdfnd@physx@@3T__m128@@B 000000018003b910     BVHStructureBuilder.obj
 0003:00000920       ?minFError@_VecMathTests@aos@shdfnd@physx@@3T__m128@@B 000000018003b920     BVHStructureBuilder.obj
 0003:00000930       ?maxV4Error@_VecMathTests@aos@shdfnd@physx@@3T__m128@@B 000000018003b930     BVHStructureBuilder.obj
 0003:00000940       ?minV4Error@_VecMathTests@aos@shdfnd@physx@@3T__m128@@B 000000018003b940     BVHStructureBuilder.obj
 0003:00000950       ?minV3Error@_VecMathTests@aos@shdfnd@physx@@3T__m128@@B 000000018003b950     BVHStructureBuilder.obj
 0003:00000960       ?maxFError@_VecMathTests@aos@shdfnd@physx@@3T__m128@@B 000000018003b960     BVHStructureBuilder.obj
 0003:00000970       ?maxV3Error@_VecMathTests@aos@shdfnd@physx@@3T__m128@@B 000000018003b970     RTreeCooking.obj
 0003:00000980       ?minFError@_VecMathTests@aos@shdfnd@physx@@3T__m128@@B 000000018003b980     RTreeCooking.obj
 0003:00000990       ?maxV4Error@_VecMathTests@aos@shdfnd@physx@@3T__m128@@B 000000018003b990     RTreeCooking.obj
 0003:000009a0       ?minV4Error@_VecMathTests@aos@shdfnd@physx@@3T__m128@@B 000000018003b9a0     RTreeCooking.obj
 0003:000009b0       ?minV3Error@_VecMathTests@aos@shdfnd@physx@@3T__m128@@B 000000018003b9b0     RTreeCooking.obj
 0003:000009c0       ?maxFError@_VecMathTests@aos@shdfnd@physx@@3T__m128@@B 000000018003b9c0     RTreeCooking.obj
 0003:000009d0       ?maxV3Error@_VecMathTests@aos@shdfnd@physx@@3T__m128@@B 000000018003b9d0     MeshBuilder.obj
 0003:000009e0       ?minFError@_VecMathTests@aos@shdfnd@physx@@3T__m128@@B 000000018003b9e0     MeshBuilder.obj
 0003:000009f0       ?maxV4Error@_VecMathTests@aos@shdfnd@physx@@3T__m128@@B 000000018003b9f0     MeshBuilder.obj
 0003:00000a00       ?minV4Error@_VecMathTests@aos@shdfnd@physx@@3T__m128@@B 000000018003ba00     MeshBuilder.obj
 0003:00000a10       ?minV3Error@_VecMathTests@aos@shdfnd@physx@@3T__m128@@B 000000018003ba10     MeshBuilder.obj
 0003:00000a20       ?maxFError@_VecMathTests@aos@shdfnd@physx@@3T__m128@@B 000000018003ba20     MeshBuilder.obj
 0003:00000a30       ?maxV3Error@_VecMathTests@aos@shdfnd@physx@@3T__m128@@B 000000018003ba30     TriangleMeshBuilder.obj
 0003:00000a40       ?minFError@_VecMathTests@aos@shdfnd@physx@@3T__m128@@B 000000018003ba40     TriangleMeshBuilder.obj
 0003:00000a50       ?maxV4Error@_VecMathTests@aos@shdfnd@physx@@3T__m128@@B 000000018003ba50     TriangleMeshBuilder.obj
 0003:00000a60       ?minV4Error@_VecMathTests@aos@shdfnd@physx@@3T__m128@@B 000000018003ba60     TriangleMeshBuilder.obj
 0003:00000a70       ?minV3Error@_VecMathTests@aos@shdfnd@physx@@3T__m128@@B 000000018003ba70     TriangleMeshBuilder.obj
 0003:00000a80       ?maxFError@_VecMathTests@aos@shdfnd@physx@@3T__m128@@B 000000018003ba80     TriangleMeshBuilder.obj
 0003:00000a90       ?maxV3Error@_VecMathTests@aos@shdfnd@physx@@3T__m128@@B 000000018003ba90     BigConvexDataBuilder.obj
 0003:00000aa0       ?minFError@_VecMathTests@aos@shdfnd@physx@@3T__m128@@B 000000018003baa0     BigConvexDataBuilder.obj
 0003:00000ab0       ?maxV4Error@_VecMathTests@aos@shdfnd@physx@@3T__m128@@B 000000018003bab0     BigConvexDataBuilder.obj
 0003:00000ac0       ?minV4Error@_VecMathTests@aos@shdfnd@physx@@3T__m128@@B 000000018003bac0     BigConvexDataBuilder.obj
 0003:00000ad0       ?minV3Error@_VecMathTests@aos@shdfnd@physx@@3T__m128@@B 000000018003bad0     BigConvexDataBuilder.obj
 0003:00000ae0       ?maxFError@_VecMathTests@aos@shdfnd@physx@@3T__m128@@B 000000018003bae0     BigConvexDataBuilder.obj
 0003:00000af0       ?maxV3Error@_VecMathTests@aos@shdfnd@physx@@3T__m128@@B 000000018003baf0     ConvexHullBuilder.obj
 0003:00000b00       ?minFError@_VecMathTests@aos@shdfnd@physx@@3T__m128@@B 000000018003bb00     ConvexHullBuilder.obj
 0003:00000b10       ?maxV4Error@_VecMathTests@aos@shdfnd@physx@@3T__m128@@B 000000018003bb10     ConvexHullBuilder.obj
 0003:00000b20       ?minV4Error@_VecMathTests@aos@shdfnd@physx@@3T__m128@@B 000000018003bb20     ConvexHullBuilder.obj
 0003:00000b30       ?minV3Error@_VecMathTests@aos@shdfnd@physx@@3T__m128@@B 000000018003bb30     ConvexHullBuilder.obj
 0003:00000b40       ?maxFError@_VecMathTests@aos@shdfnd@physx@@3T__m128@@B 000000018003bb40     ConvexHullBuilder.obj
 0003:00000b50       ?maxV3Error@_VecMathTests@aos@shdfnd@physx@@3T__m128@@B 000000018003bb50     ConvexHullUtils.obj
 0003:00000b60       ?minFError@_VecMathTests@aos@shdfnd@physx@@3T__m128@@B 000000018003bb60     ConvexHullUtils.obj
 0003:00000b70       ?maxV4Error@_VecMathTests@aos@shdfnd@physx@@3T__m128@@B 000000018003bb70     ConvexHullUtils.obj
 0003:00000b80       ?minV4Error@_VecMathTests@aos@shdfnd@physx@@3T__m128@@B 000000018003bb80     ConvexHullUtils.obj
 0003:00000b90       ?minV3Error@_VecMathTests@aos@shdfnd@physx@@3T__m128@@B 000000018003bb90     ConvexHullUtils.obj
 0003:00000ba0       ?maxFError@_VecMathTests@aos@shdfnd@physx@@3T__m128@@B 000000018003bba0     ConvexHullUtils.obj
 0003:00000bb0       ?maxV3Error@_VecMathTests@aos@shdfnd@physx@@3T__m128@@B 000000018003bbb0     ConvexMeshBuilder.obj
 0003:00000bc0       ?minFError@_VecMathTests@aos@shdfnd@physx@@3T__m128@@B 000000018003bbc0     ConvexMeshBuilder.obj
 0003:00000bd0       ?maxV4Error@_VecMathTests@aos@shdfnd@physx@@3T__m128@@B 000000018003bbd0     ConvexMeshBuilder.obj
 0003:00000be0       ?minV4Error@_VecMathTests@aos@shdfnd@physx@@3T__m128@@B 000000018003bbe0     ConvexMeshBuilder.obj
 0003:00000bf0       ?minV3Error@_VecMathTests@aos@shdfnd@physx@@3T__m128@@B 000000018003bbf0     ConvexMeshBuilder.obj
 0003:00000c00       ?maxFError@_VecMathTests@aos@shdfnd@physx@@3T__m128@@B 000000018003bc00     ConvexMeshBuilder.obj
 0003:00000c10       ?maxV3Error@_VecMathTests@aos@shdfnd@physx@@3T__m128@@B 000000018003bc10     VolumeIntegration.obj
 0003:00000c20       ?minFError@_VecMathTests@aos@shdfnd@physx@@3T__m128@@B 000000018003bc20     VolumeIntegration.obj
 0003:00000c30       ?maxV4Error@_VecMathTests@aos@shdfnd@physx@@3T__m128@@B 000000018003bc30     VolumeIntegration.obj
 0003:00000c40       ?minV4Error@_VecMathTests@aos@shdfnd@physx@@3T__m128@@B 000000018003bc40     VolumeIntegration.obj
 0003:00000c50       ?minV3Error@_VecMathTests@aos@shdfnd@physx@@3T__m128@@B 000000018003bc50     VolumeIntegration.obj
 0003:00000c60       ?maxFError@_VecMathTests@aos@shdfnd@physx@@3T__m128@@B 000000018003bc60     VolumeIntegration.obj
 0003:00000c70       ?gDelayLoadHook@@3PEBVPxDelayLoadHook@physx@@EB 000000018003bc70     WindowsCookingDelayLoadHook.obj
 0003:00000cd0       ?__proc_attached@@3HA      000000018003bcd0     MSVCRT:dll_dllmain.obj
 0003:00000d08       ?is_initialized_as_dll@@3_NA 000000018003bd08     MSVCRT:utility.obj
 0003:00000d09       ?module_local_atexit_table_initialized@@3_NA 000000018003bd09     MSVCRT:utility.obj
 0003:00000d10       ?module_local_atexit_table@@3U_onexit_table_t@@A 000000018003bd10     MSVCRT:utility.obj
 0003:00000d28       ?module_local_at_quick_exit_table@@3U_onexit_table_t@@A 000000018003bd28     MSVCRT:utility.obj
 0005:00000000       _2il0floatpacket$19        000000018003f000     MSVCRT:svml_ssinf4_sse2.obj
 0005:00002200       _vmlsSinHATab              0000000180041200     MSVCRT:svml_s_sin_cout.obj
 0006:000000a0       $R000000                   00000001800420a0     PhysXCooking.res
 0006:000003d0       $R000330                   00000001800423d0     PhysXCooking.res
